Component: ARM Compiler 5.06 update 5 (build 528) Tool: armlink [4d35e2]

==============================================================================

Section Cross References

    startup_stm32f10x_hd.o(RESET) refers to startup_stm32f10x_hd.o(STACK) for __initial_sp
    startup_stm32f10x_hd.o(RESET) refers to startup_stm32f10x_hd.o(.text) for Reset_Handler
    startup_stm32f10x_hd.o(RESET) refers to key.o(.text) for EXTI4_IRQHandler
    startup_stm32f10x_hd.o(RESET) refers to mpu_int.o(.text) for EXTI9_5_IRQHandler
    startup_stm32f10x_hd.o(RESET) refers to time.o(.text) for TIM2_IRQHandler
    startup_stm32f10x_hd.o(RESET) refers to debug.o(.text) for USART1_IRQHandler
    startup_stm32f10x_hd.o(RESET) refers to voice.o(.text) for USART2_IRQHandler
    startup_stm32f10x_hd.o(RESET) refers to bluetooth.o(.text) for USART3_IRQHandler
    startup_stm32f10x_hd.o(.text) refers to system_stm32f10x.o(.text) for SystemInit
    startup_stm32f10x_hd.o(.text) refers to entry.o(.ARM.Collect$$$$00000000) for __main
    main.o(.text) refers to pbdata.o(.text) for uboot
    main.o(.text) refers to ui.o(.text) for UI
    encoder.o(.text) refers to stm32f10x_rcc.o(.text) for RCC_APB2PeriphClockCmd
    encoder.o(.text) refers to stm32f10x_gpio.o(.text) for GPIO_Init
    encoder.o(.text) refers to stm32f10x_tim.o(.text) for TIM_ICStructInit
    key.o(.text) refers to stm32f10x_rcc.o(.text) for RCC_APB2PeriphClockCmd
    key.o(.text) refers to stm32f10x_gpio.o(.text) for GPIO_Init
    key.o(.text) refers to stm32f10x_exti.o(.text) for EXTI_ClearITPendingBit
    key.o(.text) refers to misc.o(.text) for NVIC_PriorityGroupConfig
    key.o(.text) refers to pbdata.o(.text) for delay_ms
    led.o(.text) refers to stm32f10x_rcc.o(.text) for RCC_APB2PeriphClockCmd
    led.o(.text) refers to stm32f10x_gpio.o(.text) for GPIO_Init
    moto.o(.text) refers to encoder.o(.text) for Encoder_Value
    moto.o(.text) refers to inv_mpu.o(.text) for mpu_dmp_get_data
    moto.o(.text) refers to mpu6050.o(.text) for MPU_Get_Gyroscope
    moto.o(.text) refers to fflti.o(.text) for __aeabi_i2f
    moto.o(.text) refers to fmul.o(.text) for __aeabi_fmul
    moto.o(.text) refers to fadd.o(.text) for __aeabi_fadd
    moto.o(.text) refers to ffixi.o(.text) for __aeabi_f2iz
    moto.o(.text) refers to stm32f10x_tim.o(.text) for TIM_SetCompare1
    moto.o(.text) refers to dflti.o(.text) for __aeabi_i2d
    moto.o(.text) refers to dmul.o(.text) for __aeabi_dmul
    moto.o(.text) refers to dfixi.o(.text) for __aeabi_d2iz
    moto.o(.text) refers to dadd.o(.text) for __aeabi_dadd
    moto.o(.text) refers to moto.o(.data) for bianma1
    moto.o(.text) refers to moto.o(.bss) for speed_bga1
    moto.o(.text) refers to cfrcmple.o(.text) for __aeabi_cfrcmple
    moto.o(.text) refers to cfcmple.o(.text) for __aeabi_cfcmple
    mpu6050.o(.text) refers to mpuiic.o(.text) for MPU_IIC_Start
    mpu6050.o(.text) refers to pbdata.o(.text) for delay_ms
    mpu6050.o(.text) refers to dflti.o(.text) for __aeabi_i2d
    mpu6050.o(.text) refers to ddiv.o(.text) for __aeabi_ddiv
    mpu6050.o(.text) refers to dadd.o(.text) for __aeabi_dadd
    mpu6050.o(.text) refers to d2f.o(.text) for __aeabi_d2f
    mpu6050.o(.text) refers to fmul.o(.text) for __aeabi_fmul
    mpu6050.o(.text) refers to ffixi.o(.text) for __aeabi_f2iz
    mpuiic.o(.text) refers to stm32f10x_rcc.o(.text) for RCC_APB2PeriphClockCmd
    mpuiic.o(.text) refers to stm32f10x_gpio.o(.text) for GPIO_Init
    inv_mpu.o(.text) refers to mpu6050.o(.text) for MPU_Write_Len
    inv_mpu.o(.text) refers to printf8.o(i.__0printf$8) for __2printf
    inv_mpu.o(.text) refers to pbdata.o(.text) for delay_ms
    inv_mpu.o(.text) refers to inv_mpu.o(.data) for st
    inv_mpu.o(.text) refers to ffltui.o(.text) for __aeabi_ui2f
    inv_mpu.o(.text) refers to fflti.o(.text) for __aeabi_i2f
    inv_mpu.o(.text) refers to fadd.o(.text) for __aeabi_fsub
    inv_mpu.o(.text) refers to fdiv.o(.text) for __aeabi_fdiv
    inv_mpu.o(.text) refers to fmul.o(.text) for __aeabi_fmul
    inv_mpu.o(.text) refers to ffixi.o(.text) for __aeabi_f2iz
    inv_mpu.o(.text) refers to inv_mpu.o(.conststring) for .conststring
    inv_mpu.o(.text) refers to cfcmple.o(.text) for __aeabi_cfcmpeq
    inv_mpu.o(.text) refers to cfrcmple.o(.text) for __aeabi_cfrcmple
    inv_mpu.o(.text) refers to inv_mpu.o(.constdata) for test
    inv_mpu.o(.text) refers to ldiv.o(.text) for __aeabi_ldivmod
    inv_mpu.o(.text) refers to memcmp.o(.text) for memcmp
    inv_mpu.o(.text) refers to inv_mpu_dmp_motion_driver.o(.text) for dmp_set_gyro_bias
    inv_mpu.o(.text) refers to mpuiic.o(.text) for MPU_IIC_Init
    inv_mpu.o(.text) refers to f2d.o(.text) for __aeabi_f2d
    inv_mpu.o(.text) refers to asin.o(i.asin) for asin
    inv_mpu.o(.text) refers to dmul.o(.text) for __aeabi_dmul
    inv_mpu.o(.text) refers to d2f.o(.text) for __aeabi_d2f
    inv_mpu.o(.text) refers to atan2.o(i.atan2) for atan2
    inv_mpu.o(.data) refers to inv_mpu.o(.constdata) for reg
[...]
    .data                                    0x20000116   Section        6  ui.o(.data)
    .data                                    0x2000011c   Section       20  stm32f10x_rcc.o(.data)
    APBAHBPrescTable                         0x2000011c   Data          16  stm32f10x_rcc.o(.data)
    ADCPrescTable                            0x2000012c   Data           4  stm32f10x_rcc.o(.data)
    .data                                    0x20000130   Section       20  system_stm32f10x.o(.data)
    .data                                    0x20000144   Section        4  stdout.o(.data)
    .data                                    0x20000148   Section        4  errno.o(.data)
    _errno                                   0x20000148   Data           4  errno.o(.data)
    .bss                                     0x2000014c   Section       80  moto.o(.bss)
    .bss                                     0x2000019c   Section       16  inv_mpu_dmp_motion_driver.o(.bss)
    dmp                                      0x2000019c   Data          16  inv_mpu_dmp_motion_driver.o(.bss)
    .bss                                     0x200001ac   Section      108  pid.o(.bss)
    .bss                                     0x20000218   Section      264  debug.o(.bss)
    STACK                                    0x20000320   Section     1024  startup_stm32f10x_hd.o(STACK)

    Global Symbols

    Symbol Name                              Value     Ov Type        Size  Object(Section)

    BuildAttributes$$THM_ISAv4$P$D$K$B$S$PE$A:L22UL41UL21$X:L11$S22US41US21$IEEE1$IW$USESV6$~STKCKD$USESV7$~SHL$OTIME$ROPI$IEEEX$EBA8$MICROLIB$REQ8$PRES8$EABIv2 0x00000000   Number         0  anon$$obj.o ABSOLUTE
    __ARM_use_no_argv                        0x00000000   Number         0  main.o ABSOLUTE
    _printf_a                                0x00000000   Number         0  stubs.o ABSOLUTE
    _printf_c                                0x00000000   Number         0  stubs.o ABSOLUTE
    _printf_charcount                        0x00000000   Number         0  stubs.o ABSOLUTE
    _printf_d                                0x00000000   Number         0  stubs.o ABSOLUTE
    _printf_e                                0x00000000   Number         0  stubs.o ABSOLUTE
    _printf_f                                0x00000000   Number         0  stubs.o ABSOLUTE
    _printf_flags                            0x00000000   Number         0  stubs.o ABSOLUTE
    _printf_fp_dec                           0x00000000   Number         0  stubs.o ABSOLUTE
    _printf_fp_hex                           0x00000000   Number         0  stubs.o ABSOLUTE
    _printf_g                                0x00000000   Number         0  stubs.o ABSOLUTE
    _printf_i                                0x00000000   Number         0  stubs.o ABSOLUTE
    _printf_int_dec                          0x00000000   Number         0  stubs.o ABSOLUTE
    _printf_l                                0x00000000   Number         0  stubs.o ABSOLUTE
    _printf_lc                               0x00000000   Number         0  stubs.o ABSOLUTE
    _printf_ll                               0x00000000   Number         0  stubs.o ABSOLUTE
    _printf_lld                              0x00000000   Number         0  stubs.o ABSOLUTE
    _printf_lli                              0x00000000   Number         0  stubs.o ABSOLUTE
    _printf_llo                              0x00000000   Number         0  stubs.o ABSOLUTE
    _printf_llu                              0x00000000   Number         0  stubs.o ABSOLUTE
    _printf_llx                              0x00000000   Number         0  stubs.o ABSOLUTE
    _printf_longlong_dec                     0x00000000   Number         0  stubs.o ABSOLUTE
    _printf_longlong_hex                     0x00000000   Number         0  stubs.o ABSOLUTE
    _printf_longlong_oct                     0x00000000   Number         0  stubs.o ABSOLUTE
    _printf_ls                               0x00000000   Number         0  stubs.o ABSOLUTE
    _printf_mbtowc                           0x00000000   Number         0  stubs.o ABSOLUTE
    _printf_n                                0x00000000   Number         0  stubs.o ABSOLUTE
    _printf_o                                0x00000000   Number         0  stubs.o ABSOLUTE
    _printf_p                                0x00000000   Number         0  stubs.o ABSOLUTE
    _printf_percent                          0x00000000   Number         0  stubs.o ABSOLUTE
    _printf_pre_padding                      0x00000000   Number         0  stubs.o ABSOLUTE
    _printf_return_value                     0x00000000   Number         0  stubs.o ABSOLUTE
    _printf_s                                0x00000000   Number         0  stubs.o ABSOLUTE
    _printf_sizespec                         0x00000000   Number         0  stubs.o ABSOLUTE
    _printf_str                              0x00000000   Number         0  stubs.o ABSOLUTE
    _printf_truncate_signed                  0x00000000   Number         0  stubs.o ABSOLUTE
    _printf_truncate_unsigned                0x00000000   Number         0  stubs.o ABSOLUTE
    _printf_u                                0x00000000   Number         0  stubs.o ABSOLUTE
    _printf_wc                               0x00000000   Number         0  stubs.o ABSOLUTE
    _printf_wctomb                           0x00000000   Number         0  stubs.o ABSOLUTE
    _printf_widthprec                        0x00000000   Number         0  stubs.o ABSOLUTE
    _printf_x                                0x00000000   Number         0  stubs.o ABSOLUTE
    __cpp_initialize__aeabi_                  - Undefined Weak Reference
    __cxa_finalize                            - Undefined Weak Reference
    _clock_init                               - Undefined Weak Reference
    _microlib_exit                            - Undefined Weak Reference
    __Vectors_Size                           0x00000130   Number         0  startup_stm32f10x_hd.o ABSOLUTE
    __Vectors                                0x08000000   Data           4  startup_stm32f10x_hd.o(RESET)
    __Vectors_End                            0x08000130   Data           0  startup_stm32f10x_hd.o(RESET)
    __main                                   0x08000131   Thumb Code     0  entry.o(.ARM.Collect$$$$00000000)
    _main_stk                                0x08000131   Thumb Code     0  entry2.o(.ARM.Collect$$$$00000001)
    _main_scatterload                        0x08000135   Thumb Code     0  entry5.o(.ARM.Collect$$$$00000004)
    __main_after_scatterload                 0x08000139   Thumb Code     0  entry5.o(.ARM.Collect$$$$00000004)
    _main_clock                              0x08000139   Thumb Code     0  entry7b.o(.ARM.Collect$$$$00000008)
    _main_cpp_init                           0x08000139   Thumb Code     0  entry8b.o(.ARM.Collect$$$$0000000A)
    _main_init                               0x08000139   Thumb Code     0  entry9a.o(.ARM.Collect$$$$0000000B)
    __rt_final_cpp                           0x08000141   Thumb Code     0  entry10a.o(.ARM.Collect$$$$0000000D)
    __rt_final_exit                          0x08000141   Thumb Code     0  entry11a.o(.ARM.Collect$$$$0000000F)
    Reset_Handler                            0x08000145   Thumb Code     8  startup_stm32f10x_hd.o(.text)
    NMI_Handler                              0x0800014d   Thumb Code     2  startup_stm32f10x_hd.o(.text)
    HardFault_Handler                        0x0800014f   Thumb Code     2  startup_stm32f10x_hd.o(.text)
    MemManage_Handler                        0x08000151   Thumb Code     2  startup_stm32f10x_hd.o(.text)
    BusFault_Handler                         0x08000153   Thumb Code     2  startup_stm32f10x_hd.o(.text)
    UsageFault_Handler                       0x08000155   Thumb Code     2  startup_stm32f10x_hd.o(.text)
    SVC_Handler                              0x08000157   Thumb Code     2  startup_stm32f10x_hd.o(.text)
    DebugMon_Handler                         0x08000159   Thumb Code     2  startup_stm32f10x_hd.o(.text)
    PendSV_Handler                           0x0800015b   Thumb Code     2  startup_stm32f10x_hd.o(.text)
    SysTick_Handler                          0x0800015d   Thumb Code     2  startup_stm32f10x_hd.o(.text)
    ADC1_2_IRQHandler                        0x0800015f   Thumb Code     0  startup_stm32f10x_hd.o(.text)
    ADC3_IRQHandler                          0x0800015f   Thumb Code     0  startup_stm32f10x_hd.o(.text)
    CAN1_RX1_IRQHandler                      0x0800015f   Thumb Code     0  startup_stm32f10x_hd.o(.text)
    CAN1_SCE_IRQHandler                      0x0800015f   Thumb Code     0  startup_stm32f10x_hd.o(.text)
    DMA1_Channel1_IRQHandler                 0x0800015f   Thumb Code     0  startup_stm32f10x_hd.o(.text)
    DMA1_Channel2_IRQHandler                 0x0800015f   Thumb Code     0  startup_stm32f10x_hd.o(.text)
    DMA1_Channel3_IRQHandler                 0x0800015f   Thumb Code     0  startup_stm32f10x_hd.o(.text)
    DMA1_Channel4_IRQHandler                 0x0800015f   Thumb Code     0  startup_stm32f10x_hd.o(.text)
    DMA1_Channel5_IRQHandler                 0x0800015f   Thumb Code     0  startup_stm32f10x_hd.o(.text)
    DMA1_Channel6_IRQHandler                 0x0800015f   Thumb Code     0  startup_stm32f10x_hd.o(.text)
    DMA1_Channel7_IRQHandler                 0x0800015f   Thumb Code     0  startup_stm32f10x_hd.o(.text)
    DMA2_Channel1_IRQHandler                 0x0800015f   Thumb Code     0  startup_stm32f10x_hd.o(.text)
    DMA2_Channel2_IRQHandler                 0x0800015f   Thumb Code     0  startup_stm32f10x_hd.o(.text)
    DMA2_Channel3_IRQHandler                 0x0800015f   Thumb Code     0  startup_stm32f10x_hd.o(.text)
    DMA2_Channel4_5_IRQHandler               0x0800015f   Thumb Code     0  startup_stm32f10x_hd.o(.text)
    EXTI0_IRQHandler                         0x0800015f   Thumb Code     0  startup_stm32f10x_hd.o(.text)
    EXTI15_10_IRQHandler                     0x0800015f   Thumb Code     0  startup_stm32f10x_hd.o(.text)
    EXTI1_IRQHandler                         0x0800015f   Thumb Code     0  startup_stm32f10x_hd.o(.text)
    EXTI2_IRQHandler                         0x0800015f   Thumb Code     0  startup_stm32f10x_hd.o(.text)
    EXTI3_IRQHandler                         0x0800015f   Thumb Code     0  startup_stm32f10x_hd.o(.text)
    FLASH_IRQHandler                         0x0800015f   Thumb Code     0  startup_stm32f10x_hd.o(.text)
    FSMC_IRQHandler                          0x0800015f   Thumb Code     0  startup_stm32f10x_hd.o(.text)
    I2C1_ER_IRQHandler                       0x0800015f   Thumb Code     0  startup_stm32f10x_hd.o(.text)
    I2C1_EV_IRQHandler                       0x0800015f   Thumb Code     0  startup_stm32f10x_hd.o(.text)
    I2C2_ER_IRQHandler                       0x0800015f   Thumb Code     0  startup_stm32f10x_hd.o(.text)
    I2C2_EV_IRQHandler                       0x0800015f   Thumb Code     0  startup_stm32f10x_hd.o(.text)
    PVD_IRQHandler                           0x0800015f   Thumb Code     0  startup_stm32f10x_hd.o(.text)
    RCC_IRQHandler                           0x0800015f   Thumb Code     0  startup_stm32f10x_hd.o(.text)
    RTCAlarm_IRQHandler                      0x0800015f   Thumb Code     0  startup_stm32f10x_hd.o(.text)
    RTC_IRQHandler                           0x0800015f   Thumb Code     0  startup_stm32f10x_hd.o(.text)
    SDIO_IRQHandler                          0x0800015f   Thumb Code     0  startup_stm32f10x_hd.o(.text)
    SPI1_IRQHandler                          0x0800015f   Thumb Code     0  startup_stm32f10x_hd.o(.text)
    SPI2_IRQHandler                          0x0800015f   Thumb Code     0  startup_stm32f10x_hd.o(.text)
    SPI3_IRQHandler                          0x0800015f   Thumb Code     0  startup_stm32f10x_hd.o(.text)
    TAMPER_IRQHandler                        0x0800015f   Thumb Code     0  startup_stm32f10x_hd.o(.text)
    TIM1_BRK_IRQHandler                      0x0800015f   Thumb Code     0  startup_stm32f10x_hd.o(.text)
    TIM1_CC_IRQHandler                       0x0800015f   Thumb Code     0  startup_stm32f10x_hd.o(.text)
    TIM1_TRG_COM_IRQHandler                  0x0800015f   Thumb Code     0  startup_stm32f10x_hd.o(.text)
    TIM1_UP_IRQHandler                       0x0800015f   Thumb Code     0  startup_stm32f10x_hd.o(.text)
    TIM3_IRQHandler                          0x0800015f   Thumb Code     0  startup_stm32f10x_hd.o(.text)
    TIM4_IRQHandler                          0x0800015f   Thumb Code     0  startup_stm32f10x_hd.o(.text)
    TIM5_IRQHandler                          0x0800015f   Thumb Code     0  startup_stm32f10x_hd.o(.text)
    TIM6_IRQHandler                          0x0800015f   Thumb Code     0  startup_stm32f10x_hd.o(.text)
    TIM8_BRK_IRQHandler                      0x0800015f   Thumb Code     0  startup_stm32f10x_hd.o(.text)
    TIM8_CC_IRQHandler                       0x0800015f   Thumb Code     0  startup_stm32f10x_hd.o(.text)
    TIM8_TRG_COM_IRQHandler                  0x0800015f   Thumb Code     0  startup_stm32f10x_hd.o(.text)
    TIM8_UP_IRQHandler                       0x0800015f   Thumb Code     0  startup_stm32f10x_hd.o(.text)
    UART4_IRQHandler                         0x0800015f   Thumb Code     0  startup_stm32f10x_hd.o(.text)
    UART5_IRQHandler                         0x0800015f   Thumb Code     0  startup_stm32f10x_hd.o(.text)
    USBWakeUp_IRQHandler                     0x0800015f   Thumb Code     0  startup_stm32f10x_hd.o(.text)
    USB_HP_CAN1_TX_IRQHandler                0x0800015f   Thumb Code     0  startup_stm32f10x_hd.o(.text)
    USB_LP_CAN1_RX0_IRQHandler               0x0800015f   Thumb Code     0  startup_stm32f10x_hd.o(.text)
    WWDG_IRQHandler                          0x0800015f   Thumb Code     0  startup_stm32f10x_hd.o(.text)
    main                                     0x08000169   Thumb Code    16  main.o(.text)
    Encoder_Count_RCC                        0x08000179   Thumb Code    36  encoder.o(.text)
    Encoder_Count_GPIO                       0x0800019d   Thumb Code    54  encoder.o(.text)
    Encoder_Count_Configuration              0x080001d3   Thumb Code   228  encoder.o(.text)
    Encoder_Count_Init                       0x080002b7   Thumb Code    16  encoder.o(.text)
    Encoder_Value                            0x080002c7   Thumb Code    22  encoder.o(.text)
    Encoder_Count_Clear                      0x080002dd   Thumb Code     6  encoder.o(.text)
    KEY_RCC_Init                             0x080002f5   Thumb Code    20  key.o(.text)
    KEY_GPIO_Init                            0x08000309   Thumb Code    50  key.o(.text)
    KEY_EINT_Init                            0x0800033b   Thumb Code    46  key.o(.text)
    KEY_NVIC_Init                            0x08000369   Thumb Code    42  key.o(.text)
    KEY_Init                                 0x08000393   Thumb Code    20  key.o(.text)
    EXTI4_IRQHandler                         0x080003a7   Thumb Code    34  key.o(.text)
    LED_RCC_Init                             0x080003cd   Thumb Code    12  led.o(.text)
    LED_GPIO_Init                            0x080003d9   Thumb Code    38  led.o(.text)
    LED_Init                                 0x080003ff   Thumb Code    12  led.o(.text)
    Encoder_Count_read                       0x08000411   Thumb Code    26  moto.o(.text)
    MPU6050_Data_read                        0x0800042b   Thumb Code    28  moto.o(.text)
    Moto_Speed_Read                          0x08000447   Thumb Code    72  moto.o(.text)
    Speed1_Read                              0x0800048f   Thumb Code   248  moto.o(.text)
    Speed2_Read                              0x08000587   Thumb Code   250  moto.o(.text)
    my_abs                                   0x08000681   Thumb Code    14  moto.o(.text)
    Moto_Ctrl                                0x0800068f   Thumb Code   106  moto.o(.text)
    zhili                                    0x080006f9   Thumb Code    64  moto.o(.text)
    sudu                                     0x08000739   Thumb Code   418  moto.o(.text)
    zhuan                                    0x080008db   Thumb Code    72  moto.o(.text)
    Smart_Car_Task                           0x08000923   Thumb Code   240  moto.o(.text)
    MPU_Write_Byte                           0x08000a5d   Thumb Code    68  mpu6050.o(.text)
    MPU_Set_LPF                              0x08000aa1   Thumb Code    58  mpu6050.o(.text)
    MPU_Set_Rate                             0x08000adb   Thumb Code    58  mpu6050.o(.text)
    MPU_Read_Byte                            0x08000b15   Thumb Code    58  mpu6050.o(.text)
    MPU_Set_Accel_Fsr                        0x08000b4f   Thumb Code    16  mpu6050.o(.text)
    MPU_Set_Gyro_Fsr                         0x08000b5f   Thumb Code    16  mpu6050.o(.text)
    MPU_Init                                 0x08000b6f   Thumb Code   122  mpu6050.o(.text)
    MPU_Read_Len                             0x08000be9   Thumb Code   116  mpu6050.o(.text)
    MPU_Get_Temperature                      0x08000c5d   Thumb Code    86  mpu6050.o(.text)
    MPU_Get_Gyroscope                        0x08000cb3   Thumb Code    80  mpu6050.o(.text)
    MPU_Get_Accelerometer                    0x08000d03   Thumb Code    80  mpu6050.o(.text)
    MPU_Write_Len                            0x08000d53   Thumb Code    96  mpu6050.o(.text)
    MPU_IIC_Delay                            0x08000dc5   Thumb Code    14  mpuiic.o(.text)
    MPU_IIC_Init                             0x08000dd3   Thumb Code    50  mpuiic.o(.text)
    MPU_IIC_Start                            0x08000e05   Thumb Code    60  mpuiic.o(.text)
    MPU_IIC_Stop                             0x08000e41   Thumb Code    62  mpuiic.o(.text)
    MPU_IIC_Wait_Ack                         0x08000e7f   Thumb Code    86  mpuiic.o(.text)
    MPU_IIC_Ack                              0x08000ed5   Thumb Code    66  mpuiic.o(.text)
    MPU_IIC_NAck                             0x08000f17   Thumb Code    66  mpuiic.o(.text)
    MPU_IIC_Send_Byte                        0x08000f59   Thumb Code    82  mpuiic.o(.text)
    MPU_IIC_Read_Byte                        0x08000fab   Thumb Code    96  mpuiic.o(.text)
    mpu_reg_dump                             0x080010a3   Thumb Code    84  inv_mpu.o(.text)
    mpu_read_reg                             0x080010f7   Thumb Code    66  inv_mpu.o(.text)
    mpu_set_int_latched                      0x08001139   Thumb Code   102  inv_mpu.o(.text)
    mpu_set_sensors                          0x0800119f   Thumb Code   202  inv_mpu.o(.text)
    mpu_set_bypass                           0x08001269   Thumb Code   328  inv_mpu.o(.text)
    mpu_reset_fifo                           0x080013b1   Thumb Code   472  inv_mpu.o(.text)
    mpu_configure_fifo                       0x08001589   Thumb Code   106  inv_mpu.o(.text)
    mpu_set_lpf                              0x080015f3   Thumb Code   126  inv_mpu.o(.text)
    mpu_lp_accel_mode                        0x08001671   Thumb Code   218  inv_mpu.o(.text)
    mpu_set_sample_rate                      0x0800174b   Thumb Code   152  inv_mpu.o(.text)
    mpu_set_accel_fsr                        0x080017e3   Thumb Code   132  inv_mpu.o(.text)
    mpu_set_gyro_fsr                         0x08001867   Thumb Code   132  inv_mpu.o(.text)
    mpu_init                                 0x080018eb   Thumb Code   416  inv_mpu.o(.text)
    mget_ms                                  0x08001a8b   Thumb Code     2  inv_mpu.o(.text)
    mpu_get_gyro_reg                         0x08001a8d   Thumb Code   110  inv_mpu.o(.text)
    mpu_get_accel_reg                        0x08001afb   Thumb Code   110  inv_mpu.o(.text)
    mpu_get_temperature                      0x08001b69   Thumb Code   150  inv_mpu.o(.text)
    mpu_set_accel_bias                       0x08001bff   Thumb Code   468  inv_mpu.o(.text)
    mpu_get_gyro_fsr                         0x08001dd3   Thumb Code    64  inv_mpu.o(.text)
    mpu_get_accel_fsr                        0x08001e13   Thumb Code    72  inv_mpu.o(.text)
    mpu_get_lpf                              0x08001e5b   Thumb Code    74  inv_mpu.o(.text)
    mpu_get_sample_rate                      0x08001ea5   Thumb Code    26  inv_mpu.o(.text)
    mpu_get_compass_sample_rate              0x08001ebf   Thumb Code    10  inv_mpu.o(.text)
    mpu_set_compass_sample_rate              0x08001ec9   Thumb Code     8  inv_mpu.o(.text)
    mpu_get_gyro_sens                        0x08001ed1   Thumb Code    58  inv_mpu.o(.text)
    mpu_get_accel_sens                       0x08001f0b   Thumb Code    78  inv_mpu.o(.text)
    mpu_get_fifo_config                      0x08001f59   Thumb Code    12  inv_mpu.o(.text)
    mpu_get_power_state                      0x08001f65   Thumb Code    22  inv_mpu.o(.text)
    mpu_get_int_status                       0x08001f7b   Thumb Code    64  inv_mpu.o(.text)
    mpu_read_fifo                            0x08001fbb   Thumb Code   520  inv_mpu.o(.text)
    mpu_read_fifo_stream                     0x080021c3   Thumb Code   186  inv_mpu.o(.text)
    mpu_set_int_level                        0x0800227d   Thumb Code    12  inv_mpu.o(.text)
    mpu_set_dmp_state                        0x0800295d   Thumb Code   138  inv_mpu.o(.text)
    mpu_run_self_test                        0x080029e7   Thumb Code   278  inv_mpu.o(.text)
    mpu_write_mem                            0x08002afd   Thumb Code   122  inv_mpu.o(.text)
    mpu_read_mem                             0x08002b77   Thumb Code   122  inv_mpu.o(.text)
    mpu_load_firmware                        0x08002bf1   Thumb Code   190  inv_mpu.o(.text)
    mpu_get_dmp_state                        0x08002caf   Thumb Code    14  inv_mpu.o(.text)
    setup_compass                            0x08002cbd   Thumb Code     6  inv_mpu.o(.text)
    mpu_get_compass_reg                      0x08002cc3   Thumb Code     8  inv_mpu.o(.text)
    mpu_get_compass_fsr                      0x08002ccb   Thumb Code     8  inv_mpu.o(.text)
    mpu_lp_motion_interrupt                  0x08002cd3   Thumb Code   512  inv_mpu.o(.text)
    run_self_test                            0x08002ed3   Thumb Code   152  inv_mpu.o(.text)
    inv_row_2_scale                          0x08002f6b   Thumb Code    78  inv_mpu.o(.text)
    inv_orientation_matrix_to_scalar         0x08002fb9   Thumb Code    40  inv_mpu.o(.text)
    mpu_dmp_init                             0x08002fe1   Thumb Code   142  inv_mpu.o(.text)
    mpu_dmp_get_data                         0x0800306f   Thumb Code   554  inv_mpu.o(.text)
    dmp_load_motion_driver_firmware          0x0800329d   Thumb Code    20  inv_mpu_dmp_motion_driver.o(.text)
    dmp_set_orientation                      0x080032b1   Thumb Code   290  inv_mpu_dmp_motion_driver.o(.text)
    dmp_set_gyro_bias                        0x080033d3   Thumb Code   294  inv_mpu_dmp_motion_driver.o(.text)
    dmp_set_accel_bias                       0x080034f9   Thumb Code   300  inv_mpu_dmp_motion_driver.o(.text)
    dmp_set_fifo_rate                        0x08003625   Thumb Code   136  inv_mpu_dmp_motion_driver.o(.text)
    dmp_get_fifo_rate                        0x080036ad   Thumb Code    12  inv_mpu_dmp_motion_driver.o(.text)
    dmp_set_tap_thresh                       0x080036b9   Thumb Code   396  inv_mpu_dmp_motion_driver.o(.text)
    dmp_set_tap_axes                         0x08003845   Thumb Code    70  inv_mpu_dmp_motion_driver.o(.text)
    dmp_set_tap_count                        0x0800388b   Thumb Code    38  inv_mpu_dmp_motion_driver.o(.text)
    dmp_set_tap_time                         0x080038b1   Thumb Code    38  inv_mpu_dmp_motion_driver.o(.text)
    dmp_set_tap_time_multi                   0x080038d7   Thumb Code    38  inv_mpu_dmp_motion_driver.o(.text)
    dmp_set_shake_reject_thresh              0x080038fd   Thumb Code    56  inv_mpu_dmp_motion_driver.o(.text)
    dmp_set_shake_reject_time                0x08003935   Thumb Code    38  inv_mpu_dmp_motion_driver.o(.text)
    dmp_set_shake_reject_timeout             0x0800395b   Thumb Code    38  inv_mpu_dmp_motion_driver.o(.text)
    dmp_get_pedometer_step_count             0x08003981   Thumb Code    66  inv_mpu_dmp_motion_driver.o(.text)
    dmp_set_pedometer_step_count             0x080039c3   Thumb Code    42  inv_mpu_dmp_motion_driver.o(.text)
    dmp_get_pedometer_walk_time              0x080039ed   Thumb Code    72  inv_mpu_dmp_motion_driver.o(.text)
    dmp_set_pedometer_walk_time              0x08003a35   Thumb Code    48  inv_mpu_dmp_motion_driver.o(.text)
    dmp_enable_6x_lp_quat                    0x08003a65   Thumb Code    84  inv_mpu_dmp_motion_driver.o(.text)
    dmp_enable_lp_quat                       0x08003ab9   Thumb Code    60  inv_mpu_dmp_motion_driver.o(.text)
    dmp_enable_gyro_cal                      0x08003af5   Thumb Code    62  inv_mpu_dmp_motion_driver.o(.text)
    dmp_enable_feature                       0x08003b33   Thumb Code   530  inv_mpu_dmp_motion_driver.o(.text)
    dmp_get_enabled_features                 0x08003d45   Thumb Code    12  inv_mpu_dmp_motion_driver.o(.text)
    dmp_set_interrupt_mode                   0x08003daf   Thumb Code    66  inv_mpu_dmp_motion_driver.o(.text)
    dmp_read_fifo                            0x08003df1   Thumb Code   514  inv_mpu_dmp_motion_driver.o(.text)
    dmp_register_tap_cb                      0x08003ff3   Thumb Code    10  inv_mpu_dmp_motion_driver.o(.text)
    dmp_register_android_orient_cb           0x08003ffd   Thumb Code    10  inv_mpu_dmp_motion_driver.o(.text)
    us                                       0x0800400d   Thumb Code    30  pbdata.o(.text)
    ms                                       0x0800402b   Thumb Code    32  pbdata.o(.text)
    delay_us                                 0x0800404b   Thumb Code    54  pbdata.o(.text)
    delay_ms                                 0x08004081   Thumb Code    56  pbdata.o(.text)
    JTAG_IO_Init                             0x080040b9   Thumb Code   104  pbdata.o(.text)
    uboot                                    0x08004121   Thumb Code   204  pbdata.o(.text)
    OS_Init                                  0x080041ed   Thumb Code   120  pbdata.o(.text)
    pid_init                                 0x080042d9   Thumb Code    94  pid.o(.text)
    increment_pid_ctrl                       0x08004337   Thumb Code   172  pid.o(.text)
    location_pid_ctrl                        0x080043e3   Thumb Code   146  pid.o(.text)
    integral_limit                           0x08004475   Thumb Code    36  pid.o(.text)
    PWM_RCC                                  0x080044bd   Thumb Code    28  pwm.o(.text)
    PWM_GPIO                                 0x080044d9   Thumb Code   108  pwm.o(.text)
    PWM_TIM3_Configuration                   0x08004545   Thumb Code   190  pwm.o(.text)
    TIM3_NVIC_Configuration                  0x08004603   Thumb Code    40  pwm.o(.text)
    PWM_Init                                 0x0800462b   Thumb Code    52  pwm.o(.text)
    TIM2_RCC_Configuration                   0x08004671   Thumb Code    12  time.o(.text)
    TIM7_RCC_Configuration                   0x0800467d   Thumb Code    12  time.o(.text)
    TIM2_Configuration                       0x08004689   Thumb Code    64  time.o(.text)
    TIM7_Configuration                       0x080046c9   Thumb Code    62  time.o(.text)
    TIM2_NVIC_Configuration                  0x08004707   Thumb Code    42  time.o(.text)
    TIM7_NVIC_Configuration                  0x08004731   Thumb Code    40  time.o(.text)
    time2_init                               0x08004759   Thumb Code    16  time.o(.text)
    time7_init                               0x08004769   Thumb Code    16  time.o(.text)
    TIM2_IRQHandler                          0x08004779   Thumb Code    52  time.o(.text)
    TIM7_IRQHandler                          0x080047ad   Thumb Code    56  time.o(.text)
    USART1_MSG_RCC_Configuration             0x080047f9   Thumb Code    28  debug.o(.text)
    USART1_MSG_GPIO_Configuration            0x08004815   Thumb Code    54  debug.o(.text)
    USART1_MSG_Configration                  0x0800484b   Thumb Code    70  debug.o(.text)
    USART1_MSG_NVIC_Configuration            0x08004891   Thumb Code    42  debug.o(.text)
    USART1_MSG_Init                          0x080048bb   Thumb Code    20  debug.o(.text)
    crc16_calc                               0x080048cf   Thumb Code    48  debug.o(.text)
    Msg_Send                                 0x080048ff   Thumb Code    44  debug.o(.text)
    debug_upload_data                        0x0800492b   Thumb Code  1314  debug.o(.text)
    debug_handle                             0x08004e4d   Thumb Code  1044  debug.o(.text)
    USART1_IRQHandler                        0x08005261   Thumb Code    46  debug.o(.text)
    debug_obj_init                           0x0800528f   Thumb Code    16  debug.o(.text)
    debug_init                               0x0800529f   Thumb Code    12  debug.o(.text)
    debug_set_point_range                    0x080052ab   Thumb Code   120  debug.o(.text)
    debug_send_initdata                      0x08005323   Thumb Code    82  debug.o(.text)
    debug_send_current                       0x08005375   Thumb Code    26  debug.o(.text)
    debug_send_valtage                       0x0800538f   Thumb Code    18  debug.o(.text)
    debug_send_power                         0x080053a1   Thumb Code    18  debug.o(.text)
    debug_send_speed                         0x080053b3   Thumb Code    30  debug.o(.text)
    debug_send_distance                      0x080053d1   Thumb Code    22  debug.o(.text)
    debug_send_temp                          0x080053e7   Thumb Code    22  debug.o(.text)
    debug_send_motorstate                    0x080053fd   Thumb Code    18  debug.o(.text)
    debug_send_motorcode                     0x0800540f   Thumb Code    20  debug.o(.text)
    debug_send_wave_data                     0x08005423   Thumb Code    58  debug.o(.text)
    debug_receive_pid                        0x0800545d   Thumb Code    56  debug.o(.text)
    debug_receive_ctrl_code                  0x08005495   Thumb Code    52  debug.o(.text)
    ADC_RCC                                  0x080054d5   Thumb Code    28  adc.o(.text)
    ADC_GPIO                                 0x080054f1   Thumb Code    24  adc.o(.text)
    ADC_Configuration                        0x08005509   Thumb Code   126  adc.o(.text)
    ADC_Check_Init                           0x08005587   Thumb Code    16  adc.o(.text)
    ADC_Check1                               0x08005597   Thumb Code   136  adc.o(.text)
    Temperature_check                        0x0800561f   Thumb Code   168  adc.o(.text)
    Bat_energy                               0x080056c7   Thumb Code    34  adc.o(.text)
    USART3_MSG_RCC_Configuration             0x08005735   Thumb Code    28  bluetooth.o(.text)
    USART3_MSG_GPIO_Configuration            0x08005751   Thumb Code    54  bluetooth.o(.text)
    USART3_MSG_Configration                  0x08005787   Thumb Code    70  bluetooth.o(.text)
    USART3_MSG_NVIC_Configuration            0x080057cd   Thumb Code    40  bluetooth.o(.text)
    USART3_MSG_Init                          0x080057f5   Thumb Code    20  bluetooth.o(.text)
    USART3_IRQHandler                        0x08005809   Thumb Code    86  bluetooth.o(.text)
    BT_Send                                  0x0800585f   Thumb Code    38  bluetooth.o(.text)
    Receive_BT_Data                          0x08005885   Thumb Code    78  bluetooth.o(.text)
    USART2_MSG_RCC_Configuration             0x080058f9   Thumb Code    28  voice.o(.text)
    USART2_MSG_GPIO_Configuration            0x08005915   Thumb Code    58  voice.o(.text)
    USART2_MSG_Configration                  0x0800594f   Thumb Code    70  voice.o(.text)
    USART2_MSG_NVIC_Configuration            0x08005995   Thumb Code    42  voice.o(.text)
    USART2_MSG_Init                          0x080059bf   Thumb Code    20  voice.o(.text)
    USART2_IRQHandler                        0x080059d3   Thumb Code    48  voice.o(.text)
    Voice_Strength                           0x08005a03   Thumb Code   144  voice.o(.text)
    Voice_File                               0x08005a93   Thumb Code   172  voice.o(.text)
    Voice_Start                              0x08005b3f   Thumb Code   114  voice.o(.text)
    Voice_Stop                               0x08005bb1   Thumb Code   114  voice.o(.text)
    Voice_Exit                               0x08005c23   Thumb Code   114  voice.o(.text)
    user_n_write                             0x08005c9d   Thumb Code    34  flash_data.o(.text)
    user_n_read                              0x08005cbf   Thumb Code     8  flash_data.o(.text)
    MPU_INT_RCC_Init                         0x08005ccd   Thumb Code    20  mpu_int.o(.text)
    MPU_INT_GPIO_Init                        0x08005ce1   Thumb Code    30  mpu_int.o(.text)
    MPU_INT_EINT_Init                        0x08005cff   Thumb Code    46  mpu_int.o(.text)
    MPU_INT_NVIC_Init                        0x08005d2d   Thumb Code    42  mpu_int.o(.text)
    MPU_INT_Init                             0x08005d57   Thumb Code    20  mpu_int.o(.text)
    EXTI9_5_IRQHandler                       0x08005d6b   Thumb Code    18  mpu_int.o(.text)
    WATCH_DOG_WWDG_Configuration             0x08005d81   Thumb Code    34  watch_dog.o(.text)
    WATCH_DOG_Init                           0x08005da3   Thumb Code     8  watch_dog.o(.text)
    Feed_dog                                 0x08005dab   Thumb Code     8  watch_dog.o(.text)
    MSG_Analyze_BT                           0x08005db5   Thumb Code   178  ui.o(.text)
    UI                                       0x08005e67   Thumb Code   186  ui.o(.text)
    GPIO_DeInit                              0x08005f51   Thumb Code   172  stm32f10x_gpio.o(.text)
    GPIO_AFIODeInit                          0x08005ffd   Thumb Code    20  stm32f10x_gpio.o(.text)
    GPIO_Init                                0x08006011   Thumb Code   278  stm32f10x_gpio.o(.text)
    GPIO_StructInit                          0x08006127   Thumb Code    16  stm32f10x_gpio.o(.text)
    GPIO_ReadInputDataBit                    0x08006137   Thumb Code    18  stm32f10x_gpio.o(.text)
    GPIO_ReadInputData                       0x08006149   Thumb Code     8  stm32f10x_gpio.o(.text)
    GPIO_ReadOutputDataBit                   0x08006151   Thumb Code    18  stm32f10x_gpio.o(.text)
    GPIO_ReadOutputData                      0x08006163   Thumb Code     8  stm32f10x_gpio.o(.text)
    GPIO_SetBits                             0x0800616b   Thumb Code     4  stm32f10x_gpio.o(.text)
    GPIO_ResetBits                           0x0800616f   Thumb Code     4  stm32f10x_gpio.o(.text)
    GPIO_WriteBit                            0x08006173   Thumb Code    10  stm32f10x_gpio.o(.text)
    GPIO_Write                               0x0800617d   Thumb Code     4  stm32f10x_gpio.o(.text)
    GPIO_PinLockConfig                       0x08006181   Thumb Code    18  stm32f10x_gpio.o(.text)
    GPIO_EventOutputConfig                   0x08006193   Thumb Code    26  stm32f10x_gpio.o(.text)
    GPIO_EventOutputCmd                      0x080061ad   Thumb Code     6  stm32f10x_gpio.o(.text)
    GPIO_PinRemapConfig                      0x080061b3   Thumb Code   138  stm32f10x_gpio.o(.text)
    GPIO_EXTILineConfig                      0x0800623d   Thumb Code    66  stm32f10x_gpio.o(.text)
    GPIO_ETH_MediaInterfaceConfig            0x0800627f   Thumb Code     8  stm32f10x_gpio.o(.text)
    RCC_DeInit                               0x080062ad   Thumb Code    64  stm32f10x_rcc.o(.text)
    RCC_HSEConfig                            0x080062ed   Thumb Code    70  stm32f10x_rcc.o(.text)
    RCC_GetFlagStatus                        0x08006333   Thumb Code    56  stm32f10x_rcc.o(.text)
    RCC_WaitForHSEStartUp                    0x0800636b   Thumb Code    56  stm32f10x_rcc.o(.text)
    RCC_AdjustHSICalibrationValue            0x080063a3   Thumb Code    20  stm32f10x_rcc.o(.text)
    RCC_HSICmd                               0x080063b7   Thumb Code     6  stm32f10x_rcc.o(.text)
    RCC_PLLConfig                            0x080063bd   Thumb Code    24  stm32f10x_rcc.o(.text)
    RCC_PLLCmd                               0x080063d5   Thumb Code     6  stm32f10x_rcc.o(.text)
    RCC_SYSCLKConfig                         0x080063db   Thumb Code    18  stm32f10x_rcc.o(.text)
    RCC_GetSYSCLKSource                      0x080063ed   Thumb Code    10  stm32f10x_rcc.o(.text)
    RCC_HCLKConfig                           0x080063f7   Thumb Code    18  stm32f10x_rcc.o(.text)
    RCC_PCLK1Config                          0x08006409   Thumb Code    18  stm32f10x_rcc.o(.text)
    RCC_PCLK2Config                          0x0800641b   Thumb Code    20  stm32f10x_rcc.o(.text)
    RCC_ITConfig                             0x0800642f   Thumb Code    26  stm32f10x_rcc.o(.text)
    RCC_USBCLKConfig                         0x08006449   Thumb Code     8  stm32f10x_rcc.o(.text)
    RCC_ADCCLKConfig                         0x08006451   Thumb Code    18  stm32f10x_rcc.o(.text)
    RCC_LSEConfig                            0x08006463   Thumb Code    50  stm32f10x_rcc.o(.text)
    RCC_LSICmd                               0x08006495   Thumb Code     6  stm32f10x_rcc.o(.text)
    RCC_RTCCLKConfig                         0x0800649b   Thumb Code    12  stm32f10x_rcc.o(.text)
    RCC_RTCCLKCmd                            0x080064a7   Thumb Code     8  stm32f10x_rcc.o(.text)
    RCC_GetClocksFreq                        0x080064af   Thumb Code   192  stm32f10x_rcc.o(.text)
    RCC_AHBPeriphClockCmd                    0x0800656f   Thumb Code    26  stm32f10x_rcc.o(.text)
    RCC_APB2PeriphClockCmd                   0x08006589   Thumb Code    26  stm32f10x_rcc.o(.text)
    RCC_APB1PeriphClockCmd                   0x080065a3   Thumb Code    26  stm32f10x_rcc.o(.text)
    RCC_APB2PeriphResetCmd                   0x080065bd   Thumb Code    26  stm32f10x_rcc.o(.text)
    RCC_APB1PeriphResetCmd                   0x080065d7   Thumb Code    26  stm32f10x_rcc.o(.text)
    RCC_BackupResetCmd                       0x080065f1   Thumb Code     8  stm32f10x_rcc.o(.text)
    RCC_ClockSecuritySystemCmd               0x080065f9   Thumb Code     6  stm32f10x_rcc.o(.text)
    RCC_MCOConfig                            0x080065ff   Thumb Code     6  stm32f10x_rcc.o(.text)
    RCC_ClearFlag                            0x08006605   Thumb Code    14  stm32f10x_rcc.o(.text)
    RCC_GetITStatus                          0x08006613   Thumb Code    20  stm32f10x_rcc.o(.text)
    RCC_ClearITPendingBit                    0x08006627   Thumb Code     6  stm32f10x_rcc.o(.text)
    NVIC_PriorityGroupConfig                 0x08006651   Thumb Code    10  misc.o(.text)
    NVIC_Init                                0x0800665b   Thumb Code   100  misc.o(.text)
    NVIC_SetVectorTable                      0x080066bf   Thumb Code    14  misc.o(.text)
    NVIC_SystemLPConfig                      0x080066cd   Thumb Code    34  misc.o(.text)
    SysTick_CLKSourceConfig                  0x080066ef   Thumb Code    40  misc.o(.text)
    ADC_DeInit                               0x0800672d   Thumb Code    78  stm32f10x_adc.o(.text)
    ADC_Init                                 0x0800677b   Thumb Code    70  stm32f10x_adc.o(.text)
    ADC_StructInit                           0x080067c1   Thumb Code    18  stm32f10x_adc.o(.text)
    ADC_Cmd                                  0x080067d3   Thumb Code    22  stm32f10x_adc.o(.text)
    ADC_DMACmd                               0x080067e9   Thumb Code    22  stm32f10x_adc.o(.text)
    ADC_ITConfig                             0x080067ff   Thumb Code    24  stm32f10x_adc.o(.text)
    ADC_ResetCalibration                     0x08006817   Thumb Code    10  stm32f10x_adc.o(.text)
    ADC_GetResetCalibrationStatus            0x08006821   Thumb Code    20  stm32f10x_adc.o(.text)
    ADC_StartCalibration                     0x08006835   Thumb Code    10  stm32f10x_adc.o(.text)
    ADC_GetCalibrationStatus                 0x0800683f   Thumb Code    20  stm32f10x_adc.o(.text)
    ADC_SoftwareStartConvCmd                 0x08006853   Thumb Code    22  stm32f10x_adc.o(.text)
    ADC_GetSoftwareStartConvStatus           0x08006869   Thumb Code    20  stm32f10x_adc.o(.text)
    ADC_DiscModeChannelCountConfig           0x0800687d   Thumb Code    24  stm32f10x_adc.o(.text)
    ADC_DiscModeCmd                          0x08006895   Thumb Code    22  stm32f10x_adc.o(.text)
    ADC_RegularChannelConfig                 0x080068ab   Thumb Code   184  stm32f10x_adc.o(.text)
    ADC_ExternalTrigConvCmd                  0x08006963   Thumb Code    22  stm32f10x_adc.o(.text)
    ADC_GetConversionValue                   0x08006979   Thumb Code     8  stm32f10x_adc.o(.text)
    ADC_GetDualModeConversionValue           0x08006981   Thumb Code     8  stm32f10x_adc.o(.text)
    ADC_AutoInjectedConvCmd                  0x08006989   Thumb Code    22  stm32f10x_adc.o(.text)
    ADC_InjectedDiscModeCmd                  0x0800699f   Thumb Code    22  stm32f10x_adc.o(.text)
    ADC_ExternalTrigInjectedConvConfig       0x080069b5   Thumb Code    16  stm32f10x_adc.o(.text)
    ADC_ExternalTrigInjectedConvCmd          0x080069c5   Thumb Code    22  stm32f10x_adc.o(.text)
    ADC_SoftwareStartInjectedConvCmd         0x080069db   Thumb Code    22  stm32f10x_adc.o(.text)
    ADC_GetSoftwareStartInjectedConvCmdStatus 0x080069f1   Thumb Code    20  stm32f10x_adc.o(.text)
    ADC_InjectedChannelConfig                0x08006a05   Thumb Code   130  stm32f10x_adc.o(.text)
    ADC_InjectedSequencerLengthConfig        0x08006a87   Thumb Code    24  stm32f10x_adc.o(.text)
    ADC_SetInjectedOffset                    0x08006a9f   Thumb Code    20  stm32f10x_adc.o(.text)
    ADC_GetInjectedConversionValue           0x08006ab3   Thumb Code    28  stm32f10x_adc.o(.text)
    ADC_AnalogWatchdogCmd                    0x08006acf   Thumb Code    16  stm32f10x_adc.o(.text)
    ADC_AnalogWatchdogThresholdsConfig       0x08006adf   Thumb Code     6  stm32f10x_adc.o(.text)
    ADC_AnalogWatchdogSingleChannelConfig    0x08006ae5   Thumb Code    16  stm32f10x_adc.o(.text)
    ADC_TempSensorVrefintCmd                 0x08006af5   Thumb Code    64  stm32f10x_adc.o(.text)
    ADC_GetFlagStatus                        0x08006b35   Thumb Code    18  stm32f10x_adc.o(.text)
    ADC_ClearFlag                            0x08006b47   Thumb Code     6  stm32f10x_adc.o(.text)
    ADC_GetITStatus                          0x08006b4d   Thumb Code    36  stm32f10x_adc.o(.text)
    ADC_ClearITPendingBit                    0x08006b71   Thumb Code    10  stm32f10x_adc.o(.text)
    EXTI_DeInit                              0x08006b7d   Thumb Code    28  stm32f10x_exti.o(.text)
    EXTI_Init                                0x08006b99   Thumb Code   142  stm32f10x_exti.o(.text)
    EXTI_StructInit                          0x08006c27   Thumb Code    16  stm32f10x_exti.o(.text)
    EXTI_GenerateSWInterrupt                 0x08006c37   Thumb Code    16  stm32f10x_exti.o(.text)
    EXTI_GetFlagStatus                       0x08006c47   Thumb Code    22  stm32f10x_exti.o(.text)
    EXTI_ClearFlag                           0x08006c5d   Thumb Code     8  stm32f10x_exti.o(.text)
    EXTI_GetITStatus                         0x08006c65   Thumb Code    34  stm32f10x_exti.o(.text)
    EXTI_ClearITPendingBit                   0x08006c87   Thumb Code     8  stm32f10x_exti.o(.text)
    TIM_DeInit                               0x08006c99   Thumb Code   424  stm32f10x_tim.o(.text)
    TIM_TimeBaseInit                         0x08006e41   Thumb Code   122  stm32f10x_tim.o(.text)
    TIM_OC1Init                              0x08006ebb   Thumb Code   132  stm32f10x_tim.o(.text)
    TIM_OC2Init                              0x08006f3f   Thumb Code   154  stm32f10x_tim.o(.text)
    TIM_OC3Init                              0x08006fd9   Thumb Code   150  stm32f10x_tim.o(.text)
    TIM_OC4Init                              0x0800706f   Thumb Code   182  stm32f10x_tim.o(.text)
    TIM_SetIC4Prescaler                      0x08007125   Thumb Code    26  stm32f10x_tim.o(.text)
    TIM_SetIC3Prescaler                      0x080071c1   Thumb Code    18  stm32f10x_tim.o(.text)
    TIM_SetIC2Prescaler                      0x0800724d   Thumb Code    26  stm32f10x_tim.o(.text)
    TIM_SetIC1Prescaler                      0x080072e9   Thumb Code    18  stm32f10x_tim.o(.text)
    TIM_ICInit                               0x08007367   Thumb Code   150  stm32f10x_tim.o(.text)
    TIM_PWMIConfig                           0x080073fd   Thumb Code   124  stm32f10x_tim.o(.text)
    TIM_BDTRConfig                           0x08007479   Thumb Code    32  stm32f10x_tim.o(.text)
    TIM_TimeBaseStructInit                   0x08007499   Thumb Code    18  stm32f10x_tim.o(.text)
    TIM_OCStructInit                         0x080074ab   Thumb Code    20  stm32f10x_tim.o(.text)
    TIM_ICStructInit                         0x080074bf   Thumb Code    18  stm32f10x_tim.o(.text)
    TIM_BDTRStructInit                       0x080074d1   Thumb Code    40  stm32f10x_tim.o(.text)
    TIM_Cmd                                  0x080074f9   Thumb Code    24  stm32f10x_tim.o(.text)
    TIM_CtrlPWMOutputs                       0x08007511   Thumb Code    30  stm32f10x_tim.o(.text)
    TIM_ITConfig                             0x0800752f   Thumb Code    18  stm32f10x_tim.o(.text)
    TIM_GenerateEvent                        0x08007541   Thumb Code     4  stm32f10x_tim.o(.text)
    TIM_DMAConfig                            0x08007545   Thumb Code    10  stm32f10x_tim.o(.text)
    TIM_DMACmd                               0x0800754f   Thumb Code    18  stm32f10x_tim.o(.text)
    TIM_InternalClockConfig                  0x08007561   Thumb Code    12  stm32f10x_tim.o(.text)
    TIM_SelectInputTrigger                   0x0800756d   Thumb Code    18  stm32f10x_tim.o(.text)
    TIM_ITRxExternalClockConfig              0x0800757f   Thumb Code    24  stm32f10x_tim.o(.text)
    TIM_TIxExternalClockConfig               0x08007597   Thumb Code    62  stm32f10x_tim.o(.text)
    TIM_ETRConfig                            0x080075d5   Thumb Code    28  stm32f10x_tim.o(.text)
    TIM_ETRClockMode1Config                  0x080075f1   Thumb Code    54  stm32f10x_tim.o(.text)
    TIM_ETRClockMode2Config                  0x08007627   Thumb Code    32  stm32f10x_tim.o(.text)
    TIM_PrescalerConfig                      0x08007647   Thumb Code     6  stm32f10x_tim.o(.text)
    TIM_CounterModeConfig                    0x0800764d   Thumb Code    18  stm32f10x_tim.o(.text)
    TIM_EncoderInterfaceConfig               0x0800765f   Thumb Code    66  stm32f10x_tim.o(.text)
    TIM_ForcedOC1Config                      0x080076a1   Thumb Code    18  stm32f10x_tim.o(.text)
    TIM_ForcedOC2Config                      0x080076b3   Thumb Code    26  stm32f10x_tim.o(.text)
    TIM_ForcedOC3Config                      0x080076cd   Thumb Code    18  stm32f10x_tim.o(.text)
    TIM_ForcedOC4Config                      0x080076df   Thumb Code    26  stm32f10x_tim.o(.text)
    TIM_ARRPreloadConfig                     0x080076f9   Thumb Code    24  stm32f10x_tim.o(.text)
    TIM_SelectCOM                            0x08007711   Thumb Code    24  stm32f10x_tim.o(.text)
    TIM_SelectCCDMA                          0x08007729   Thumb Code    24  stm32f10x_tim.o(.text)
    TIM_CCPreloadControl                     0x08007741   Thumb Code    24  stm32f10x_tim.o(.text)
    TIM_OC1PreloadConfig                     0x08007759   Thumb Code    18  stm32f10x_tim.o(.text)
    TIM_OC2PreloadConfig                     0x0800776b   Thumb Code    26  stm32f10x_tim.o(.text)
    TIM_OC3PreloadConfig                     0x08007785   Thumb Code    18  stm32f10x_tim.o(.text)
    TIM_OC4PreloadConfig                     0x08007797   Thumb Code    26  stm32f10x_tim.o(.text)
    TIM_OC1FastConfig                        0x080077b1   Thumb Code    18  stm32f10x_tim.o(.text)
    TIM_OC2FastConfig                        0x080077c3   Thumb Code    26  stm32f10x_tim.o(.text)
    TIM_OC3FastConfig                        0x080077dd   Thumb Code    18  stm32f10x_tim.o(.text)
    TIM_OC4FastConfig                        0x080077ef   Thumb Code    26  stm32f10x_tim.o(.text)
    TIM_ClearOC1Ref                          0x08007809   Thumb Code    18  stm32f10x_tim.o(.text)
    TIM_ClearOC2Ref                          0x0800781b   Thumb Code    24  stm32f10x_tim.o(.text)
    TIM_ClearOC3Ref                          0x08007833   Thumb Code    18  stm32f10x_tim.o(.text)
    TIM_ClearOC4Ref                          0x08007845   Thumb Code    24  stm32f10x_tim.o(.text)
    TIM_OC1PolarityConfig                    0x0800785d   Thumb Code    18  stm32f10x_tim.o(.text)
    TIM_OC1NPolarityConfig                   0x0800786f   Thumb Code    18  stm32f10x_tim.o(.text)
    TIM_OC2PolarityConfig                    0x08007881   Thumb Code    26  stm32f10x_tim.o(.text)
    TIM_OC2NPolarityConfig                   0x0800789b   Thumb Code    26  stm32f10x_tim.o(.text)
    TIM_OC3PolarityConfig                    0x080078b5   Thumb Code    26  stm32f10x_tim.o(.text)
    TIM_OC3NPolarityConfig                   0x080078cf   Thumb Code    26  stm32f10x_tim.o(.text)
    TIM_OC4PolarityConfig                    0x080078e9   Thumb Code    26  stm32f10x_tim.o(.text)
    TIM_CCxCmd                               0x08007903   Thumb Code    30  stm32f10x_tim.o(.text)
    TIM_CCxNCmd                              0x08007921   Thumb Code    30  stm32f10x_tim.o(.text)
    TIM_SelectOCxM                           0x0800793f   Thumb Code    82  stm32f10x_tim.o(.text)
    TIM_UpdateDisableConfig                  0x08007991   Thumb Code    24  stm32f10x_tim.o(.text)
    TIM_UpdateRequestConfig                  0x080079a9   Thumb Code    24  stm32f10x_tim.o(.text)
    TIM_SelectHallSensor                     0x080079c1   Thumb Code    24  stm32f10x_tim.o(.text)
    TIM_SelectOnePulseMode                   0x080079d9   Thumb Code    18  stm32f10x_tim.o(.text)
    TIM_SelectOutputTrigger                  0x080079eb   Thumb Code    18  stm32f10x_tim.o(.text)
    TIM_SelectSlaveMode                      0x080079fd   Thumb Code    18  stm32f10x_tim.o(.text)
    TIM_SelectMasterSlaveMode                0x08007a0f   Thumb Code    18  stm32f10x_tim.o(.text)
    TIM_SetCounter                           0x08007a21   Thumb Code     4  stm32f10x_tim.o(.text)
    TIM_SetAutoreload                        0x08007a25   Thumb Code     4  stm32f10x_tim.o(.text)
    TIM_SetCompare1                          0x08007a29   Thumb Code     4  stm32f10x_tim.o(.text)
    TIM_SetCompare2                          0x08007a2d   Thumb Code     4  stm32f10x_tim.o(.text)
    TIM_SetCompare3                          0x08007a31   Thumb Code     4  stm32f10x_tim.o(.text)
    TIM_SetCompare4                          0x08007a35   Thumb Code     6  stm32f10x_tim.o(.text)
    TIM_SetClockDivision                     0x08007a3b   Thumb Code    18  stm32f10x_tim.o(.text)
    TIM_GetCapture1                          0x08007a4d   Thumb Code     6  stm32f10x_tim.o(.text)
    TIM_GetCapture2                          0x08007a53   Thumb Code     6  stm32f10x_tim.o(.text)
    TIM_GetCapture3                          0x08007a59   Thumb Code     6  stm32f10x_tim.o(.text)
    TIM_GetCapture4                          0x08007a5f   Thumb Code     8  stm32f10x_tim.o(.text)
    TIM_GetCounter                           0x08007a67   Thumb Code     6  stm32f10x_tim.o(.text)
    TIM_GetPrescaler                         0x08007a6d   Thumb Code     6  stm32f10x_tim.o(.text)
    TIM_GetFlagStatus                        0x08007a73   Thumb Code    18  stm32f10x_tim.o(.text)
    TIM_ClearFlag                            0x08007a85   Thumb Code     6  stm32f10x_tim.o(.text)
    TIM_GetITStatus                          0x08007a8b   Thumb Code    34  stm32f10x_tim.o(.text)
    TIM_ClearITPendingBit                    0x08007aad   Thumb Code     6  stm32f10x_tim.o(.text)
    USART_DeInit                             0x08007ab5   Thumb Code   134  stm32f10x_usart.o(.text)
    USART_Init                               0x08007b3b   Thumb Code   210  stm32f10x_usart.o(.text)
    USART_StructInit                         0x08007c0d   Thumb Code    24  stm32f10x_usart.o(.text)
    USART_ClockInit                          0x08007c25   Thumb Code    34  stm32f10x_usart.o(.text)
    USART_ClockStructInit                    0x08007c47   Thumb Code    12  stm32f10x_usart.o(.text)
    USART_Cmd                                0x08007c53   Thumb Code    24  stm32f10x_usart.o(.text)
    USART_ITConfig                           0x08007c6b   Thumb Code    74  stm32f10x_usart.o(.text)
    USART_DMACmd                             0x08007cb5   Thumb Code    18  stm32f10x_usart.o(.text)
    USART_SetAddress                         0x08007cc7   Thumb Code    18  stm32f10x_usart.o(.text)
    USART_WakeUpConfig                       0x08007cd9   Thumb Code    18  stm32f10x_usart.o(.text)
    USART_ReceiverWakeUpCmd                  0x08007ceb   Thumb Code    24  stm32f10x_usart.o(.text)
    USART_LINBreakDetectLengthConfig         0x08007d03   Thumb Code    18  stm32f10x_usart.o(.text)
    USART_LINCmd                             0x08007d15   Thumb Code    24  stm32f10x_usart.o(.text)
    USART_SendData                           0x08007d2d   Thumb Code     8  stm32f10x_usart.o(.text)
    USART_ReceiveData                        0x08007d35   Thumb Code    10  stm32f10x_usart.o(.text)
    USART_SendBreak                          0x08007d3f   Thumb Code    10  stm32f10x_usart.o(.text)
    USART_SetGuardTime                       0x08007d49   Thumb Code    16  stm32f10x_usart.o(.text)
    USART_SetPrescaler                       0x08007d59   Thumb Code    16  stm32f10x_usart.o(.text)
    USART_SmartCardCmd                       0x08007d69   Thumb Code    24  stm32f10x_usart.o(.text)
    USART_SmartCardNACKCmd                   0x08007d81   Thumb Code    24  stm32f10x_usart.o(.text)
    USART_HalfDuplexCmd                      0x08007d99   Thumb Code    24  stm32f10x_usart.o(.text)
    USART_OverSampling8Cmd                   0x08007db1   Thumb Code    22  stm32f10x_usart.o(.text)
    USART_OneBitMethodCmd                    0x08007dc7   Thumb Code    24  stm32f10x_usart.o(.text)
    USART_IrDAConfig                         0x08007ddf   Thumb Code    18  stm32f10x_usart.o(.text)
    USART_IrDACmd                            0x08007df1   Thumb Code    24  stm32f10x_usart.o(.text)
    USART_GetFlagStatus                      0x08007e09   Thumb Code    26  stm32f10x_usart.o(.text)
    USART_ClearFlag                          0x08007e23   Thumb Code    18  stm32f10x_usart.o(.text)
    USART_GetITStatus                        0x08007e35   Thumb Code    84  stm32f10x_usart.o(.text)
    USART_ClearITPendingBit                  0x08007e89   Thumb Code    52  stm32f10x_usart.o(.text)
    FLASH_SetLatency                         0x08007ebd   Thumb Code    18  stm32f10x_flash.o(.text)
    FLASH_HalfCycleAccessCmd                 0x08007ecf   Thumb Code    22  stm32f10x_flash.o(.text)
    FLASH_PrefetchBufferCmd                  0x08007ee5   Thumb Code    22  stm32f10x_flash.o(.text)
    FLASH_Unlock                             0x08007efb   Thumb Code    12  stm32f10x_flash.o(.text)
    FLASH_UnlockBank1                        0x08007f07   Thumb Code    12  stm32f10x_flash.o(.text)
    FLASH_Lock                               0x08007f13   Thumb Code    14  stm32f10x_flash.o(.text)
    FLASH_LockBank1                          0x08007f21   Thumb Code    14  stm32f10x_flash.o(.text)
    FLASH_GetBank1Status                     0x08007f2f   Thumb Code    48  stm32f10x_flash.o(.text)
    FLASH_WaitForLastOperation               0x08007f5f   Thumb Code    38  stm32f10x_flash.o(.text)
    FLASH_ErasePage                          0x08007f85   Thumb Code    72  stm32f10x_flash.o(.text)
    FLASH_EraseAllPages                      0x08007fcd   Thumb Code    68  stm32f10x_flash.o(.text)
    FLASH_WaitForLastBank1Operation          0x08008011   Thumb Code    38  stm32f10x_flash.o(.text)
    FLASH_EraseAllBank1Pages                 0x08008037   Thumb Code    68  stm32f10x_flash.o(.text)
    FLASH_GetReadOutProtectionStatus         0x0800807b   Thumb Code    20  stm32f10x_flash.o(.text)
    FLASH_EraseOptionBytes                   0x0800808f   Thumb Code   150  stm32f10x_flash.o(.text)
    FLASH_ProgramWord                        0x08008125   Thumb Code   102  stm32f10x_flash.o(.text)
    FLASH_ProgramHalfWord                    0x0800818b   Thumb Code    60  stm32f10x_flash.o(.text)
    FLASH_ProgramOptionByteData              0x080081c7   Thumb Code    72  stm32f10x_flash.o(.text)
    FLASH_EnableWriteProtection              0x0800820f   Thumb Code   200  stm32f10x_flash.o(.text)
    FLASH_ReadOutProtection                  0x080082d7   Thumb Code   156  stm32f10x_flash.o(.text)
    FLASH_UserOptionByteConfig               0x08008373   Thumb Code    88  stm32f10x_flash.o(.text)
    FLASH_GetUserOptionByte                  0x080083cb   Thumb Code     8  stm32f10x_flash.o(.text)
    FLASH_GetWriteProtectionOptionByte       0x080083d3   Thumb Code     6  stm32f10x_flash.o(.text)
    FLASH_GetPrefetchBufferStatus            0x080083d9   Thumb Code    20  stm32f10x_flash.o(.text)
    FLASH_ITConfig                           0x080083ed   Thumb Code    26  stm32f10x_flash.o(.text)
    FLASH_GetFlagStatus                      0x08008407   Thumb Code    42  stm32f10x_flash.o(.text)
    FLASH_ClearFlag                          0x08008431   Thumb Code     6  stm32f10x_flash.o(.text)
    FLASH_GetStatus                          0x08008437   Thumb Code    48  stm32f10x_flash.o(.text)
    IWDG_WriteAccessCmd                      0x08008479   Thumb Code     6  stm32f10x_iwdg.o(.text)
    IWDG_SetPrescaler                        0x0800847f   Thumb Code     6  stm32f10x_iwdg.o(.text)
    IWDG_SetReload                           0x08008485   Thumb Code     6  stm32f10x_iwdg.o(.text)
    IWDG_ReloadCounter                       0x0800848b   Thumb Code    10  stm32f10x_iwdg.o(.text)
    IWDG_Enable                              0x08008495   Thumb Code    10  stm32f10x_iwdg.o(.text)
    IWDG_GetFlagStatus                       0x0800849f   Thumb Code    20  stm32f10x_iwdg.o(.text)
    SystemInit                               0x08008597   Thumb Code    78  system_stm32f10x.o(.text)
    SystemCoreClockUpdate                    0x080085e5   Thumb Code   142  system_stm32f10x.o(.text)
    __aeabi_ldivmod                          0x08008699   Thumb Code    98  ldiv.o(.text)
    __aeabi_memset                           0x080086fb   Thumb Code    14  memseta.o(.text)
    __aeabi_memset4                          0x080086fb   Thumb Code     0  memseta.o(.text)
    __aeabi_memset8                          0x080086fb   Thumb Code     0  memseta.o(.text)
    __aeabi_memclr                           0x08008709   Thumb Code     4  memseta.o(.text)
    __aeabi_memclr4                          0x08008709   Thumb Code     0  memseta.o(.text)
    __aeabi_memclr8                          0x08008709   Thumb Code     0  memseta.o(.text)
    _memset$wrapper                          0x0800870d   Thumb Code    18  memseta.o(.text)
    memcmp                                   0x0800871f   Thumb Code    26  memcmp.o(.text)
    __aeabi_fadd                             0x08008739   Thumb Code   164  fadd.o(.text)
    __aeabi_fsub                             0x080087dd   Thumb Code     6  fadd.o(.text)
    __aeabi_frsub                            0x080087e3   Thumb Code     6  fadd.o(.text)
    __aeabi_fmul                             0x080087e9   Thumb Code   100  fmul.o(.text)
    __aeabi_fdiv                             0x0800884d   Thumb Code   124  fdiv.o(.text)
    __aeabi_dadd                             0x080088c9   Thumb Code   322  dadd.o(.text)
    __aeabi_dsub                             0x08008a0b   Thumb Code     6  dadd.o(.text)
    __aeabi_drsub                            0x08008a11   Thumb Code     6  dadd.o(.text)
    __aeabi_dmul                             0x08008a17   Thumb Code   228  dmul.o(.text)
    __aeabi_ddiv                             0x08008afb   Thumb Code   222  ddiv.o(.text)
    __aeabi_i2f                              0x08008bd9   Thumb Code    18  fflti.o(.text)
    __aeabi_ui2f                             0x08008beb   Thumb Code    10  ffltui.o(.text)
    __aeabi_i2d                              0x08008bf5   Thumb Code    34  dflti.o(.text)
    __aeabi_ui2d                             0x08008c17   Thumb Code    26  dfltui.o(.text)
    __aeabi_f2iz                             0x08008c31   Thumb Code    50  ffixi.o(.text)
    __aeabi_f2uiz                            0x08008c63   Thumb Code    40  ffixui.o(.text)
    __aeabi_d2iz                             0x08008c8b   Thumb Code    62  dfixi.o(.text)
    __aeabi_d2uiz                            0x08008cc9   Thumb Code    50  dfixui.o(.text)
    __aeabi_f2d                              0x08008cfb   Thumb Code    38  f2d.o(.text)
    __aeabi_cdcmpeq                          0x08008d21   Thumb Code     0  cdcmple.o(.text)
    __aeabi_cdcmple                          0x08008d21   Thumb Code    48  cdcmple.o(.text)
    __aeabi_d2f                              0x08008d51   Thumb Code    56  d2f.o(.text)
    __aeabi_cfcmpeq                          0x08008d89   Thumb Code     0  cfcmple.o(.text)
    __aeabi_cfcmple                          0x08008d89   Thumb Code    20  cfcmple.o(.text)
    __aeabi_cfrcmple                         0x08008d9d   Thumb Code    20  cfrcmple.o(.text)
    __aeabi_uldivmod                         0x08008db1   Thumb Code    98  uldiv.o(.text)
    __aeabi_llsl                             0x08008e13   Thumb Code    30  llshl.o(.text)
    _ll_shift_l                              0x08008e13   Thumb Code     0  llshl.o(.text)
    __aeabi_llsr                             0x08008e31   Thumb Code    32  llushr.o(.text)
    _ll_ushift_r                             0x08008e31   Thumb Code     0  llushr.o(.text)
    __aeabi_lasr                             0x08008e51   Thumb Code    36  llsshr.o(.text)
    _ll_sshift_r                             0x08008e51   Thumb Code     0  llsshr.o(.text)
    __I$use$fp                               0x08008e75   Thumb Code     0  iusefp.o(.text)
    _float_round                             0x08008e75   Thumb Code    18  fepilogue.o(.text)
    _float_epilogue                          0x08008e87   Thumb Code    92  fepilogue.o(.text)
    _double_round                            0x08008ee3   Thumb Code    30  depilogue.o(.text)
    _double_epilogue                         0x08008f01   Thumb Code   156  depilogue.o(.text)
    __ARM_scalbn                             0x08008f9d   Thumb Code    46  dscalb.o(.text)
    scalbn                                   0x08008f9d   Thumb Code     0  dscalb.o(.text)
    __scatterload                            0x08008fcd   Thumb Code    28  init.o(.text)
    __scatterload_rt2                        0x08008fcd   Thumb Code     0  init.o(.text)
    __I$use$semihosting$fputc                0x08008ff1   Thumb Code     0  iusesemip.o(.text)
    __semihosting_library_function           0x08008ff1   Thumb Code     0  semi.o(.text)
    _dsqrt                                   0x08008ff1   Thumb Code   162  dsqrt.o(.text)
    __decompress                             0x08009093   Thumb Code     0  __dczerorl2.o(.text)
    __decompress1                            0x08009093   Thumb Code    86  __dczerorl2.o(.text)
    __0printf$8                              0x080090e9   Thumb Code    22  printf8.o(i.__0printf$8)
    __1printf$8                              0x080090e9   Thumb Code     0  printf8.o(i.__0printf$8)
    __2printf                                0x080090e9   Thumb Code     0  printf8.o(i.__0printf$8)
    __ARM_fpclassify                         0x08009109   Thumb Code    40  fpclassify.o(i.__ARM_fpclassify)
    __kernel_poly                            0x08009131   Thumb Code   170  poly.o(i.__kernel_poly)
    __mathlib_dbl_infnan                     0x080091db   Thumb Code     6  dunder.o(i.__mathlib_dbl_infnan)
    __mathlib_dbl_infnan2                    0x080091e1   Thumb Code     4  dunder.o(i.__mathlib_dbl_infnan2)
    __mathlib_dbl_invalid                    0x080091e5   Thumb Code    12  dunder.o(i.__mathlib_dbl_invalid)
    __mathlib_dbl_underflow                  0x080091f1   Thumb Code    10  dunder.o(i.__mathlib_dbl_underflow)
    __scatterload_copy                       0x08009201   Thumb Code    14  handlers.o(i.__scatterload_copy)
    __scatterload_null                       0x0800920f   Thumb Code     2  handlers.o(i.__scatterload_null)
    __scatterload_zeroinit                   0x08009211   Thumb Code    14  handlers.o(i.__scatterload_zeroinit)
    __set_errno                              0x08009221   Thumb Code     6  errno.o(i.__set_errno)
    asin                                     0x08009691   Thumb Code   572  asin.o(i.asin)
    atan                                     0x08009901   Thumb Code   474  atan.o(i.atan)
    atan2                                    0x08009b21   Thumb Code   346  atan2.o(i.atan2)
    fputc                                    0x08009ca1   Thumb Code    18  fputc.o(i.fputc)
    sqrt                                     0x08009cb3   Thumb Code    76  sqrt.o(i.sqrt)
    reg                                      0x08009d00   Data          27  inv_mpu.o(.constdata)
    hw                                       0x08009d1c   Data          12  inv_mpu.o(.constdata)
    test                                     0x08009d28   Data          40  inv_mpu.o(.constdata)
    s_crclo                                  0x0800aa46   Data         256  debug.o(.constdata)
    __mathlib_zero                           0x0800ac30   Data           8  qnan.o(.constdata)
    Region$$Table$$Base                      0x0800ac88   Number         0  anon$$obj.o(Region$$Table)
    Region$$Table$$Limit                     0x0800aca8   Number         0  anon$$obj.o(Region$$Table)
    mpu6050_data_flag                        0x20000000   Data           1  moto.o(.data)
    bianma1                                  0x20000004   Data           4  moto.o(.data)
    bianma2                                  0x20000008   Data           4  moto.o(.data)
    pitch                                    0x2000000c   Data           4  moto.o(.data)
    roll                                     0x20000010   Data           4  moto.o(.data)
    yaw                                      0x20000014   Data           4  moto.o(.data)
    aacx                                     0x20000018   Data           2  moto.o(.data)
    aacy                                     0x2000001a   Data           2  moto.o(.data)
    aacz                                     0x2000001c   Data           2  moto.o(.data)
    gyrox                                    0x2000001e   Data           2  moto.o(.data)
    gyroy                                    0x20000020   Data           2  moto.o(.data)
    gyroz                                    0x20000022   Data           2  moto.o(.data)
    mpu6050_temp                             0x20000024   Data           2  moto.o(.data)
    bianma1_num                              0x20000028   Data           4  moto.o(.data)
    bianma2_num                              0x2000002c   Data           4  moto.o(.data)
    speed_num1                               0x20000030   Data           4  moto.o(.data)
    speed_num2                               0x20000034   Data           4  moto.o(.data)
    PID_temp                                 0x20000038   Data           4  moto.o(.data)
    bianma_cnt1                              0x2000003c   Data           4  moto.o(.data)
    bianma_cnt2                              0x20000040   Data           4  moto.o(.data)
    speed_avr1                               0x20000044   Data           4  moto.o(.data)
    speed_last_avr1                          0x20000048   Data           4  moto.o(.data)
    speed_avr1_num                           0x2000004c   Data           4  moto.o(.data)
    speed_cnt1                               0x20000050   Data           4  moto.o(.data)
    speed_avr2                               0x20000054   Data           4  moto.o(.data)
    speed_last_avr2                          0x20000058   Data           4  moto.o(.data)
    speed_avr2_num                           0x2000005c   Data           4  moto.o(.data)
    speed_cnt2                               0x20000060   Data           4  moto.o(.data)
    sudu_out                                 0x20000064   Data           4  moto.o(.data)
    zhili_out                                0x20000068   Data           4  moto.o(.data)
    zhuan_out                                0x2000006c   Data           4  moto.o(.data)
    PWM_OUT1                                 0x20000070   Data           4  moto.o(.data)
    PWM_OUT2                                 0x20000074   Data           4  moto.o(.data)
    Movement                                 0x20000078   Data           4  moto.o(.data)
    turnment                                 0x2000007c   Data           4  moto.o(.data)
    Car_zero                                 0x20000080   Data           4  moto.o(.data)
    zhili_Kp                                 0x20000084   Data           4  moto.o(.data)
    zhili_Kd                                 0x20000088   Data           4  moto.o(.data)
    sudu_Kp                                  0x2000008c   Data           4  moto.o(.data)
    sudu_Ki                                  0x20000090   Data           4  moto.o(.data)
    zhuan_Kp                                 0x20000094   Data           4  moto.o(.data)
    zhuan_Kd                                 0x20000098   Data           4  moto.o(.data)
    mpu_dmp_flag                             0x200000e4   Data           1  pbdata.o(.data)
    user_number                              0x200000e8   Data           4  pbdata.o(.data)
    time2                                    0x200000ec   Data           2  time.o(.data)
    time7                                    0x200000ee   Data           2  time.o(.data)
    USART_MSG_Value                          0x200000f0   Data           1  debug.o(.data)
    debug_rev_p                              0x200000f1   Data           1  debug.o(.data)
    adt1                                     0x200000fc   Data           4  adc.o(.data)
    Bat_Value                                0x20000100   Data           4  adc.o(.data)
    Bat_n                                    0x20000104   Data           1  adc.o(.data)
    tmp_value                                0x20000105   Data           1  adc.o(.data)
    adc_time_flag                            0x20000106   Data           1  adc.o(.data)
    USART3_MSG_flag                          0x20000107   Data           1  bluetooth.o(.data)
    USART3_MSG_Value                         0x20000108   Data           1  bluetooth.o(.data)
    USART3_Count                             0x20000109   Data           1  bluetooth.o(.data)
    USART3_Cmd_Flag                          0x2000010a   Data           1  bluetooth.o(.data)
    USART3_Receieve                          0x2000010b   Data           8  bluetooth.o(.data)
    BT_Data1                                 0x20000113   Data           1  bluetooth.o(.data)
    BT_Data2                                 0x20000114   Data           1  bluetooth.o(.data)
    voice_n                                  0x20000115   Data           1  voice.o(.data)
    front_flag                               0x20000116   Data           1  ui.o(.data)
    back_flag                                0x20000117   Data           1  ui.o(.data)
    turn_left_flag                           0x20000118   Data           1  ui.o(.data)
    turn_right_flag                          0x20000119   Data           1  ui.o(.data)
    stop_flag                                0x2000011a   Data           1  ui.o(.data)
    voice_flag                               0x2000011b   Data           1  ui.o(.data)
    SystemCoreClock                          0x20000130   Data           4  system_stm32f10x.o(.data)
    AHBPrescTable                            0x20000134   Data          16  system_stm32f10x.o(.data)
    __stdout                                 0x20000144   Data           4  stdout.o(.data)
    speed_bga1                               0x2000014c   Data          40  moto.o(.bss)
    speed_bga2                               0x20000174   Data          40  moto.o(.bss)
    g_location_pid                           0x200001ac   Data          36  pid.o(.bss)
    g_speed_pid                              0x200001d0   Data          36  pid.o(.bss)
    g_current_pid                            0x200001f4   Data          36  pid.o(.bss)
    debug_rev_data                           0x20000218   Data          17  debug.o(.bss)
    g_debug                                  0x20000230   Data         216  debug.o(.bss)
    debug_rev                                0x20000308   Data          24  debug.o(.bss)
    __initial_sp                             0x20000720   Data           0  startup_stm32f10x_hd.o(STACK)



==============================================================================

Memory Map of the image

  Image Entry point : 0x08000131

  Load Region LR_IROM1 (Base: 0x08000000, Size: 0x0000adf4, Max: 0x00080000, ABSOLUTE, COMPRESSED[0x0000acec])

    Execution Region ER_IROM1 (Base: 0x08000000, Size: 0x0000aca8, Max: 0x00080000, ABSOLUTE)

    Base Addr    Size         Type   Attr      Idx    E Section Name        Object

    0x08000000   0x00000130   Data   RO            3    RESET               startup_stm32f10x_hd.o
    0x08000130   0x00000000   Code   RO          703  * .ARM.Collect$$$$00000000  mc_w.l(entry.o)
    0x08000130   0x00000004   Code   RO         1048    .ARM.Collect$$$$00000001  mc_w.l(entry2.o)
    0x08000134   0x00000004   Code   RO         1051    .ARM.Collect$$$$00000004  mc_w.l(entry5.o)
    0x08000138   0x00000000   Code   RO         1053    .ARM.Collect$$$$00000008  mc_w.l(entry7b.o)
    0x08000138   0x00000000   Code   RO         1055    .ARM.Collect$$$$0000000A  mc_w.l(entry8b.o)
    0x08000138   0x00000008   Code   RO         1056    .ARM.Collect$$$$0000000B  mc_w.l(entry9a.o)
    0x08000140   0x00000000   Code   RO         1058    .ARM.Collect$$$$0000000D  mc_w.l(entry10a.o)
    0x08000140   0x00000000   Code   RO         1060    .ARM.Collect$$$$0000000F  mc_w.l(entry11a.o)
    0x08000140   0x00000004   Code   RO         1049    .ARM.Collect$$$$00002712  mc_w.l(entry2.o)
    0x08000144   0x00000024   Code   RO            4    .text               startup_stm32f10x_hd.o
    0x08000168   0x00000010   Code   RO           10    .text               main.o
    0x08000178   0x0000017c   Code   RO          162    .text               encoder.o
    0x080002f4   0x000000d8   Code   RO          174    .text               key.o
    0x080003cc   0x00000044   Code   RO          192    .text               led.o
    0x08000410   0x0000064c   Code   RO          204    .text               moto.o
    0x08000a5c   0x00000368   Code   RO          223    .text               mpu6050.o
    0x08000dc4   0x00000254   Code   RO          235    .text               mpuiic.o
    0x08001018   0x00002284   Code   RO          247    .text               inv_mpu.o
    0x0800329c   0x00000d70   Code   RO          271    .text               inv_mpu_dmp_motion_driver.o
    0x0800400c   0x000002cc   Code   RO          286    .text               pbdata.o
    0x080042d8   0x000001e4   Code   RO          305    .text               pid.o
    0x080044bc   0x000001b4   Code   RO          323    .text               pwm.o
    0x08004670   0x00000188   Code   RO          335    .text               time.o
    0x080047f8   0x00000cdc   Code   RO          370    .text               debug.o
    0x080054d4   0x00000260   Code   RO          390    .text               adc.o
    0x08005734   0x000001c4   Code   RO          408    .text               bluetooth.o
    0x080058f8   0x000003a4   Code   RO          426    .text               voice.o
    0x08005c9c   0x00000030   Code   RO          444    .text               flash_data.o
    0x08005ccc   0x000000b4   Code   RO          456    .text               mpu_int.o
    0x08005d80   0x00000032   Code   RO          474    .text               watch_dog.o
    0x08005db2   0x00000002   PAD
    0x08005db4   0x0000019c   Code   RO          492    .text               ui.o
    0x08005f50   0x0000035c   Code   RO          510    .text               stm32f10x_gpio.o
    0x080062ac   0x000003a4   Code   RO          522    .text               stm32f10x_rcc.o
    0x08006650   0x000000dc   Code   RO          536    .text               misc.o
    0x0800672c   0x0000044e   Code   RO          548    .text               stm32f10x_adc.o
    0x08006b7a   0x00000002   PAD
    0x08006b7c   0x0000011c   Code   RO          560    .text               stm32f10x_exti.o
    0x08006c98   0x00000e1a   Code   RO          587    .text               stm32f10x_tim.o
    0x08007ab2   0x00000002   PAD
    0x08007ab4   0x00000408   Code   RO          599    .text               stm32f10x_usart.o
    0x08007ebc   0x000005bc   Code   RO          611    .text               stm32f10x_flash.o
    0x08008478   0x00000040   Code   RO          638    .text               stm32f10x_iwdg.o
    0x080084b8   0x000001e0   Code   RO          660    .text               system_stm32f10x.o
    0x08008698   0x00000062   Code   RO          706    .text               mc_w.l(ldiv.o)
    0x080086fa   0x00000024   Code   RO          708    .text               mc_w.l(memseta.o)
    0x0800871e   0x0000001a   Code   RO          710    .text               mc_w.l(memcmp.o)
    0x08008738   0x000000b0   Code   RO          973    .text               mf_w.l(fadd.o)
    0x080087e8   0x00000064   Code   RO          975    .text               mf_w.l(fmul.o)
    0x0800884c   0x0000007c   Code   RO          977    .text               mf_w.l(fdiv.o)
    0x080088c8   0x0000014e   Code   RO          979    .text               mf_w.l(dadd.o)
    0x08008a16   0x000000e4   Code   RO          981    .text               mf_w.l(dmul.o)
    0x08008afa   0x000000de   Code   RO          983    .text               mf_w.l(ddiv.o)
    0x08008bd8   0x00000012   Code   RO          985    .text               mf_w.l(fflti.o)
    0x08008bea   0x0000000a   Code   RO          987    .text               mf_w.l(ffltui.o)
    0x08008bf4   0x00000022   Code   RO          989    .text               mf_w.l(dflti.o)
    0x08008c16   0x0000001a   Code   RO          991    .text               mf_w.l(dfltui.o)
    0x08008c30   0x00000032   Code   RO          993    .text               mf_w.l(ffixi.o)
    0x08008c62   0x00000028   Code   RO          995    .text               mf_w.l(ffixui.o)
    0x08008c8a   0x0000003e   Code   RO          997    .text               mf_w.l(dfixi.o)
    0x08008cc8   0x00000032   Code   RO          999    .text               mf_w.l(dfixui.o)
    0x08008cfa   0x00000026   Code   RO         1001    .text               mf_w.l(f2d.o)
    0x08008d20   0x00000030   Code   RO         1003    .text               mf_w.l(cdcmple.o)
    0x08008d50   0x00000038   Code   RO         1005    .text               mf_w.l(d2f.o)
    0x08008d88   0x00000014   Code   RO         1007    .text               mf_w.l(cfcmple.o)
    0x08008d9c   0x00000014   Code   RO         1009    .text               mf_w.l(cfrcmple.o)
    0x08008db0   0x00000062   Code   RO         1067    .text               mc_w.l(uldiv.o)
    0x08008e12   0x0000001e   Code   RO         1069    .text               mc_w.l(llshl.o)
    0x08008e30   0x00000020   Code   RO         1071    .text               mc_w.l(llushr.o)
    0x08008e50   0x00000024   Code   RO         1073    .text               mc_w.l(llsshr.o)
    0x08008e74   0x00000000   Code   RO         1082    .text               mc_w.l(iusefp.o)
    0x08008e74   0x0000006e   Code   RO         1083    .text               mf_w.l(fepilogue.o)
    0x08008ee2   0x000000ba   Code   RO         1085    .text               mf_w.l(depilogue.o)
    0x08008f9c   0x0000002e   Code   RO         1087    .text               mf_w.l(dscalb.o)
    0x08008fca   0x00000002   PAD
    0x08008fcc   0x00000024   Code   RO         1093    .text               mc_w.l(init.o)
    0x08008ff0   0x00000000   Code   RO         1095    .text               mc_w.l(semi.o)
    0x08008ff0   0x00000000   Code   RO         1096    .text               mc_w.l(iusesemip.o)
    0x08008ff0   0x000000a2   Code   RO         1097    .text               mf_w.l(dsqrt.o)
    0x08009092   0x00000056   Code   RO         1107    .text               mc_w.l(__dczerorl2.o)
    0x080090e8   0x00000020   Code   RO          919    i.__0printf$8       mc_w.l(printf8.o)
    0x08009108   0x00000028   Code   RO         1035    i.__ARM_fpclassify  m_ws.l(fpclassify.o)
    0x08009130   0x000000aa   Code   RO         1037    i.__kernel_poly     m_ws.l(poly.o)
    0x080091da   0x00000006   Code   RO         1022    i.__mathlib_dbl_infnan  m_ws.l(dunder.o)
    0x080091e0   0x00000004   Code   RO         1023    i.__mathlib_dbl_infnan2  m_ws.l(dunder.o)
    0x080091e4   0x0000000c   Code   RO         1024    i.__mathlib_dbl_invalid  m_ws.l(dunder.o)
    0x080091f0   0x00000010   Code   RO         1027    i.__mathlib_dbl_underflow  m_ws.l(dunder.o)
    0x08009200   0x0000000e   Code   RO         1101    i.__scatterload_copy  mc_w.l(handlers.o)
    0x0800920e   0x00000002   Code   RO         1102    i.__scatterload_null  mc_w.l(handlers.o)
    0x08009210   0x0000000e   Code   RO         1103    i.__scatterload_zeroinit  mc_w.l(handlers.o)
    0x0800921e   0x00000002   PAD
    0x08009220   0x0000000c   Code   RO         1077    i.__set_errno       mc_w.l(errno.o)
    0x0800922c   0x00000410   Code   RO          926    i._printf_core      mc_w.l(printf8.o)
    0x0800963c   0x00000024   Code   RO          927    i._printf_post_padding  mc_w.l(printf8.o)
    0x08009660   0x0000002e   Code   RO          928    i._printf_pre_padding  mc_w.l(printf8.o)
    0x0800968e   0x00000002   PAD
    0x08009690   0x00000270   Code   RO          686    i.asin              m_ws.l(asin.o)
    0x08009900   0x00000220   Code   RO         1012    i.atan              m_ws.l(atan.o)
    0x08009b20   0x00000180   Code   RO          696    i.atan2             m_ws.l(atan2.o)
    0x08009ca0   0x00000012   Code   RO         1062    i.fputc             mc_w.l(fputc.o)
    0x08009cb2   0x0000004c   Code   RO         1041    i.sqrt              m_ws.l(sqrt.o)
    0x08009cfe   0x00000002   PAD
    0x08009d00   0x00000050   Data   RO          248    .constdata          inv_mpu.o
    0x08009d50   0x00000bf6   Data   RO          273    .constdata          inv_mpu_dmp_motion_driver.o
    0x0800a946   0x00000200   Data   RO          372    .constdata          debug.o
    0x0800ab46   0x00000002   PAD
    0x0800ab48   0x00000050   Data   RO          687    .constdata          m_ws.l(asin.o)
    0x0800ab98   0x00000098   Data   RO         1013    .constdata          m_ws.l(atan.o)
    0x0800ac30   0x00000008   Data   RO         1039    .constdata          m_ws.l(qnan.o)
    0x0800ac38   0x0000004d   Data   RO          249    .conststring        inv_mpu.o
    0x0800ac85   0x00000003   PAD
    0x0800ac88   0x00000020   Data   RO         1099    Region$$Table       anon$$obj.o


    Execution Region RW_IRAM1 (Base: 0x20000000, Size: 0x00000720, Max: 0x00010000, ABSOLUTE, COMPRESSED[0x00000044])

    Base Addr    Size         Type   Attr      Idx    E Section Name        Object

    0x20000000   0x000000ac   Data   RW          206    .data               moto.o
    0x200000ac   0x00000035   Data   RW          250    .data               inv_mpu.o
    0x200000e1   0x00000003   PAD
    0x200000e4   0x00000008   Data   RW          287    .data               pbdata.o
    0x200000ec   0x00000004   Data   RW          336    .data               time.o
    0x200000f0   0x00000009   Data   RW          373    .data               debug.o
    0x200000f9   0x00000003   PAD
    0x200000fc   0x0000000b   Data   RW          391    .data               adc.o
    0x20000107   0x0000000e   Data   RW          409    .data               bluetooth.o
    0x20000115   0x00000001   Data   RW          427    .data               voice.o
    0x20000116   0x00000006   Data   RW          493    .data               ui.o
    0x2000011c   0x00000014   Data   RW          523    .data               stm32f10x_rcc.o
    0x20000130   0x00000014   Data   RW          661    .data               system_stm32f10x.o
    0x20000144   0x00000004   Data   RW         1064    .data               mc_w.l(stdout.o)
    0x20000148   0x00000004   Data   RW         1078    .data               mc_w.l(errno.o)
    0x2000014c   0x00000050   Zero   RW          205    .bss                moto.o
    0x2000019c   0x00000010   Zero   RW          272    .bss                inv_mpu_dmp_motion_driver.o
    0x200001ac   0x0000006c   Zero   RW          306    .bss                pid.o
    0x20000218   0x00000108   Zero   RW          371    .bss                debug.o
    0x20000320   0x00000400   Zero   RW            1    STACK               startup_stm32f10x_hd.o


==============================================================================

Image component sizes


      Code (inc. data)   RO Data    RW Data    ZI Data      Debug   Object Name

       608         76          0         11          0       1931   adc.o
       452         38          0         14          0       2511   bluetooth.o
      3292        140        512          9        264       9625   debug.o
       380         18          0          0          0       1840   encoder.o
        48          6          0          0          0        675   flash_data.o
      8836        196        157         53          0      23633   inv_mpu.o
      3440        126       3062          0         16      15071   inv_mpu_dmp_motion_driver.o
       216          4          0          0          0       1183   key.o
        68          6          0          0          0        678   led.o
        16          0          0          0          0     271667   main.o
       220         22          0          0          0       1685   misc.o
      1612        246          0        172         80       5194   moto.o
       872         18          0          0          0       4211   mpu6050.o
       180          4          0          0          0       1221   mpu_int.o
       596         14          0          0          0       2118   mpuiic.o
       716        116          0          8          0       1864   pbdata.o
       484         36          0          0        108       2742   pid.o
       436         18          0          0          0       1279   pwm.o
        36          8        304          0       1024        784   startup_stm32f10x_hd.o
      1102         26          0          0          0      10925   stm32f10x_adc.o
       284         10          0          0          0       2143   stm32f10x_exti.o
      1468         34          0          0          0       8094   stm32f10x_flash.o
       860         38          0          0          0       5621   stm32f10x_gpio.o
        64          6          0          0          0       1225   stm32f10x_iwdg.o
       932         36          0         20          0       8764   stm32f10x_rcc.o
      3610         88          0          0          0      22728   stm32f10x_tim.o
      1032         22          0          0          0       8344   stm32f10x_usart.o
       480         38          0         20          0       1715   system_stm32f10x.o
       392         20          0          4          0       2094   time.o
       412         48          0          6          0       1171   ui.o
       932          8          0          1          0       2683   voice.o
        50          0          0          0          0        711   watch_dog.o

    ----------------------------------------------------------------------
     34132       1466       4072        324       1492     426130   Object Totals
         0          0         32          0          0          0   (incl. Generated)
         6          0          5          6          0          0   (incl. Padding)

    ----------------------------------------------------------------------

      Code (inc. data)   RO Data    RW Data    ZI Data      Debug   Library Member Name

       624         52         80          0          0        168   asin.o
       544         70        152          0          0        124   atan.o
       384         38          0          0          0        144   atan2.o
        38          6          0          0          0        272   dunder.o
        40          0          0          0          0         68   fpclassify.o
       170          0          0          0          0         96   poly.o
         0          0          8          0          0          0   qnan.o
        76          0          0          0          0         84   sqrt.o
        86          0          0          0          0          0   __dczerorl2.o
         0          0          0          0          0          0   entry.o
         0          0          0          0          0          0   entry10a.o
         0          0          0          0          0          0   entry11a.o
         8          4          0          0          0          0   entry2.o
         4          0          0          0          0          0   entry5.o
         0          0          0          0          0          0   entry7b.o
         0          0          0          0          0          0   entry8b.o
         8          4          0          0          0          0   entry9a.o
        12          6          0          4          0         68   errno.o
        18          0          0          0          0         80   fputc.o
        30          0          0          0          0          0   handlers.o
        36          8          0          0          0         68   init.o
         0          0          0          0          0          0   iusefp.o
         0          0          0          0          0          0   iusesemip.o
        98          0          0          0          0         84   ldiv.o
        30          0          0          0          0         68   llshl.o
        36          0          0          0          0         68   llsshr.o
        32          0          0          0          0         68   llushr.o
        26          0          0          0          0         80   memcmp.o
        36          0          0          0          0        108   memseta.o
      1154         54          0          0          0        352   printf8.o
         0          0          0          0          0          0   semi.o
         0          0          0          4          0          0   stdout.o
        98          0          0          0          0         92   uldiv.o
        48          0          0          0          0         68   cdcmple.o
        20          0          0          0          0         68   cfcmple.o
        20          0          0          0          0         68   cfrcmple.o
        56          0          0          0          0         88   d2f.o
       334          0          0          0          0        148   dadd.o
       222          0          0          0          0        100   ddiv.o
       186          0          0          0          0        176   depilogue.o
        62          0          0          0          0         80   dfixi.o
        50          0          0          0          0         76   dfixui.o
        34          0          0          0          0         76   dflti.o
        26          0          0          0          0         76   dfltui.o
       228          0          0          0          0         96   dmul.o
        46          0          0          0          0         80   dscalb.o
       162          0          0          0          0        100   dsqrt.o
        38          0          0          0          0         68   f2d.o
       176          0          0          0          0        140   fadd.o
       124          0          0          0          0         88   fdiv.o
       110          0          0          0          0        168   fepilogue.o
        50          0          0          0          0         68   ffixi.o
        40          0          0          0          0         68   ffixui.o
        18          0          0          0          0         68   fflti.o
        10          0          0          0          0         68   ffltui.o
       100          0          0          0          0         76   fmul.o

    ----------------------------------------------------------------------
      5756        242        240          8          0       4204   Library Totals
         8          0          0          0          0          0   (incl. Padding)

    ----------------------------------------------------------------------

      Code (inc. data)   RO Data    RW Data    ZI Data      Debug   Library Name

      1876        166        240          0          0        956   m_ws.l
      1712         76          0          8          0       1136   mc_w.l
      2160          0          0          0          0       2112   mf_w.l

    ----------------------------------------------------------------------
      5756        242        240          8          0       4204   Library Totals

    ----------------------------------------------------------------------

==============================================================================


      Code (inc. data)   RO Data    RW Data    ZI Data      Debug   

     39888       1708       4312        332       1492     425210   Grand Totals
     39888       1708       4312         68       1492     425210   ELF Image Totals (compressed)
     39888       1708       4312         68          0          0   ROM Totals

==============================================================================

    Total RO  Size (Code + RO Data)                44200 (  43.16kB)
    Total RW  Size (RW Data + ZI Data)              1824 (   1.78kB)
    Total ROM Size (Code + RO Data + RW Data)      44268 (  43.23kB)

==============================================================================

