Component: ARM Compiler 5.06 update 5 (build 528) Tool: armlink [4d35e2]

==============================================================================

Section Cross References

    main.o(.text) refers to pbdata.o(.text) for uboot
    main.o(.text) refers to my_task.o(.text) for FreeRTOS_Task_Start
    system_stm32f10x.o(.text) refers to system_stm32f10x.o(.data) for .data
    led.o(.text) refers to stm32f10x_rcc.o(.text) for RCC_APB2PeriphClockCmd
    led.o(.text) refers to stm32f10x_gpio.o(.text) for GPIO_Init
    pbdata.o(.text) refers to stm32f10x_gpio.o(.text) for GPIO_PinRemapConfig
    pbdata.o(.text) refers to stm32f10x_rcc.o(.text) for RCC_APB2PeriphClockCmd
    pbdata.o(.text) refers to system_stm32f10x.o(.text) for SystemInit
    pbdata.o(.text) refers to misc.o(.text) for NVIC_PriorityGroupConfig
    pbdata.o(.text) refers to delay.o(.text) for delay_init
    pbdata.o(.text) refers to bluetooth.o(.text) for USART3_MSG_Init
    pbdata.o(.text) refers to voice.o(.text) for USART2_MSG_Init
    pbdata.o(.text) refers to flash_data.o(.text) for user_n_read
    pbdata.o(.text) refers to debug.o(.text) for USART1_MSG_Init
    pbdata.o(.text) refers to led.o(.text) for LED_Init
    pbdata.o(.text) refers to key.o(.text) for KEY_Init
    pbdata.o(.text) refers to encoder.o(.text) for Encoder_Count_Init
    pbdata.o(.text) refers to pwm.o(.text) for PWM_Init
    pbdata.o(.text) refers to pid.o(.text) for pid_init
    pbdata.o(.text) refers to adc.o(.text) for ADC_Check_Init
    pbdata.o(.text) refers to mpu6050.o(.text) for MPU_Init
    pbdata.o(.text) refers to inv_mpu.o(.text) for mpu_dmp_init
    pbdata.o(.text) refers to time.o(.text) for time2_init
    pbdata.o(.text) refers to watch_dog.o(.text) for WATCH_DOG_Init
    pbdata.o(.text) refers to pbdata.o(.data) for .data
    pbdata.o(.text) refers to voice.o(.data) for voice_n
    my_task.o(.text) refers to tasks.o(.text) for vTaskDelay
    my_task.o(.text) refers to ui.o(.text) for UI
    my_task.o(.text) refers to watch_dog.o(.text) for Feed_dog
    my_task.o(.text) refers to adc.o(.text) for ADC_Check1
    my_task.o(.text) refers to port.o(.text) for vPortEnterCritical
    my_task.o(.text) refers to my_task.o(.data) for .data
    key.o(.text) refers to stm32f10x_rcc.o(.text) for RCC_APB2PeriphClockCmd
    key.o(.text) refers to stm32f10x_gpio.o(.text) for GPIO_Init
    key.o(.text) refers to stm32f10x_exti.o(.text) for EXTI_ClearITPendingBit
    key.o(.text) refers to misc.o(.text) for NVIC_PriorityGroupConfig
    key.o(.text) refers to delay.o(.text) for delay_xms
    time.o(.text) refers to misc.o(.text) for NVIC_PriorityGroupConfig
    time.o(.text) refers to stm32f10x_tim.o(.text) for TIM_ClearITPendingBit
    time.o(.text) refers to stm32f10x_rcc.o(.text) for RCC_APB1PeriphClockCmd
    time.o(.text) refers to moto.o(.text) for MPU6050_Data_read
    time.o(.text) refers to time.o(.data) for .data
    mpu6050.o(.text) refers to mpuiic.o(.text) for MPU_IIC_Start
    mpu6050.o(.text) refers to delay.o(.text) for delay_ms
    mpu6050.o(.text) refers to dflti.o(.text) for __aeabi_i2d
    mpu6050.o(.text) refers to ddiv.o(.text) for __aeabi_ddiv
    mpu6050.o(.text) refers to dadd.o(.text) for __aeabi_dadd
    mpu6050.o(.text) refers to d2f.o(.text) for __aeabi_d2f
    mpu6050.o(.text) refers to fmul.o(.text) for __aeabi_fmul
    mpu6050.o(.text) refers to ffixi.o(.text) for __aeabi_f2iz
    mpuiic.o(.text) refers to stm32f10x_rcc.o(.text) for RCC_APB2PeriphClockCmd
    mpuiic.o(.text) refers to stm32f10x_gpio.o(.text) for GPIO_Init
    inv_mpu.o(.text) refers to mpu6050.o(.text) for MPU_Write_Len
    inv_mpu.o(.text) refers to printf8.o(i.__0printf$8) for __2printf
    inv_mpu.o(.text) refers to delay.o(.text) for delay_ms
    inv_mpu.o(.text) refers to inv_mpu.o(.data) for .data
    inv_mpu.o(.text) refers to inv_mpu.o(.conststring) for .conststring
    inv_mpu.o(.text) refers to ffltui.o(.text) for __aeabi_ui2f
    inv_mpu.o(.text) refers to fflti.o(.text) for __aeabi_i2f
    inv_mpu.o(.text) refers to fadd.o(.text) for __aeabi_fsub
    inv_mpu.o(.text) refers to fdiv.o(.text) for __aeabi_fdiv
    inv_mpu.o(.text) refers to fscalb.o(.text) for __ARM_scalbnf
    inv_mpu.o(.text) refers to ffixi.o(.text) for __aeabi_f2iz
    inv_mpu.o(.text) refers to ldiv.o(.text) for __aeabi_ldivmod
    inv_mpu.o(.text) refers to memcmp.o(.text) for memcmp
    inv_mpu.o(.text) refers to fmul.o(.text) for __aeabi_fmul
    inv_mpu.o(.text) refers to inv_mpu_dmp_motion_driver.o(.text) for dmp_set_gyro_bias
    inv_mpu.o(.text) refers to mpuiic.o(.text) for MPU_IIC_Init
    inv_mpu.o(.text) refers to f2d.o(.text) for __aeabi_f2d
    inv_mpu.o(.text) refers to asin.o(i.asin) for asin
    inv_mpu.o(.text) refers to dmul.o(.text) for __aeabi_dmul
    inv_mpu.o(.text) refers to d2f.o(.text) for __aeabi_d2f
    inv_mpu.o(.text) refers to atan2.o(i.atan2) for atan2
    inv_mpu.o(.data) refers to inv_mpu.o(.constdata) for reg
[...]
    mget_ms                                  0x080015ff   Thumb Code     2  inv_mpu.o(.text)
    mpu_get_gyro_reg                         0x08001601   Thumb Code   150  inv_mpu.o(.text)
    mpu_get_accel_reg                        0x08001697   Thumb Code    66  inv_mpu.o(.text)
    mpu_get_temperature                      0x080016d9   Thumb Code   104  inv_mpu.o(.text)
    mpu_set_accel_bias                       0x08001741   Thumb Code   214  inv_mpu.o(.text)
    mpu_get_gyro_fsr                         0x08001817   Thumb Code    48  inv_mpu.o(.text)
    mpu_get_accel_fsr                        0x08001847   Thumb Code    54  inv_mpu.o(.text)
    mpu_get_lpf                              0x0800187d   Thumb Code    52  inv_mpu.o(.text)
    mpu_get_sample_rate                      0x080018b1   Thumb Code    22  inv_mpu.o(.text)
    mpu_get_compass_sample_rate              0x080018c7   Thumb Code     8  inv_mpu.o(.text)
    mpu_set_compass_sample_rate              0x080018cf   Thumb Code     6  inv_mpu.o(.text)
    mpu_get_gyro_sens                        0x080018d5   Thumb Code    44  inv_mpu.o(.text)
    mpu_get_accel_sens                       0x08001901   Thumb Code    62  inv_mpu.o(.text)
    mpu_get_fifo_config                      0x0800193f   Thumb Code    10  inv_mpu.o(.text)
    mpu_get_power_state                      0x08001949   Thumb Code    14  inv_mpu.o(.text)
    mpu_get_int_status                       0x08001957   Thumb Code    48  inv_mpu.o(.text)
    mpu_read_fifo                            0x08001987   Thumb Code   362  inv_mpu.o(.text)
    mpu_read_fifo_stream                     0x08001af1   Thumb Code   138  inv_mpu.o(.text)
    mpu_set_int_level                        0x08001b7b   Thumb Code    10  inv_mpu.o(.text)
    mpu_set_dmp_state                        0x08001e93   Thumb Code   120  inv_mpu.o(.text)
    mpu_run_self_test                        0x08001f0b   Thumb Code   234  inv_mpu.o(.text)
    mpu_write_mem                            0x08001ff5   Thumb Code    80  inv_mpu.o(.text)
    mpu_read_mem                             0x08002045   Thumb Code    80  inv_mpu.o(.text)
    mpu_load_firmware                        0x08002095   Thumb Code   158  inv_mpu.o(.text)
    mpu_get_dmp_state                        0x08002133   Thumb Code    12  inv_mpu.o(.text)
    setup_compass                            0x0800213f   Thumb Code     6  inv_mpu.o(.text)
    mpu_get_compass_reg                      0x08002145   Thumb Code     6  inv_mpu.o(.text)
    mpu_get_compass_fsr                      0x0800214b   Thumb Code     6  inv_mpu.o(.text)
    mpu_lp_motion_interrupt                  0x08002151   Thumb Code   434  inv_mpu.o(.text)
    run_self_test                            0x08002303   Thumb Code   118  inv_mpu.o(.text)
    inv_row_2_scale                          0x08002379   Thumb Code    72  inv_mpu.o(.text)
    inv_orientation_matrix_to_scalar         0x080023c1   Thumb Code    34  inv_mpu.o(.text)
    mpu_dmp_init                             0x080023e3   Thumb Code   148  inv_mpu.o(.text)
    mpu_dmp_get_data                         0x08002477   Thumb Code   406  inv_mpu.o(.text)
    dmp_load_motion_driver_firmware          0x08002805   Thumb Code    16  inv_mpu_dmp_motion_driver.o(.text)
    dmp_set_orientation                      0x08002815   Thumb Code   246  inv_mpu_dmp_motion_driver.o(.text)
    dmp_set_gyro_bias                        0x0800290b   Thumb Code   196  inv_mpu_dmp_motion_driver.o(.text)
    dmp_set_accel_bias                       0x080029cf   Thumb Code   206  inv_mpu_dmp_motion_driver.o(.text)
    dmp_set_fifo_rate                        0x08002a9d   Thumb Code    82  inv_mpu_dmp_motion_driver.o(.text)
    dmp_get_fifo_rate                        0x08002aef   Thumb Code    10  inv_mpu_dmp_motion_driver.o(.text)
    dmp_set_tap_thresh                       0x08002af9   Thumb Code   340  inv_mpu_dmp_motion_driver.o(.text)
    dmp_set_tap_axes                         0x08002c4d   Thumb Code    64  inv_mpu_dmp_motion_driver.o(.text)
    dmp_set_tap_count                        0x08002c8d   Thumb Code    34  inv_mpu_dmp_motion_driver.o(.text)
    dmp_set_tap_time                         0x08002caf   Thumb Code    32  inv_mpu_dmp_motion_driver.o(.text)
    dmp_set_tap_time_multi                   0x08002ccf   Thumb Code    32  inv_mpu_dmp_motion_driver.o(.text)
    dmp_set_shake_reject_thresh              0x08002cef   Thumb Code    48  inv_mpu_dmp_motion_driver.o(.text)
    dmp_set_shake_reject_time                0x08002d1f   Thumb Code    32  inv_mpu_dmp_motion_driver.o(.text)
    dmp_set_shake_reject_timeout             0x08002d3f   Thumb Code    32  inv_mpu_dmp_motion_driver.o(.text)
    dmp_get_pedometer_step_count             0x08002d5f   Thumb Code    48  inv_mpu_dmp_motion_driver.o(.text)
    dmp_set_pedometer_step_count             0x08002d8f   Thumb Code    38  inv_mpu_dmp_motion_driver.o(.text)
    dmp_get_pedometer_walk_time              0x08002db5   Thumb Code    54  inv_mpu_dmp_motion_driver.o(.text)
    dmp_set_pedometer_walk_time              0x08002deb   Thumb Code    44  inv_mpu_dmp_motion_driver.o(.text)
    dmp_enable_6x_lp_quat                    0x08002e17   Thumb Code    58  inv_mpu_dmp_motion_driver.o(.text)
    dmp_enable_lp_quat                       0x08002e51   Thumb Code    58  inv_mpu_dmp_motion_driver.o(.text)
    dmp_enable_gyro_cal                      0x08002e8b   Thumb Code    32  inv_mpu_dmp_motion_driver.o(.text)
    dmp_enable_feature                       0x08002eab   Thumb Code   468  inv_mpu_dmp_motion_driver.o(.text)
    dmp_get_enabled_features                 0x0800307f   Thumb Code    10  inv_mpu_dmp_motion_driver.o(.text)
    dmp_set_interrupt_mode                   0x08003089   Thumb Code    60  inv_mpu_dmp_motion_driver.o(.text)
    dmp_read_fifo                            0x080030c5   Thumb Code   324  inv_mpu_dmp_motion_driver.o(.text)
    dmp_register_tap_cb                      0x08003209   Thumb Code     8  inv_mpu_dmp_motion_driver.o(.text)
    dmp_register_android_orient_cb           0x08003211   Thumb Code     8  inv_mpu_dmp_motion_driver.o(.text)
    Encoder_Count_RCC                        0x08003251   Thumb Code    38  encoder.o(.text)
    Encoder_Count_GPIO                       0x08003277   Thumb Code    50  encoder.o(.text)
    Encoder_Count_Configuration              0x080032a9   Thumb Code   210  encoder.o(.text)
    Encoder_Count_Init                       0x0800337b   Thumb Code    16  encoder.o(.text)
    Encoder_Value                            0x0800338b   Thumb Code    18  encoder.o(.text)
    Encoder_Count_Clear                      0x0800339d   Thumb Code     6  encoder.o(.text)
    Encoder_Count_read                       0x080033b5   Thumb Code    24  moto.o(.text)
    MPU6050_Data_read                        0x080033cd   Thumb Code    32  moto.o(.text)
    Moto_Speed_Read                          0x080033ed   Thumb Code    60  moto.o(.text)
    Speed1_Read                              0x08003429   Thumb Code   164  moto.o(.text)
    Speed2_Read                              0x080034cd   Thumb Code   168  moto.o(.text)
    my_abs                                   0x08003575   Thumb Code     8  moto.o(.text)
    Moto_Ctrl                                0x0800357d   Thumb Code    94  moto.o(.text)
    zhili                                    0x080035db   Thumb Code    46  moto.o(.text)
    sudu                                     0x08003609   Thumb Code   168  moto.o(.text)
    zhuan                                    0x080036b1   Thumb Code    28  moto.o(.text)
    Smart_Car_Task                           0x080036cd   Thumb Code   146  moto.o(.text)
    PWM_RCC                                  0x08003791   Thumb Code    30  pwm.o(.text)
    PWM_GPIO                                 0x080037af   Thumb Code   100  pwm.o(.text)
    PWM_TIM3_Configuration                   0x08003813   Thumb Code   174  pwm.o(.text)
    TIM3_NVIC_Configuration                  0x080038c1   Thumb Code    42  pwm.o(.text)
    PWM_Init                                 0x080038eb   Thumb Code    56  pwm.o(.text)
    pid_init                                 0x08003935   Thumb Code    90  pid.o(.text)
    increment_pid_ctrl                       0x0800398f   Thumb Code   146  pid.o(.text)
    location_pid_ctrl                        0x08003a21   Thumb Code   132  pid.o(.text)
    integral_limit                           0x08003aa5   Thumb Code    34  pid.o(.text)
    USART1_MSG_RCC_Configuration             0x08003ae1   Thumb Code    30  debug.o(.text)
    USART1_MSG_GPIO_Configuration            0x08003aff   Thumb Code    54  debug.o(.text)
    USART1_MSG_Configration                  0x08003b35   Thumb Code    72  debug.o(.text)
    USART1_MSG_NVIC_Configuration            0x08003b7d   Thumb Code    42  debug.o(.text)
    USART1_MSG_Init                          0x08003ba7   Thumb Code    20  debug.o(.text)
    crc16_calc                               0x08003bbb   Thumb Code    38  debug.o(.text)
    Msg_Send                                 0x08003be1   Thumb Code    46  debug.o(.text)
    debug_upload_data                        0x08003c0f   Thumb Code   844  debug.o(.text)
    debug_handle                             0x08003f5b   Thumb Code   802  debug.o(.text)
    USART1_IRQHandler                        0x0800427d   Thumb Code    48  debug.o(.text)
    debug_obj_init                           0x080042ad   Thumb Code     6  debug.o(.text)
    debug_init                               0x080042b3   Thumb Code     6  debug.o(.text)
    debug_set_point_range                    0x080042b9   Thumb Code    90  debug.o(.text)
    debug_send_initdata                      0x08004313   Thumb Code    40  debug.o(.text)
    debug_send_current                       0x0800433b   Thumb Code    30  debug.o(.text)
    debug_send_valtage                       0x08004359   Thumb Code    10  debug.o(.text)
    debug_send_power                         0x08004363   Thumb Code    10  debug.o(.text)
    debug_send_speed                         0x0800436d   Thumb Code    20  debug.o(.text)
    debug_send_distance                      0x08004381   Thumb Code    12  debug.o(.text)
    debug_send_temp                          0x0800438d   Thumb Code    12  debug.o(.text)
    debug_send_motorstate                    0x08004399   Thumb Code    10  debug.o(.text)
    debug_send_motorcode                     0x080043a3   Thumb Code    12  debug.o(.text)
    debug_send_wave_data                     0x080043af   Thumb Code    16  debug.o(.text)
    debug_receive_pid                        0x080043bf   Thumb Code    30  debug.o(.text)
    debug_receive_ctrl_code                  0x080043dd   Thumb Code    40  debug.o(.text)
    ADC_RCC                                  0x0800440d   Thumb Code    30  adc.o(.text)
    ADC_GPIO                                 0x0800442b   Thumb Code    24  adc.o(.text)
    ADC_Configuration                        0x08004443   Thumb Code   122  adc.o(.text)
    ADC_Check_Init                           0x080044bd   Thumb Code    16  adc.o(.text)
    ADC_Check1                               0x080044cd   Thumb Code   102  adc.o(.text)
    Temperature_check                        0x08004533   Thumb Code   124  adc.o(.text)
    Bat_energy                               0x080045af   Thumb Code    22  adc.o(.text)
    USART2_MSG_RCC_Configuration             0x08004601   Thumb Code    30  voice.o(.text)
    USART2_MSG_GPIO_Configuration            0x0800461f   Thumb Code    60  voice.o(.text)
    USART2_MSG_Configration                  0x0800465b   Thumb Code    72  voice.o(.text)
    USART2_MSG_NVIC_Configuration            0x080046a3   Thumb Code    42  voice.o(.text)
    USART2_MSG_Init                          0x080046cd   Thumb Code    20  voice.o(.text)
    USART2_IRQHandler                        0x080046e1   Thumb Code    46  voice.o(.text)
    Voice_Strength                           0x0800470f   Thumb Code   132  voice.o(.text)
    Voice_File                               0x08004793   Thumb Code   160  voice.o(.text)
    Voice_Start                              0x08004833   Thumb Code   106  voice.o(.text)
    Voice_Stop                               0x0800489d   Thumb Code   106  voice.o(.text)
    Voice_Exit                               0x08004907   Thumb Code   106  voice.o(.text)
    USART3_MSG_RCC_Configuration             0x08004979   Thumb Code    30  bluetooth.o(.text)
    USART3_MSG_GPIO_Configuration            0x08004997   Thumb Code    54  bluetooth.o(.text)
    USART3_MSG_Configration                  0x080049cd   Thumb Code    72  bluetooth.o(.text)
    USART3_MSG_NVIC_Configuration            0x08004a15   Thumb Code    42  bluetooth.o(.text)
    USART3_MSG_Init                          0x08004a3f   Thumb Code    20  bluetooth.o(.text)
    USART3_IRQHandler                        0x08004a53   Thumb Code    68  bluetooth.o(.text)
    BT_Send                                  0x08004a97   Thumb Code    36  bluetooth.o(.text)
    Receive_BT_Data                          0x08004abb   Thumb Code    52  bluetooth.o(.text)
    user_n_write                             0x08004afd   Thumb Code    38  flash_data.o(.text)
    user_n_read                              0x08004b23   Thumb Code     6  flash_data.o(.text)
    WATCH_DOG_WWDG_Configuration             0x08004b2d   Thumb Code    36  watch_dog.o(.text)
    WATCH_DOG_Init                           0x08004b51   Thumb Code     2  watch_dog.o(.text)
    Feed_dog                                 0x08004b53   Thumb Code     4  watch_dog.o(.text)
    MSG_Analyze_BT                           0x08004b59   Thumb Code    90  ui.o(.text)
    UI                                       0x08004bb3   Thumb Code   126  ui.o(.text)
    SysTick_Handler                          0x08004c4d   Thumb Code    20  delay.o(.text)
    delay_init                               0x08004c61   Thumb Code    60  delay.o(.text)
    delay_us                                 0x08004c9d   Thumb Code    48  delay.o(.text)
    delay_ms                                 0x08004ccd   Thumb Code    50  delay.o(.text)
    delay_xms                                0x08004cff   Thumb Code    26  delay.o(.text)
    Reset_Handler                            0x08004d25   Thumb Code     8  startup_stm32f10x_hd.o(.text)
    ADC1_2_IRQHandler                        0x08004d3f   Thumb Code     0  startup_stm32f10x_hd.o(.text)
    ADC3_IRQHandler                          0x08004d3f   Thumb Code     0  startup_stm32f10x_hd.o(.text)
    CAN1_RX1_IRQHandler                      0x08004d3f   Thumb Code     0  startup_stm32f10x_hd.o(.text)
    CAN1_SCE_IRQHandler                      0x08004d3f   Thumb Code     0  startup_stm32f10x_hd.o(.text)
    DMA1_Channel1_IRQHandler                 0x08004d3f   Thumb Code     0  startup_stm32f10x_hd.o(.text)
    DMA1_Channel2_IRQHandler                 0x08004d3f   Thumb Code     0  startup_stm32f10x_hd.o(.text)
    DMA1_Channel3_IRQHandler                 0x08004d3f   Thumb Code     0  startup_stm32f10x_hd.o(.text)
    DMA1_Channel4_IRQHandler                 0x08004d3f   Thumb Code     0  startup_stm32f10x_hd.o(.text)
    DMA1_Channel5_IRQHandler                 0x08004d3f   Thumb Code     0  startup_stm32f10x_hd.o(.text)
    DMA1_Channel6_IRQHandler                 0x08004d3f   Thumb Code     0  startup_stm32f10x_hd.o(.text)
    DMA1_Channel7_IRQHandler                 0x08004d3f   Thumb Code     0  startup_stm32f10x_hd.o(.text)
    DMA2_Channel1_IRQHandler                 0x08004d3f   Thumb Code     0  startup_stm32f10x_hd.o(.text)
    DMA2_Channel2_IRQHandler                 0x08004d3f   Thumb Code     0  startup_stm32f10x_hd.o(.text)
    DMA2_Channel3_IRQHandler                 0x08004d3f   Thumb Code     0  startup_stm32f10x_hd.o(.text)
    DMA2_Channel4_5_IRQHandler               0x08004d3f   Thumb Code     0  startup_stm32f10x_hd.o(.text)
    EXTI0_IRQHandler                         0x08004d3f   Thumb Code     0  startup_stm32f10x_hd.o(.text)
    EXTI15_10_IRQHandler                     0x08004d3f   Thumb Code     0  startup_stm32f10x_hd.o(.text)
    EXTI1_IRQHandler                         0x08004d3f   Thumb Code     0  startup_stm32f10x_hd.o(.text)
    EXTI2_IRQHandler                         0x08004d3f   Thumb Code     0  startup_stm32f10x_hd.o(.text)
    EXTI3_IRQHandler                         0x08004d3f   Thumb Code     0  startup_stm32f10x_hd.o(.text)
    EXTI9_5_IRQHandler                       0x08004d3f   Thumb Code     0  startup_stm32f10x_hd.o(.text)
    FLASH_IRQHandler                         0x08004d3f   Thumb Code     0  startup_stm32f10x_hd.o(.text)
    FSMC_IRQHandler                          0x08004d3f   Thumb Code     0  startup_stm32f10x_hd.o(.text)
    I2C1_ER_IRQHandler                       0x08004d3f   Thumb Code     0  startup_stm32f10x_hd.o(.text)
    I2C1_EV_IRQHandler                       0x08004d3f   Thumb Code     0  startup_stm32f10x_hd.o(.text)
    I2C2_ER_IRQHandler                       0x08004d3f   Thumb Code     0  startup_stm32f10x_hd.o(.text)
    I2C2_EV_IRQHandler                       0x08004d3f   Thumb Code     0  startup_stm32f10x_hd.o(.text)
    PVD_IRQHandler                           0x08004d3f   Thumb Code     0  startup_stm32f10x_hd.o(.text)
    RCC_IRQHandler                           0x08004d3f   Thumb Code     0  startup_stm32f10x_hd.o(.text)
    RTCAlarm_IRQHandler                      0x08004d3f   Thumb Code     0  startup_stm32f10x_hd.o(.text)
    RTC_IRQHandler                           0x08004d3f   Thumb Code     0  startup_stm32f10x_hd.o(.text)
    SDIO_IRQHandler                          0x08004d3f   Thumb Code     0  startup_stm32f10x_hd.o(.text)
    SPI1_IRQHandler                          0x08004d3f   Thumb Code     0  startup_stm32f10x_hd.o(.text)
    SPI2_IRQHandler                          0x08004d3f   Thumb Code     0  startup_stm32f10x_hd.o(.text)
    SPI3_IRQHandler                          0x08004d3f   Thumb Code     0  startup_stm32f10x_hd.o(.text)
    TAMPER_IRQHandler                        0x08004d3f   Thumb Code     0  startup_stm32f10x_hd.o(.text)
    TIM1_BRK_IRQHandler                      0x08004d3f   Thumb Code     0  startup_stm32f10x_hd.o(.text)
    TIM1_CC_IRQHandler                       0x08004d3f   Thumb Code     0  startup_stm32f10x_hd.o(.text)
    TIM1_TRG_COM_IRQHandler                  0x08004d3f   Thumb Code     0  startup_stm32f10x_hd.o(.text)
    TIM1_UP_IRQHandler                       0x08004d3f   Thumb Code     0  startup_stm32f10x_hd.o(.text)
    TIM3_IRQHandler                          0x08004d3f   Thumb Code     0  startup_stm32f10x_hd.o(.text)
    TIM4_IRQHandler                          0x08004d3f   Thumb Code     0  startup_stm32f10x_hd.o(.text)
    TIM5_IRQHandler                          0x08004d3f   Thumb Code     0  startup_stm32f10x_hd.o(.text)
    TIM6_IRQHandler                          0x08004d3f   Thumb Code     0  startup_stm32f10x_hd.o(.text)
    TIM8_BRK_IRQHandler                      0x08004d3f   Thumb Code     0  startup_stm32f10x_hd.o(.text)
    TIM8_CC_IRQHandler                       0x08004d3f   Thumb Code     0  startup_stm32f10x_hd.o(.text)
    TIM8_TRG_COM_IRQHandler                  0x08004d3f   Thumb Code     0  startup_stm32f10x_hd.o(.text)
    TIM8_UP_IRQHandler                       0x08004d3f   Thumb Code     0  startup_stm32f10x_hd.o(.text)
    UART4_IRQHandler                         0x08004d3f   Thumb Code     0  startup_stm32f10x_hd.o(.text)
    UART5_IRQHandler                         0x08004d3f   Thumb Code     0  startup_stm32f10x_hd.o(.text)
    USBWakeUp_IRQHandler                     0x08004d3f   Thumb Code     0  startup_stm32f10x_hd.o(.text)
    USB_HP_CAN1_TX_IRQHandler                0x08004d3f   Thumb Code     0  startup_stm32f10x_hd.o(.text)
    USB_LP_CAN1_RX0_IRQHandler               0x08004d3f   Thumb Code     0  startup_stm32f10x_hd.o(.text)
    WWDG_IRQHandler                          0x08004d3f   Thumb Code     0  startup_stm32f10x_hd.o(.text)
    NVIC_PriorityGroupConfig                 0x08004d49   Thumb Code    10  misc.o(.text)
    NVIC_Init                                0x08004d53   Thumb Code    94  misc.o(.text)
    NVIC_SetVectorTable                      0x08004db1   Thumb Code    14  misc.o(.text)
    NVIC_SystemLPConfig                      0x08004dbf   Thumb Code    20  misc.o(.text)
    SysTick_CLKSourceConfig                  0x08004dd3   Thumb Code    24  misc.o(.text)
    GPIO_DeInit                              0x08004df9   Thumb Code   152  stm32f10x_gpio.o(.text)
    GPIO_AFIODeInit                          0x08004e91   Thumb Code    22  stm32f10x_gpio.o(.text)
    GPIO_Init                                0x08004ea7   Thumb Code   156  stm32f10x_gpio.o(.text)
    GPIO_StructInit                          0x08004f43   Thumb Code    16  stm32f10x_gpio.o(.text)
    GPIO_ReadInputDataBit                    0x08004f53   Thumb Code    14  stm32f10x_gpio.o(.text)
    GPIO_ReadInputData                       0x08004f61   Thumb Code     6  stm32f10x_gpio.o(.text)
    GPIO_ReadOutputDataBit                   0x08004f67   Thumb Code    14  stm32f10x_gpio.o(.text)
    GPIO_ReadOutputData                      0x08004f75   Thumb Code     6  stm32f10x_gpio.o(.text)
    GPIO_SetBits                             0x08004f7b   Thumb Code     4  stm32f10x_gpio.o(.text)
    GPIO_ResetBits                           0x08004f7f   Thumb Code     4  stm32f10x_gpio.o(.text)
    GPIO_WriteBit                            0x08004f83   Thumb Code    10  stm32f10x_gpio.o(.text)
    GPIO_Write                               0x08004f8d   Thumb Code     4  stm32f10x_gpio.o(.text)
    GPIO_PinLockConfig                       0x08004f91   Thumb Code    16  stm32f10x_gpio.o(.text)
    GPIO_EventOutputConfig                   0x08004fa1   Thumb Code    22  stm32f10x_gpio.o(.text)
    GPIO_EventOutputCmd                      0x08004fb7   Thumb Code     6  stm32f10x_gpio.o(.text)
    GPIO_PinRemapConfig                      0x08004fbd   Thumb Code    82  stm32f10x_gpio.o(.text)
    GPIO_EXTILineConfig                      0x0800500f   Thumb Code    34  stm32f10x_gpio.o(.text)
    GPIO_ETH_MediaInterfaceConfig            0x08005031   Thumb Code     8  stm32f10x_gpio.o(.text)
    RCC_DeInit                               0x0800505d   Thumb Code    50  stm32f10x_rcc.o(.text)
    RCC_HSEConfig                            0x0800508f   Thumb Code    48  stm32f10x_rcc.o(.text)
    RCC_GetFlagStatus                        0x080050bf   Thumb Code    42  stm32f10x_rcc.o(.text)
    RCC_WaitForHSEStartUp                    0x080050e9   Thumb Code    44  stm32f10x_rcc.o(.text)
    RCC_AdjustHSICalibrationValue            0x08005115   Thumb Code    16  stm32f10x_rcc.o(.text)
    RCC_HSICmd                               0x08005125   Thumb Code     6  stm32f10x_rcc.o(.text)
    RCC_PLLConfig                            0x0800512b   Thumb Code    16  stm32f10x_rcc.o(.text)
    RCC_PLLCmd                               0x0800513b   Thumb Code     6  stm32f10x_rcc.o(.text)
    RCC_SYSCLKConfig                         0x08005141   Thumb Code    14  stm32f10x_rcc.o(.text)
    RCC_GetSYSCLKSource                      0x0800514f   Thumb Code    10  stm32f10x_rcc.o(.text)
    RCC_HCLKConfig                           0x08005159   Thumb Code    14  stm32f10x_rcc.o(.text)
    RCC_PCLK1Config                          0x08005167   Thumb Code    14  stm32f10x_rcc.o(.text)
    RCC_PCLK2Config                          0x08005175   Thumb Code    16  stm32f10x_rcc.o(.text)
    RCC_ITConfig                             0x08005185   Thumb Code    18  stm32f10x_rcc.o(.text)
    RCC_USBCLKConfig                         0x08005197   Thumb Code     8  stm32f10x_rcc.o(.text)
    RCC_ADCCLKConfig                         0x0800519f   Thumb Code    14  stm32f10x_rcc.o(.text)
    RCC_LSEConfig                            0x080051ad   Thumb Code    28  stm32f10x_rcc.o(.text)
    RCC_LSICmd                               0x080051c9   Thumb Code     6  stm32f10x_rcc.o(.text)
    RCC_RTCCLKConfig                         0x080051cf   Thumb Code    10  stm32f10x_rcc.o(.text)
    RCC_RTCCLKCmd                            0x080051d9   Thumb Code     8  stm32f10x_rcc.o(.text)
    RCC_GetClocksFreq                        0x080051e1   Thumb Code   132  stm32f10x_rcc.o(.text)
    RCC_AHBPeriphClockCmd                    0x08005265   Thumb Code    18  stm32f10x_rcc.o(.text)
    RCC_APB2PeriphClockCmd                   0x08005277   Thumb Code    18  stm32f10x_rcc.o(.text)
    RCC_APB1PeriphClockCmd                   0x08005289   Thumb Code    18  stm32f10x_rcc.o(.text)
    RCC_APB2PeriphResetCmd                   0x0800529b   Thumb Code    18  stm32f10x_rcc.o(.text)
    RCC_APB1PeriphResetCmd                   0x080052ad   Thumb Code    18  stm32f10x_rcc.o(.text)
    RCC_BackupResetCmd                       0x080052bf   Thumb Code     8  stm32f10x_rcc.o(.text)
    RCC_ClockSecuritySystemCmd               0x080052c7   Thumb Code     6  stm32f10x_rcc.o(.text)
    RCC_MCOConfig                            0x080052cd   Thumb Code     6  stm32f10x_rcc.o(.text)
    RCC_ClearFlag                            0x080052d3   Thumb Code    12  stm32f10x_rcc.o(.text)
    RCC_GetITStatus                          0x080052df   Thumb Code    16  stm32f10x_rcc.o(.text)
    RCC_ClearITPendingBit                    0x080052ef   Thumb Code     6  stm32f10x_rcc.o(.text)
    USART_DeInit                             0x08005315   Thumb Code    96  stm32f10x_usart.o(.text)
    USART_Init                               0x08005375   Thumb Code   166  stm32f10x_usart.o(.text)
    USART_StructInit                         0x0800541b   Thumb Code    22  stm32f10x_usart.o(.text)
    USART_ClockInit                          0x08005431   Thumb Code    30  stm32f10x_usart.o(.text)
    USART_ClockStructInit                    0x0800544f   Thumb Code    12  stm32f10x_usart.o(.text)
    USART_Cmd                                0x0800545b   Thumb Code    20  stm32f10x_usart.o(.text)
    USART_ITConfig                           0x0800546f   Thumb Code    48  stm32f10x_usart.o(.text)
    USART_DMACmd                             0x0800549f   Thumb Code    16  stm32f10x_usart.o(.text)
    USART_SetAddress                         0x080054af   Thumb Code    16  stm32f10x_usart.o(.text)
    USART_WakeUpConfig                       0x080054bf   Thumb Code    16  stm32f10x_usart.o(.text)
    USART_ReceiverWakeUpCmd                  0x080054cf   Thumb Code    20  stm32f10x_usart.o(.text)
    USART_LINBreakDetectLengthConfig         0x080054e3   Thumb Code    16  stm32f10x_usart.o(.text)
    USART_LINCmd                             0x080054f3   Thumb Code    20  stm32f10x_usart.o(.text)
    USART_SendData                           0x08005507   Thumb Code     8  stm32f10x_usart.o(.text)
    USART_ReceiveData                        0x0800550f   Thumb Code     8  stm32f10x_usart.o(.text)
    USART_SendBreak                          0x08005517   Thumb Code    10  stm32f10x_usart.o(.text)
    USART_SetGuardTime                       0x08005521   Thumb Code    16  stm32f10x_usart.o(.text)
    USART_SetPrescaler                       0x08005531   Thumb Code    16  stm32f10x_usart.o(.text)
    USART_SmartCardCmd                       0x08005541   Thumb Code    20  stm32f10x_usart.o(.text)
    USART_SmartCardNACKCmd                   0x08005555   Thumb Code    20  stm32f10x_usart.o(.text)
    USART_HalfDuplexCmd                      0x08005569   Thumb Code    20  stm32f10x_usart.o(.text)
    USART_OverSampling8Cmd                   0x0800557d   Thumb Code    20  stm32f10x_usart.o(.text)
    USART_OneBitMethodCmd                    0x08005591   Thumb Code    20  stm32f10x_usart.o(.text)
    USART_IrDAConfig                         0x080055a5   Thumb Code    16  stm32f10x_usart.o(.text)
    USART_IrDACmd                            0x080055b5   Thumb Code    20  stm32f10x_usart.o(.text)
    USART_GetFlagStatus                      0x080055c9   Thumb Code    14  stm32f10x_usart.o(.text)
    USART_ClearFlag                          0x080055d7   Thumb Code     6  stm32f10x_usart.o(.text)
    USART_GetITStatus                        0x080055dd   Thumb Code    62  stm32f10x_usart.o(.text)
    USART_ClearITPendingBit                  0x0800561b   Thumb Code    12  stm32f10x_usart.o(.text)
    EXTI_DeInit                              0x0800563d   Thumb Code    28  stm32f10x_exti.o(.text)
    EXTI_Init                                0x08005659   Thumb Code   108  stm32f10x_exti.o(.text)
    EXTI_StructInit                          0x080056c5   Thumb Code    14  stm32f10x_exti.o(.text)
    EXTI_GenerateSWInterrupt                 0x080056d3   Thumb Code    12  stm32f10x_exti.o(.text)
    EXTI_GetFlagStatus                       0x080056df   Thumb Code    18  stm32f10x_exti.o(.text)
    EXTI_ClearFlag                           0x080056f1   Thumb Code     8  stm32f10x_exti.o(.text)
    EXTI_GetITStatus                         0x080056f9   Thumb Code    28  stm32f10x_exti.o(.text)
    EXTI_ClearITPendingBit                   0x08005715   Thumb Code     8  stm32f10x_exti.o(.text)
    TIM_DeInit                               0x08005725   Thumb Code   304  stm32f10x_tim.o(.text)
    TIM_TimeBaseInit                         0x08005855   Thumb Code   114  stm32f10x_tim.o(.text)
    TIM_OC1Init                              0x080058c7   Thumb Code   106  stm32f10x_tim.o(.text)
    TIM_OC2Init                              0x08005931   Thumb Code   120  stm32f10x_tim.o(.text)
    TIM_OC3Init                              0x080059a9   Thumb Code   116  stm32f10x_tim.o(.text)
    TIM_OC4Init                              0x08005a1d   Thumb Code    90  stm32f10x_tim.o(.text)
    TIM_SetIC4Prescaler                      0x08005a77   Thumb Code    24  stm32f10x_tim.o(.text)
    TIM_SetIC3Prescaler                      0x08005a8f   Thumb Code    16  stm32f10x_tim.o(.text)
    TIM_SetIC2Prescaler                      0x08005a9f   Thumb Code    24  stm32f10x_tim.o(.text)
    TIM_SetIC1Prescaler                      0x08005b5d   Thumb Code    16  stm32f10x_tim.o(.text)
    TIM_ICInit                               0x08005bc5   Thumb Code   270  stm32f10x_tim.o(.text)
    TIM_PWMIConfig                           0x08005cd3   Thumb Code   104  stm32f10x_tim.o(.text)
    TIM_BDTRConfig                           0x08005d3b   Thumb Code    34  stm32f10x_tim.o(.text)
    TIM_TimeBaseStructInit                   0x08005d5d   Thumb Code    18  stm32f10x_tim.o(.text)
    TIM_OCStructInit                         0x08005d6f   Thumb Code    20  stm32f10x_tim.o(.text)
    TIM_ICStructInit                         0x08005d83   Thumb Code    16  stm32f10x_tim.o(.text)
    TIM_BDTRStructInit                       0x08005d93   Thumb Code    18  stm32f10x_tim.o(.text)
    TIM_Cmd                                  0x08005da5   Thumb Code    20  stm32f10x_tim.o(.text)
    TIM_CtrlPWMOutputs                       0x08005db9   Thumb Code    22  stm32f10x_tim.o(.text)
    TIM_ITConfig                             0x08005dcf   Thumb Code    16  stm32f10x_tim.o(.text)
    TIM_GenerateEvent                        0x08005ddf   Thumb Code     4  stm32f10x_tim.o(.text)
    TIM_DMAConfig                            0x08005de3   Thumb Code     8  stm32f10x_tim.o(.text)
    TIM_DMACmd                               0x08005deb   Thumb Code    16  stm32f10x_tim.o(.text)
    TIM_InternalClockConfig                  0x08005dfb   Thumb Code    10  stm32f10x_tim.o(.text)
    TIM_SelectInputTrigger                   0x08005e05   Thumb Code    12  stm32f10x_tim.o(.text)
    TIM_ITRxExternalClockConfig              0x08005e11   Thumb Code    18  stm32f10x_tim.o(.text)
    TIM_TIxExternalClockConfig               0x08005e23   Thumb Code    46  stm32f10x_tim.o(.text)
    TIM_ETRConfig                            0x08005e51   Thumb Code    24  stm32f10x_tim.o(.text)
    TIM_ETRClockMode1Config                  0x08005e69   Thumb Code    18  stm32f10x_tim.o(.text)
    TIM_ETRClockMode2Config                  0x08005e7b   Thumb Code    18  stm32f10x_tim.o(.text)
    TIM_PrescalerConfig                      0x08005e8d   Thumb Code     6  stm32f10x_tim.o(.text)
    TIM_CounterModeConfig                    0x08005e93   Thumb Code    12  stm32f10x_tim.o(.text)
    TIM_EncoderInterfaceConfig               0x08005e9f   Thumb Code    50  stm32f10x_tim.o(.text)
    TIM_ForcedOC1Config                      0x08005ed1   Thumb Code    12  stm32f10x_tim.o(.text)
    TIM_ForcedOC2Config                      0x08005edd   Thumb Code    20  stm32f10x_tim.o(.text)
    TIM_ForcedOC3Config                      0x08005ef1   Thumb Code    12  stm32f10x_tim.o(.text)
    TIM_ForcedOC4Config                      0x08005efd   Thumb Code    20  stm32f10x_tim.o(.text)
    TIM_ARRPreloadConfig                     0x08005f11   Thumb Code    20  stm32f10x_tim.o(.text)
    TIM_SelectCOM                            0x08005f25   Thumb Code    20  stm32f10x_tim.o(.text)
    TIM_SelectCCDMA                          0x08005f39   Thumb Code    20  stm32f10x_tim.o(.text)
    TIM_CCPreloadControl                     0x08005f4d   Thumb Code    20  stm32f10x_tim.o(.text)
    TIM_OC1PreloadConfig                     0x08005f61   Thumb Code    32  stm32f10x_tim.o(.text)
    TIM_OC2PreloadConfig                     0x08005f81   Thumb Code    20  stm32f10x_tim.o(.text)
    TIM_OC3PreloadConfig                     0x08005f95   Thumb Code    12  stm32f10x_tim.o(.text)
    TIM_OC4PreloadConfig                     0x08005fa1   Thumb Code    20  stm32f10x_tim.o(.text)
    TIM_OC1FastConfig                        0x08005fb5   Thumb Code    12  stm32f10x_tim.o(.text)
    TIM_OC2FastConfig                        0x08005fc1   Thumb Code    20  stm32f10x_tim.o(.text)
    TIM_OC3FastConfig                        0x08005fd5   Thumb Code    12  stm32f10x_tim.o(.text)
    TIM_OC4FastConfig                        0x08005fe1   Thumb Code    20  stm32f10x_tim.o(.text)
    TIM_ClearOC1Ref                          0x08005ff5   Thumb Code    12  stm32f10x_tim.o(.text)
    TIM_ClearOC2Ref                          0x08006001   Thumb Code    20  stm32f10x_tim.o(.text)
    TIM_ClearOC3Ref                          0x08006015   Thumb Code    12  stm32f10x_tim.o(.text)
    TIM_ClearOC4Ref                          0x08006021   Thumb Code    20  stm32f10x_tim.o(.text)
    TIM_OC1PolarityConfig                    0x08006035   Thumb Code    12  stm32f10x_tim.o(.text)
    TIM_OC1NPolarityConfig                   0x08006041   Thumb Code    12  stm32f10x_tim.o(.text)
    TIM_OC2PolarityConfig                    0x0800604d   Thumb Code    20  stm32f10x_tim.o(.text)
    TIM_OC2NPolarityConfig                   0x08006061   Thumb Code    20  stm32f10x_tim.o(.text)
    TIM_OC3PolarityConfig                    0x08006075   Thumb Code    20  stm32f10x_tim.o(.text)
    TIM_OC3NPolarityConfig                   0x08006089   Thumb Code    20  stm32f10x_tim.o(.text)
    TIM_OC4PolarityConfig                    0x0800609d   Thumb Code    20  stm32f10x_tim.o(.text)
    TIM_CCxCmd                               0x080060b1   Thumb Code    22  stm32f10x_tim.o(.text)
    TIM_CCxNCmd                              0x080060c7   Thumb Code    22  stm32f10x_tim.o(.text)
    TIM_SelectOCxM                           0x080060dd   Thumb Code    70  stm32f10x_tim.o(.text)
    TIM_UpdateDisableConfig                  0x08006123   Thumb Code    20  stm32f10x_tim.o(.text)
    TIM_UpdateRequestConfig                  0x08006137   Thumb Code    20  stm32f10x_tim.o(.text)
    TIM_SelectHallSensor                     0x0800614b   Thumb Code    20  stm32f10x_tim.o(.text)
    TIM_SelectOnePulseMode                   0x0800615f   Thumb Code    16  stm32f10x_tim.o(.text)
    TIM_SelectOutputTrigger                  0x0800616f   Thumb Code    16  stm32f10x_tim.o(.text)
    TIM_SelectSlaveMode                      0x0800617f   Thumb Code    16  stm32f10x_tim.o(.text)
    TIM_SelectMasterSlaveMode                0x0800618f   Thumb Code    16  stm32f10x_tim.o(.text)
    TIM_SetCounter                           0x0800619f   Thumb Code     4  stm32f10x_tim.o(.text)
    TIM_SetAutoreload                        0x080061a3   Thumb Code     4  stm32f10x_tim.o(.text)
    TIM_SetCompare1                          0x080061a7   Thumb Code     4  stm32f10x_tim.o(.text)
    TIM_SetCompare2                          0x080061ab   Thumb Code     4  stm32f10x_tim.o(.text)
    TIM_SetCompare3                          0x080061af   Thumb Code     4  stm32f10x_tim.o(.text)
    TIM_SetCompare4                          0x080061b3   Thumb Code     6  stm32f10x_tim.o(.text)
    TIM_SetClockDivision                     0x080061b9   Thumb Code    16  stm32f10x_tim.o(.text)
    TIM_GetCapture1                          0x080061c9   Thumb Code     4  stm32f10x_tim.o(.text)
    TIM_GetCapture2                          0x080061cd   Thumb Code     4  stm32f10x_tim.o(.text)
    TIM_GetCapture3                          0x080061d1   Thumb Code     4  stm32f10x_tim.o(.text)
    TIM_GetCapture4                          0x080061d5   Thumb Code     6  stm32f10x_tim.o(.text)
    TIM_GetCounter                           0x080061db   Thumb Code     4  stm32f10x_tim.o(.text)
    TIM_GetPrescaler                         0x080061df   Thumb Code     4  stm32f10x_tim.o(.text)
    TIM_GetFlagStatus                        0x080061e3   Thumb Code    14  stm32f10x_tim.o(.text)
    TIM_ClearFlag                            0x080061f1   Thumb Code     6  stm32f10x_tim.o(.text)
    TIM_GetITStatus                          0x080061f7   Thumb Code    24  stm32f10x_tim.o(.text)
    TIM_ClearITPendingBit                    0x0800620f   Thumb Code     6  stm32f10x_tim.o(.text)
    ADC_DeInit                               0x08006215   Thumb Code    56  stm32f10x_adc.o(.text)
    ADC_Init                                 0x0800624d   Thumb Code    62  stm32f10x_adc.o(.text)
    ADC_StructInit                           0x0800628b   Thumb Code    18  stm32f10x_adc.o(.text)
    ADC_Cmd                                  0x0800629d   Thumb Code    20  stm32f10x_adc.o(.text)
    ADC_DMACmd                               0x080062b1   Thumb Code    20  stm32f10x_adc.o(.text)
    ADC_ITConfig                             0x080062c5   Thumb Code    18  stm32f10x_adc.o(.text)
    ADC_ResetCalibration                     0x080062d7   Thumb Code    10  stm32f10x_adc.o(.text)
    ADC_GetResetCalibrationStatus            0x080062e1   Thumb Code    14  stm32f10x_adc.o(.text)
    ADC_StartCalibration                     0x080062ef   Thumb Code    10  stm32f10x_adc.o(.text)
    ADC_GetCalibrationStatus                 0x080062f9   Thumb Code    14  stm32f10x_adc.o(.text)
    ADC_SoftwareStartConvCmd                 0x08006307   Thumb Code    20  stm32f10x_adc.o(.text)
    ADC_GetSoftwareStartConvStatus           0x0800631b   Thumb Code    14  stm32f10x_adc.o(.text)
    ADC_DiscModeChannelCountConfig           0x08006329   Thumb Code    16  stm32f10x_adc.o(.text)
    ADC_DiscModeCmd                          0x08006339   Thumb Code    20  stm32f10x_adc.o(.text)
    ADC_RegularChannelConfig                 0x0800634d   Thumb Code   116  stm32f10x_adc.o(.text)
    ADC_ExternalTrigConvCmd                  0x080063c1   Thumb Code    20  stm32f10x_adc.o(.text)
    ADC_GetConversionValue                   0x080063d5   Thumb Code     6  stm32f10x_adc.o(.text)
    ADC_GetDualModeConversionValue           0x080063db   Thumb Code     8  stm32f10x_adc.o(.text)
    ADC_AutoInjectedConvCmd                  0x080063e3   Thumb Code    20  stm32f10x_adc.o(.text)
    ADC_InjectedDiscModeCmd                  0x080063f7   Thumb Code    20  stm32f10x_adc.o(.text)
    ADC_ExternalTrigInjectedConvConfig       0x0800640b   Thumb Code    12  stm32f10x_adc.o(.text)
    ADC_ExternalTrigInjectedConvCmd          0x08006417   Thumb Code    20  stm32f10x_adc.o(.text)
    ADC_SoftwareStartInjectedConvCmd         0x0800642b   Thumb Code    20  stm32f10x_adc.o(.text)
    ADC_GetSoftwareStartInjectedConvCmdStatus 0x0800643f   Thumb Code    14  stm32f10x_adc.o(.text)
    ADC_InjectedChannelConfig                0x0800644d   Thumb Code    74  stm32f10x_adc.o(.text)
    ADC_InjectedSequencerLengthConfig        0x08006497   Thumb Code    16  stm32f10x_adc.o(.text)
    ADC_SetInjectedOffset                    0x080064a7   Thumb Code    10  stm32f10x_adc.o(.text)
    ADC_GetInjectedConversionValue           0x080064b1   Thumb Code    14  stm32f10x_adc.o(.text)
    ADC_AnalogWatchdogCmd                    0x080064bf   Thumb Code    12  stm32f10x_adc.o(.text)
    ADC_AnalogWatchdogThresholdsConfig       0x080064cb   Thumb Code     6  stm32f10x_adc.o(.text)
    ADC_AnalogWatchdogSingleChannelConfig    0x080064d1   Thumb Code    12  stm32f10x_adc.o(.text)
    ADC_TempSensorVrefintCmd                 0x080064dd   Thumb Code    24  stm32f10x_adc.o(.text)
    ADC_GetFlagStatus                        0x080064f5   Thumb Code    14  stm32f10x_adc.o(.text)
    ADC_ClearFlag                            0x08006503   Thumb Code     6  stm32f10x_adc.o(.text)
    ADC_GetITStatus                          0x08006509   Thumb Code    28  stm32f10x_adc.o(.text)
    ADC_ClearITPendingBit                    0x08006525   Thumb Code     8  stm32f10x_adc.o(.text)
    FLASH_SetLatency                         0x08006545   Thumb Code    14  stm32f10x_flash.o(.text)
    FLASH_HalfCycleAccessCmd                 0x08006553   Thumb Code    18  stm32f10x_flash.o(.text)
    FLASH_PrefetchBufferCmd                  0x08006565   Thumb Code    18  stm32f10x_flash.o(.text)
    FLASH_Unlock                             0x08006577   Thumb Code    12  stm32f10x_flash.o(.text)
    FLASH_UnlockBank1                        0x08006583   Thumb Code    12  stm32f10x_flash.o(.text)
    FLASH_Lock                               0x0800658f   Thumb Code    12  stm32f10x_flash.o(.text)
    FLASH_LockBank1                          0x0800659b   Thumb Code    12  stm32f10x_flash.o(.text)
    FLASH_GetBank1Status                     0x080065a7   Thumb Code    34  stm32f10x_flash.o(.text)
    FLASH_WaitForLastOperation               0x080065c9   Thumb Code    34  stm32f10x_flash.o(.text)
    FLASH_ErasePage                          0x080065eb   Thumb Code    56  stm32f10x_flash.o(.text)
    FLASH_EraseAllPages                      0x08006623   Thumb Code    52  stm32f10x_flash.o(.text)
    FLASH_WaitForLastBank1Operation          0x08006657   Thumb Code    34  stm32f10x_flash.o(.text)
    FLASH_EraseAllBank1Pages                 0x08006679   Thumb Code    52  stm32f10x_flash.o(.text)
    FLASH_GetReadOutProtectionStatus         0x080066ad   Thumb Code    14  stm32f10x_flash.o(.text)
    FLASH_EraseOptionBytes                   0x080066bb   Thumb Code   108  stm32f10x_flash.o(.text)
    FLASH_ProgramWord                        0x08006727   Thumb Code    72  stm32f10x_flash.o(.text)
    FLASH_ProgramHalfWord                    0x0800676f   Thumb Code    48  stm32f10x_flash.o(.text)
    FLASH_ProgramOptionByteData              0x0800679f   Thumb Code    62  stm32f10x_flash.o(.text)
    FLASH_EnableWriteProtection              0x080067dd   Thumb Code   158  stm32f10x_flash.o(.text)
    FLASH_ReadOutProtection                  0x0800687b   Thumb Code   118  stm32f10x_flash.o(.text)
    FLASH_UserOptionByteConfig               0x080068f1   Thumb Code    92  stm32f10x_flash.o(.text)
    FLASH_GetUserOptionByte                  0x0800694d   Thumb Code     8  stm32f10x_flash.o(.text)
    FLASH_GetWriteProtectionOptionByte       0x08006955   Thumb Code     6  stm32f10x_flash.o(.text)
    FLASH_GetPrefetchBufferStatus            0x0800695b   Thumb Code    14  stm32f10x_flash.o(.text)
    FLASH_ITConfig                           0x08006969   Thumb Code    18  stm32f10x_flash.o(.text)
    FLASH_GetFlagStatus                      0x0800697b   Thumb Code    28  stm32f10x_flash.o(.text)
    FLASH_ClearFlag                          0x08006997   Thumb Code     6  stm32f10x_flash.o(.text)
    FLASH_GetStatus                          0x0800699d   Thumb Code    34  stm32f10x_flash.o(.text)
    IWDG_WriteAccessCmd                      0x080069c5   Thumb Code     6  stm32f10x_iwdg.o(.text)
    IWDG_SetPrescaler                        0x080069cb   Thumb Code     6  stm32f10x_iwdg.o(.text)
    IWDG_SetReload                           0x080069d1   Thumb Code     6  stm32f10x_iwdg.o(.text)
    IWDG_ReloadCounter                       0x080069d7   Thumb Code    10  stm32f10x_iwdg.o(.text)
    IWDG_Enable                              0x080069e1   Thumb Code    10  stm32f10x_iwdg.o(.text)
    IWDG_GetFlagStatus                       0x080069eb   Thumb Code    16  stm32f10x_iwdg.o(.text)
    vListInitialise                          0x08006a01   Thumb Code    22  list.o(.text)
    vListInitialiseItem                      0x08006a17   Thumb Code     6  list.o(.text)
    vListInsertEnd                           0x08006a1d   Thumb Code    24  list.o(.text)
    vListInsert                              0x08006a35   Thumb Code    48  list.o(.text)
    uxListRemove                             0x08006a65   Thumb Code    36  list.o(.text)
    xQueueGenericReset                       0x08006a89   Thumb Code   128  queue.o(.text)
    xQueueGenericCreate                      0x08006b09   Thumb Code    82  queue.o(.text)
    xQueueGenericSend                        0x08006ca9   Thumb Code   350  queue.o(.text)
    xQueueCreateMutex                        0x08006e07   Thumb Code    36  queue.o(.text)
    xQueueGiveMutexRecursive                 0x08006e2b   Thumb Code    98  queue.o(.text)
    xQueueGenericReceive                     0x08006eb3   Thumb Code   356  queue.o(.text)
    xQueueTakeMutexRecursive                 0x08007017   Thumb Code    68  queue.o(.text)
    xQueueCreateCountingSemaphore            0x0800705b   Thumb Code    62  queue.o(.text)
    xQueueGenericSendFromISR                 0x08007099   Thumb Code   200  queue.o(.text)
    xQueueGiveFromISR                        0x08007161   Thumb Code   172  queue.o(.text)
    xQueueReceiveFromISR                     0x0800720d   Thumb Code   150  queue.o(.text)
    xQueuePeekFromISR                        0x080072a3   Thumb Code   114  queue.o(.text)
    uxQueueMessagesWaiting                   0x08007315   Thumb Code    36  queue.o(.text)
    uxQueueSpacesAvailable                   0x08007339   Thumb Code    40  queue.o(.text)
    uxQueueMessagesWaitingFromISR            0x08007361   Thumb Code    26  queue.o(.text)
    vQueueUnregisterQueue                    0x0800737b   Thumb Code    36  queue.o(.text)
    vQueueDelete                             0x0800739f   Thumb Code    38  queue.o(.text)
    uxQueueGetQueueNumber                    0x080073c5   Thumb Code     4  queue.o(.text)
    vQueueSetQueueNumber                     0x080073c9   Thumb Code     4  queue.o(.text)
    ucQueueGetQueueType                      0x080073cd   Thumb Code     6  queue.o(.text)
    xQueueIsQueueEmptyFromISR                0x080073d3   Thumb Code    34  queue.o(.text)
    xQueueIsQueueFullFromISR                 0x080073f5   Thumb Code    38  queue.o(.text)
    vQueueAddToRegistry                      0x0800741b   Thumb Code    32  queue.o(.text)
    pcQueueGetName                           0x0800743b   Thumb Code    34  queue.o(.text)
    vQueueWaitForMessageRestricted           0x0800745d   Thumb Code    68  queue.o(.text)
    xQueueCreateSet                          0x080074a1   Thumb Code     8  queue.o(.text)
    xQueueAddToSet                           0x080074a9   Thumb Code    34  queue.o(.text)
    xQueueRemoveFromSet                      0x080074cb   Thumb Code    34  queue.o(.text)
    xQueueSelectFromSet                      0x080074ed   Thumb Code    18  queue.o(.text)
    xQueueSelectFromSetFromISR               0x080074ff   Thumb Code    18  queue.o(.text)
    xTaskCreate                              0x080075f5   Thumb Code    86  tasks.o(.text)
    vTaskDelete                              0x0800764b   Thumb Code   154  tasks.o(.text)
    xTaskIncrementTick                       0x080076e5   Thumb Code   186  tasks.o(.text)
    xTaskResumeAll                           0x0800779f   Thumb Code   182  tasks.o(.text)
    vTaskSuspendAll                          0x080078bb   Thumb Code    10  tasks.o(.text)
    vTaskDelayUntil                          0x080078c5   Thumb Code   180  tasks.o(.text)
    vTaskDelay                               0x08007979   Thumb Code    66  tasks.o(.text)
    eTaskGetState                            0x080079bb   Thumb Code    94  tasks.o(.text)
    uxTaskPriorityGet                        0x08007a19   Thumb Code    24  tasks.o(.text)
    uxTaskPriorityGetFromISR                 0x08007a31   Thumb Code    40  tasks.o(.text)
    vTaskPrioritySet                         0x08007a59   Thumb Code   184  tasks.o(.text)
    vTaskSwitchContext                       0x08007b11   Thumb Code   110  tasks.o(.text)
    vTaskSuspend                             0x08007b7f   Thumb Code   156  tasks.o(.text)
    vTaskResume                              0x08007c4b   Thumb Code   116  tasks.o(.text)
    xTaskResumeFromISR                       0x08007cbf   Thumb Code   126  tasks.o(.text)
    vTaskStartScheduler                      0x08007d71   Thumb Code   104  tasks.o(.text)
    vTaskEndScheduler                        0x08007dd9   Thumb Code    26  tasks.o(.text)
    xTaskGetTickCount                        0x08007df3   Thumb Code     8  tasks.o(.text)
    xTaskGetTickCountFromISR                 0x08007dfb   Thumb Code    14  tasks.o(.text)
    uxTaskGetNumberOfTasks                   0x08007e09   Thumb Code     8  tasks.o(.text)
    pcTaskGetName                            0x08007e11   Thumb Code    40  tasks.o(.text)
    vTaskGetInfo                             0x08007e39   Thumb Code   112  tasks.o(.text)
    uxTaskGetSystemState                     0x08007efd   Thumb Code   164  tasks.o(.text)
    vTaskPlaceOnEventList                    0x08007fa1   Thumb Code    48  tasks.o(.text)
    vTaskPlaceOnUnorderedEventList           0x08007fd1   Thumb Code    80  tasks.o(.text)
    vTaskPlaceOnEventListRestricted          0x08008021   Thumb Code    58  tasks.o(.text)
    xTaskRemoveFromEventList                 0x0800805b   Thumb Code   108  tasks.o(.text)
    xTaskRemoveFromUnorderedEventList        0x080080c7   Thumb Code   118  tasks.o(.text)
    vTaskSetTimeOutState                     0x0800813d   Thumb Code    64  tasks.o(.text)
    xTaskCheckForTimeOut                     0x0800817d   Thumb Code   102  tasks.o(.text)
    vTaskMissedYield                         0x080081e3   Thumb Code     8  tasks.o(.text)
    uxTaskGetTaskNumber                      0x080081eb   Thumb Code     8  tasks.o(.text)
    vTaskSetTaskNumber                       0x080081f3   Thumb Code     8  tasks.o(.text)
    uxTaskGetStackHighWaterMark              0x080081fb   Thumb Code    12  tasks.o(.text)
    xTaskGetCurrentTaskHandle                0x08008207   Thumb Code     6  tasks.o(.text)
    xTaskGetSchedulerState                   0x0800820d   Thumb Code    22  tasks.o(.text)
    vTaskPriorityInherit                     0x08008223   Thumb Code   124  tasks.o(.text)
    xTaskPriorityDisinherit                  0x0800829f   Thumb Code   144  tasks.o(.text)
    vTaskList                                0x0800832f   Thumb Code   164  tasks.o(.text)
    vTaskGetRunTimeStats                     0x080083d3   Thumb Code   146  tasks.o(.text)
    uxTaskResetEventItemValue                0x08008465   Thumb Code    20  tasks.o(.text)
    pvTaskIncrementMutexHeldCount            0x08008479   Thumb Code    18  tasks.o(.text)
    ulTaskNotifyTake                         0x0800848b   Thumb Code    96  tasks.o(.text)
    xTaskNotifyWait                          0x080084eb   Thumb Code   128  tasks.o(.text)
    xTaskGenericNotify                       0x0800856b   Thumb Code   246  tasks.o(.text)
    xTaskGenericNotifyFromISR                0x08008661   Thumb Code   226  tasks.o(.text)
    vTaskNotifyGiveFromISR                   0x08008743   Thumb Code   168  tasks.o(.text)
    xTaskNotifyStateClear                    0x080087eb   Thumb Code    44  tasks.o(.text)
    xTimerGenericCommand                     0x080089c9   Thumb Code    98  timers.o(.text)
    xTimerCreateTimerTask                    0x08008b4f   Thumb Code    58  timers.o(.text)
    xTimerCreate                             0x08008b89   Thumb Code    72  timers.o(.text)
    xTimerGetTimerDaemonTaskHandle           0x08008bd1   Thumb Code    24  timers.o(.text)
    xTimerGetPeriod                          0x08008be9   Thumb Code    22  timers.o(.text)
    xTimerGetExpiryTime                      0x08008bff   Thumb Code    22  timers.o(.text)
    pcTimerGetName                           0x08008c15   Thumb Code    22  timers.o(.text)
    xTimerIsTimerActive                      0x08008c2b   Thumb Code    40  timers.o(.text)
    pvTimerGetTimerID                        0x08008c53   Thumb Code    32  timers.o(.text)
    vTimerSetTimerID                         0x08008c73   Thumb Code    34  timers.o(.text)
    xTimerPendFunctionCallFromISR            0x08008c95   Thumb Code    34  timers.o(.text)
    xTimerPendFunctionCall                   0x08008cb7   Thumb Code    60  timers.o(.text)
    pxPortInitialiseStack                    0x08008ecf   Thumb Code    32  port.o(.text)
    vPortSetupTimerInterrupt                 0x08008eef   Thumb Code    26  port.o(.text)
    xPortStartScheduler                      0x08008f09   Thumb Code   108  port.o(.text)
    vPortEndScheduler                        0x08008f75   Thumb Code    24  port.o(.text)
    vPortEnterCritical                       0x08008f8d   Thumb Code    52  port.o(.text)
    vPortExitCritical                        0x08008fc1   Thumb Code    34  port.o(.text)
    xPortSysTickHandler                      0x08008fe3   Thumb Code    40  port.o(.text)
    vPortValidateInterruptPriority           0x0800900b   Thumb Code    72  port.o(.text)
    pvPortMalloc                             0x080090ed   Thumb Code   214  heap_4.o(.text)
    vPortFree                                0x080091c3   Thumb Code    96  heap_4.o(.text)
    xPortGetFreeHeapSize                     0x08009223   Thumb Code     8  heap_4.o(.text)
    xPortGetMinimumEverFreeHeapSize          0x0800922b   Thumb Code     8  heap_4.o(.text)
    vPortInitialiseBlocks                    0x08009233   Thumb Code     2  heap_4.o(.text)
    __aeabi_ldivmod                          0x080092b9   Thumb Code    98  ldiv.o(.text)
    __aeabi_memcpy                           0x0800931b   Thumb Code    36  memcpya.o(.text)
    __aeabi_memcpy4                          0x0800931b   Thumb Code     0  memcpya.o(.text)
    __aeabi_memcpy8                          0x0800931b   Thumb Code     0  memcpya.o(.text)
    __aeabi_memset                           0x0800933f   Thumb Code    14  memseta.o(.text)
    __aeabi_memset4                          0x0800933f   Thumb Code     0  memseta.o(.text)
    __aeabi_memset8                          0x0800933f   Thumb Code     0  memseta.o(.text)
    __aeabi_memclr                           0x0800934d   Thumb Code     4  memseta.o(.text)
    __aeabi_memclr4                          0x0800934d   Thumb Code     0  memseta.o(.text)
    __aeabi_memclr8                          0x0800934d   Thumb Code     0  memseta.o(.text)
    _memset$wrapper                          0x08009351   Thumb Code    18  memseta.o(.text)
    strlen                                   0x08009363   Thumb Code    14  strlen.o(.text)
    memcmp                                   0x08009371   Thumb Code    26  memcmp.o(.text)
    strcpy                                   0x0800938b   Thumb Code    18  strcpy.o(.text)
    __aeabi_fadd                             0x0800939d   Thumb Code   164  fadd.o(.text)
    __aeabi_fsub                             0x08009441   Thumb Code     6  fadd.o(.text)
    __aeabi_frsub                            0x08009447   Thumb Code     6  fadd.o(.text)
    __aeabi_fmul                             0x0800944d   Thumb Code   100  fmul.o(.text)
    __aeabi_fdiv                             0x080094b1   Thumb Code   124  fdiv.o(.text)
    __ARM_scalbnf                            0x0800952d   Thumb Code    24  fscalb.o(.text)
    scalbnf                                  0x0800952d   Thumb Code     0  fscalb.o(.text)
    __aeabi_dadd                             0x08009545   Thumb Code   322  dadd.o(.text)
    __aeabi_dsub                             0x08009687   Thumb Code     6  dadd.o(.text)
    __aeabi_drsub                            0x0800968d   Thumb Code     6  dadd.o(.text)
    __aeabi_dmul                             0x08009693   Thumb Code   228  dmul.o(.text)
    __aeabi_ddiv                             0x08009777   Thumb Code   222  ddiv.o(.text)
    __aeabi_i2f                              0x08009855   Thumb Code    18  fflti.o(.text)
    __aeabi_ui2f                             0x08009867   Thumb Code    10  ffltui.o(.text)
    __aeabi_i2d                              0x08009871   Thumb Code    34  dflti.o(.text)
    __aeabi_ui2d                             0x08009893   Thumb Code    26  dfltui.o(.text)
    __aeabi_f2iz                             0x080098ad   Thumb Code    50  ffixi.o(.text)
    __aeabi_f2uiz                            0x080098df   Thumb Code    40  ffixui.o(.text)
    __aeabi_d2iz                             0x08009907   Thumb Code    62  dfixi.o(.text)
    __aeabi_d2uiz                            0x08009945   Thumb Code    50  dfixui.o(.text)
    __aeabi_f2d                              0x08009977   Thumb Code    38  f2d.o(.text)
    __aeabi_d2f                              0x0800999d   Thumb Code    56  d2f.o(.text)
    __aeabi_cfcmpeq                          0x080099d5   Thumb Code     0  cfcmple.o(.text)
    __aeabi_cfcmple                          0x080099d5   Thumb Code    20  cfcmple.o(.text)
    __aeabi_cfrcmple                         0x080099e9   Thumb Code    20  cfrcmple.o(.text)
    __aeabi_uldivmod                         0x080099fd   Thumb Code    98  uldiv.o(.text)
    __aeabi_llsl                             0x08009a5f   Thumb Code    30  llshl.o(.text)
    _ll_shift_l                              0x08009a5f   Thumb Code     0  llshl.o(.text)
    __aeabi_llsr                             0x08009a7d   Thumb Code    32  llushr.o(.text)
    _ll_ushift_r                             0x08009a7d   Thumb Code     0  llushr.o(.text)
    __aeabi_lasr                             0x08009a9d   Thumb Code    36  llsshr.o(.text)
    _ll_sshift_r                             0x08009a9d   Thumb Code     0  llsshr.o(.text)
    __I$use$fp                               0x08009ac1   Thumb Code     0  iusefp.o(.text)
    _float_round                             0x08009ac1   Thumb Code    18  fepilogue.o(.text)
    _float_epilogue                          0x08009ad3   Thumb Code    92  fepilogue.o(.text)
    _double_round                            0x08009b2f   Thumb Code    30  depilogue.o(.text)
    _double_epilogue                         0x08009b4d   Thumb Code   156  depilogue.o(.text)
    __ARM_scalbn                             0x08009be9   Thumb Code    46  dscalb.o(.text)
    scalbn                                   0x08009be9   Thumb Code     0  dscalb.o(.text)
    __scatterload                            0x08009c19   Thumb Code    28  init.o(.text)
    __scatterload_rt2                        0x08009c19   Thumb Code     0  init.o(.text)
    __I$use$semihosting$fputc                0x08009c3d   Thumb Code     0  iusesemip.o(.text)
    __semihosting_library_function           0x08009c3d   Thumb Code     0  semi.o(.text)
    _dsqrt                                   0x08009c3d   Thumb Code   162  dsqrt.o(.text)
    __decompress                             0x08009cdf   Thumb Code     0  __dczerorl2.o(.text)
    __decompress1                            0x08009cdf   Thumb Code    86  __dczerorl2.o(.text)
    __0printf$8                              0x08009d35   Thumb Code    22  printf8.o(i.__0printf$8)
    __1printf$8                              0x08009d35   Thumb Code     0  printf8.o(i.__0printf$8)
    __2printf                                0x08009d35   Thumb Code     0  printf8.o(i.__0printf$8)
    __0sprintf$8                             0x08009d55   Thumb Code    34  printf8.o(i.__0sprintf$8)
    __1sprintf$8                             0x08009d55   Thumb Code     0  printf8.o(i.__0sprintf$8)
    __2sprintf                               0x08009d55   Thumb Code     0  printf8.o(i.__0sprintf$8)
    __ARM_fpclassify                         0x08009d7d   Thumb Code    40  fpclassify.o(i.__ARM_fpclassify)
    __kernel_poly                            0x08009da5   Thumb Code   170  poly.o(i.__kernel_poly)
    __mathlib_dbl_infnan                     0x08009e4f   Thumb Code     6  dunder.o(i.__mathlib_dbl_infnan)
    __mathlib_dbl_infnan2                    0x08009e55   Thumb Code     4  dunder.o(i.__mathlib_dbl_infnan2)
    __mathlib_dbl_invalid                    0x08009e59   Thumb Code    12  dunder.o(i.__mathlib_dbl_invalid)
    __mathlib_dbl_underflow                  0x08009e65   Thumb Code    10  dunder.o(i.__mathlib_dbl_underflow)
    __scatterload_copy                       0x08009e75   Thumb Code    14  handlers.o(i.__scatterload_copy)
    __scatterload_null                       0x08009e83   Thumb Code     2  handlers.o(i.__scatterload_null)
    __scatterload_zeroinit                   0x08009e85   Thumb Code    14  handlers.o(i.__scatterload_zeroinit)
    __set_errno                              0x08009e95   Thumb Code     6  errno.o(i.__set_errno)
    asin                                     0x0800a30d   Thumb Code   572  asin.o(i.asin)
    atan                                     0x0800a57d   Thumb Code   474  atan.o(i.atan)
    atan2                                    0x0800a79d   Thumb Code   346  atan2.o(i.atan2)
    fputc                                    0x0800a91d   Thumb Code    18  fputc.o(i.fputc)
    sqrt                                     0x0800a92f   Thumb Code    76  sqrt.o(i.sqrt)
    reg                                      0x0800a97a   Data          27  inv_mpu.o(.constdata)
    hw                                       0x0800a996   Data          12  inv_mpu.o(.constdata)
    test                                     0x0800a9a4   Data          40  inv_mpu.o(.constdata)
    s_crclo                                  0x0800b6c2   Data         256  debug.o(.constdata)
    __mathlib_zero                           0x0800b8b0   Data           8  qnan.o(.constdata)
    Region$$Table$$Base                      0x0800b908   Number         0  anon$$obj.o(Region$$Table)
    Region$$Table$$Limit                     0x0800b928   Number         0  anon$$obj.o(Region$$Table)
    SystemCoreClock                          0x20000000   Data           4  system_stm32f10x.o(.data)
    AHBPrescTable                            0x20000004   Data          16  system_stm32f10x.o(.data)
    mpu_dmp_flag                             0x20000014   Data           1  pbdata.o(.data)
    user_number                              0x20000018   Data           4  pbdata.o(.data)
    StartTask_Handler                        0x2000001c   Data           4  my_task.o(.data)
    LEDTask_Handler                          0x20000020   Data           4  my_task.o(.data)
    UITask_Handler                           0x20000024   Data           4  my_task.o(.data)
    SPEEDTask_Handler                        0x20000028   Data           4  my_task.o(.data)
    MOTOTask_Handler                         0x2000002c   Data           4  my_task.o(.data)
    APITask_Handler                          0x20000030   Data           4  my_task.o(.data)
    APITIMETask_Handler                      0x20000034   Data           4  my_task.o(.data)
    time2                                    0x20000038   Data           2  time.o(.data)
    FreeRTOSRunTimeTicks                     0x20000040   Data           8  time.o(.data)
    mpu6050_data_flag                        0x20000080   Data           1  moto.o(.data)
    gyrox                                    0x20000082   Data           2  moto.o(.data)
    gyroy                                    0x20000084   Data           2  moto.o(.data)
    gyroz                                    0x20000086   Data           2  moto.o(.data)
    bianma1                                  0x20000088   Data           4  moto.o(.data)
    bianma2                                  0x2000008c   Data           4  moto.o(.data)
    speed_num1                               0x20000090   Data           4  moto.o(.data)
    speed_num2                               0x20000094   Data           4  moto.o(.data)
    bianma_cnt1                              0x20000098   Data           4  moto.o(.data)
    bianma_cnt2                              0x2000009c   Data           4  moto.o(.data)
    speed_avr1                               0x200000a0   Data           4  moto.o(.data)
    speed_last_avr1                          0x200000a4   Data           4  moto.o(.data)
    speed_avr1_num                           0x200000a8   Data           4  moto.o(.data)
    speed_cnt1                               0x200000ac   Data           4  moto.o(.data)
    speed_avr2                               0x200000b0   Data           4  moto.o(.data)
    speed_last_avr2                          0x200000b4   Data           4  moto.o(.data)
    speed_avr2_num                           0x200000b8   Data           4  moto.o(.data)
    speed_cnt2                               0x200000bc   Data           4  moto.o(.data)
    sudu_out                                 0x200000c0   Data           4  moto.o(.data)
    zhili_out                                0x200000c4   Data           4  moto.o(.data)
    zhuan_out                                0x200000c8   Data           4  moto.o(.data)
    PWM_OUT1                                 0x200000cc   Data           4  moto.o(.data)
    PWM_OUT2                                 0x200000d0   Data           4  moto.o(.data)
    Movement                                 0x200000d4   Data           4  moto.o(.data)
    turnment                                 0x200000d8   Data           4  moto.o(.data)
    Car_zero                                 0x200000dc   Data           4  moto.o(.data)
    zhili_Kp                                 0x200000e0   Data           4  moto.o(.data)
    zhili_Kd                                 0x200000e4   Data           4  moto.o(.data)
    sudu_Kp                                  0x200000e8   Data           4  moto.o(.data)
    sudu_Ki                                  0x200000ec   Data           4  moto.o(.data)
    zhuan_Kp                                 0x200000f0   Data           4  moto.o(.data)
    zhuan_Kd                                 0x200000f4   Data           4  moto.o(.data)
    pitch                                    0x20000108   Data           4  moto.o(.data)
    roll                                     0x2000010c   Data           4  moto.o(.data)
    yaw                                      0x20000110   Data           4  moto.o(.data)
    USART_MSG_Value                          0x20000114   Data           1  debug.o(.data)
    debug_rev_p                              0x20000115   Data           1  debug.o(.data)
    Bat_n                                    0x2000011c   Data           1  adc.o(.data)
    tmp_value                                0x2000011d   Data           1  adc.o(.data)
    adt1                                     0x20000120   Data           4  adc.o(.data)
    Bat_Value                                0x20000124   Data           4  adc.o(.data)
    voice_n                                  0x20000128   Data           1  voice.o(.data)
    USART3_MSG_flag                          0x20000129   Data           1  bluetooth.o(.data)
    USART3_MSG_Value                         0x2000012a   Data           1  bluetooth.o(.data)
    USART3_Count                             0x2000012b   Data           1  bluetooth.o(.data)
    USART3_Cmd_Flag                          0x2000012c   Data           1  bluetooth.o(.data)
    BT_Data1                                 0x2000012d   Data           1  bluetooth.o(.data)
    BT_Data2                                 0x2000012e   Data           1  bluetooth.o(.data)
    USART3_Receieve                          0x2000012f   Data           8  bluetooth.o(.data)
    front_flag                               0x20000137   Data           1  ui.o(.data)
    back_flag                                0x20000138   Data           1  ui.o(.data)
    turn_left_flag                           0x20000139   Data           1  ui.o(.data)
    turn_right_flag                          0x2000013a   Data           1  ui.o(.data)
    stop_flag                                0x2000013b   Data           1  ui.o(.data)
    voice_flag                               0x2000013c   Data           1  ui.o(.data)
    pxCurrentTCB                             0x20000158   Data           4  tasks.o(.data)
    __stdout                                 0x200001d4   Data           4  stdout.o(.data)
    speed_bga1                               0x200001ec   Data          40  moto.o(.bss)
    speed_bga2                               0x20000214   Data          40  moto.o(.bss)
    g_location_pid                           0x2000023c   Data          36  pid.o(.bss)
    g_speed_pid                              0x20000260   Data          36  pid.o(.bss)
    g_current_pid                            0x20000284   Data          36  pid.o(.bss)
    debug_rev_data                           0x200002a8   Data          17  debug.o(.bss)
    g_debug                                  0x200002c0   Data         216  debug.o(.bss)
    debug_rev                                0x20000398   Data          24  debug.o(.bss)
    xQueueRegistry                           0x200003b0   Data          64  queue.o(.bss)
    __initial_sp                             0x20005b00   Data           0  startup_stm32f10x_hd.o(STACK)



==============================================================================

Memory Map of the image

  Image Entry point : 0x08000131

  Load Region LR_IROM1 (Base: 0x08000000, Size: 0x0000bb04, Max: 0x00080000, ABSOLUTE, COMPRESSED[0x0000b97c])

    Execution Region ER_IROM1 (Base: 0x08000000, Size: 0x0000b928, Max: 0x00080000, ABSOLUTE)

    Base Addr    Size         Type   Attr      Idx    E Section Name        Object

    0x08000000   0x00000130   Data   RO          705    RESET               startup_stm32f10x_hd.o
    0x08000130   0x00000000   Code   RO         1023  * .ARM.Collect$$$$00000000  mc_w.l(entry.o)
    0x08000130   0x00000004   Code   RO         1376    .ARM.Collect$$$$00000001  mc_w.l(entry2.o)
    0x08000134   0x00000004   Code   RO         1379    .ARM.Collect$$$$00000004  mc_w.l(entry5.o)
    0x08000138   0x00000000   Code   RO         1381    .ARM.Collect$$$$00000008  mc_w.l(entry7b.o)
    0x08000138   0x00000000   Code   RO         1383    .ARM.Collect$$$$0000000A  mc_w.l(entry8b.o)
    0x08000138   0x00000008   Code   RO         1384    .ARM.Collect$$$$0000000B  mc_w.l(entry9a.o)
    0x08000140   0x00000000   Code   RO         1386    .ARM.Collect$$$$0000000D  mc_w.l(entry10a.o)
    0x08000140   0x00000000   Code   RO         1388    .ARM.Collect$$$$0000000F  mc_w.l(entry11a.o)
    0x08000140   0x00000004   Code   RO         1377    .ARM.Collect$$$$00002712  mc_w.l(entry2.o)
    0x08000144   0x00000096   Code   RO          959    .emb_text           port.o
    0x080001da   0x00000012   Code   RO            1    .text               main.o
    0x080001ec   0x0000000c   Code   RO          233    .text               stm32f10x_it.o
    0x080001f8   0x00000158   Code   RO          274    .text               system_stm32f10x.o
    0x08000350   0x00000040   Code   RO          292    .text               led.o
    0x08000390   0x00000218   Code   RO          305    .text               pbdata.o
    0x080005a8   0x0000016c   Code   RO          325    .text               my_task.o
    0x08000714   0x000000d0   Code   RO          345    .text               key.o
    0x080007e4   0x00000160   Code   RO          364    .text               time.o
    0x08000944   0x000002c0   Code   RO          384    .text               mpu6050.o
    0x08000c04   0x000001fc   Code   RO          397    .text               mpuiic.o
    0x08000e00   0x00001a04   Code   RO          410    .text               inv_mpu.o
    0x08002804   0x00000a4c   Code   RO          437    .text               inv_mpu_dmp_motion_driver.o
    0x08003250   0x00000164   Code   RO          453    .text               encoder.o
    0x080033b4   0x000003dc   Code   RO          466    .text               moto.o
    0x08003790   0x000001a4   Code   RO          493    .text               pwm.o
    0x08003934   0x000001ac   Code   RO          506    .text               pid.o
    0x08003ae0   0x0000092c   Code   RO          524    .text               debug.o
    0x0800440c   0x000001f4   Code   RO          545    .text               adc.o
    0x08004600   0x00000378   Code   RO          565    .text               voice.o
    0x08004978   0x00000184   Code   RO          584    .text               bluetooth.o
    0x08004afc   0x00000030   Code   RO          603    .text               flash_data.o
    0x08004b2c   0x0000002a   Code   RO          615    .text               watch_dog.o
    0x08004b56   0x00000002   PAD
    0x08004b58   0x000000f4   Code   RO          634    .text               ui.o
    0x08004c4c   0x000000d8   Code   RO          652    .text               delay.o
    0x08004d24   0x00000024   Code   RO          706    .text               startup_stm32f10x_hd.o
    0x08004d48   0x000000b0   Code   RO          710    .text               misc.o
    0x08004df8   0x00000264   Code   RO          722    .text               stm32f10x_gpio.o
    0x0800505c   0x000002b8   Code   RO          734    .text               stm32f10x_rcc.o
    0x08005314   0x00000328   Code   RO          748    .text               stm32f10x_usart.o
    0x0800563c   0x000000e8   Code   RO          760    .text               stm32f10x_exti.o
    0x08005724   0x00000af0   Code   RO          772    .text               stm32f10x_tim.o
    0x08006214   0x00000330   Code   RO          785    .text               stm32f10x_adc.o
    0x08006544   0x00000480   Code   RO          797    .text               stm32f10x_flash.o
    0x080069c4   0x0000003c   Code   RO          810    .text               stm32f10x_iwdg.o
    0x08006a00   0x00000088   Code   RO          874    .text               list.o
    0x08006a88   0x00000aac   Code   RO          886    .text               queue.o
    0x08007534   0x00001460   Code   RO          908    .text               tasks.o
    0x08008994   0x00000518   Code   RO          944    .text               timers.o
    0x08008eac   0x000001f8   Code   RO          960    .text               port.o
    0x080090a4   0x00000214   Code   RO          990    .text               heap_4.o
    0x080092b8   0x00000062   Code   RO         1026    .text               mc_w.l(ldiv.o)
    0x0800931a   0x00000024   Code   RO         1028    .text               mc_w.l(memcpya.o)
    0x0800933e   0x00000024   Code   RO         1030    .text               mc_w.l(memseta.o)
    0x08009362   0x0000000e   Code   RO         1032    .text               mc_w.l(strlen.o)
    0x08009370   0x0000001a   Code   RO         1034    .text               mc_w.l(memcmp.o)
    0x0800938a   0x00000012   Code   RO         1036    .text               mc_w.l(strcpy.o)
    0x0800939c   0x000000b0   Code   RO         1301    .text               mf_w.l(fadd.o)
    0x0800944c   0x00000064   Code   RO         1303    .text               mf_w.l(fmul.o)
    0x080094b0   0x0000007c   Code   RO         1305    .text               mf_w.l(fdiv.o)
    0x0800952c   0x00000018   Code   RO         1307    .text               mf_w.l(fscalb.o)
    0x08009544   0x0000014e   Code   RO         1309    .text               mf_w.l(dadd.o)
    0x08009692   0x000000e4   Code   RO         1311    .text               mf_w.l(dmul.o)
    0x08009776   0x000000de   Code   RO         1313    .text               mf_w.l(ddiv.o)
    0x08009854   0x00000012   Code   RO         1315    .text               mf_w.l(fflti.o)
    0x08009866   0x0000000a   Code   RO         1317    .text               mf_w.l(ffltui.o)
    0x08009870   0x00000022   Code   RO         1319    .text               mf_w.l(dflti.o)
    0x08009892   0x0000001a   Code   RO         1321    .text               mf_w.l(dfltui.o)
    0x080098ac   0x00000032   Code   RO         1323    .text               mf_w.l(ffixi.o)
    0x080098de   0x00000028   Code   RO         1325    .text               mf_w.l(ffixui.o)
    0x08009906   0x0000003e   Code   RO         1327    .text               mf_w.l(dfixi.o)
    0x08009944   0x00000032   Code   RO         1329    .text               mf_w.l(dfixui.o)
    0x08009976   0x00000026   Code   RO         1331    .text               mf_w.l(f2d.o)
    0x0800999c   0x00000038   Code   RO         1333    .text               mf_w.l(d2f.o)
    0x080099d4   0x00000014   Code   RO         1335    .text               mf_w.l(cfcmple.o)
    0x080099e8   0x00000014   Code   RO         1337    .text               mf_w.l(cfrcmple.o)
    0x080099fc   0x00000062   Code   RO         1395    .text               mc_w.l(uldiv.o)
    0x08009a5e   0x0000001e   Code   RO         1397    .text               mc_w.l(llshl.o)
    0x08009a7c   0x00000020   Code   RO         1399    .text               mc_w.l(llushr.o)
    0x08009a9c   0x00000024   Code   RO         1401    .text               mc_w.l(llsshr.o)
    0x08009ac0   0x00000000   Code   RO         1410    .text               mc_w.l(iusefp.o)
    0x08009ac0   0x0000006e   Code   RO         1411    .text               mf_w.l(fepilogue.o)
    0x08009b2e   0x000000ba   Code   RO         1413    .text               mf_w.l(depilogue.o)
    0x08009be8   0x0000002e   Code   RO         1415    .text               mf_w.l(dscalb.o)
    0x08009c16   0x00000002   PAD
    0x08009c18   0x00000024   Code   RO         1421    .text               mc_w.l(init.o)
    0x08009c3c   0x00000000   Code   RO         1423    .text               mc_w.l(semi.o)
    0x08009c3c   0x00000000   Code   RO         1424    .text               mc_w.l(iusesemip.o)
    0x08009c3c   0x000000a2   Code   RO         1425    .text               mf_w.l(dsqrt.o)
    0x08009cde   0x00000056   Code   RO         1437    .text               mc_w.l(__dczerorl2.o)
    0x08009d34   0x00000020   Code   RO         1247    i.__0printf$8       mc_w.l(printf8.o)
    0x08009d54   0x00000028   Code   RO         1249    i.__0sprintf$8      mc_w.l(printf8.o)
    0x08009d7c   0x00000028   Code   RO         1363    i.__ARM_fpclassify  m_ws.l(fpclassify.o)
    0x08009da4   0x000000aa   Code   RO         1365    i.__kernel_poly     m_ws.l(poly.o)
    0x08009e4e   0x00000006   Code   RO         1350    i.__mathlib_dbl_infnan  m_ws.l(dunder.o)
    0x08009e54   0x00000004   Code   RO         1351    i.__mathlib_dbl_infnan2  m_ws.l(dunder.o)
    0x08009e58   0x0000000c   Code   RO         1352    i.__mathlib_dbl_invalid  m_ws.l(dunder.o)
    0x08009e64   0x00000010   Code   RO         1355    i.__mathlib_dbl_underflow  m_ws.l(dunder.o)
    0x08009e74   0x0000000e   Code   RO         1431    i.__scatterload_copy  mc_w.l(handlers.o)
    0x08009e82   0x00000002   Code   RO         1432    i.__scatterload_null  mc_w.l(handlers.o)
    0x08009e84   0x0000000e   Code   RO         1433    i.__scatterload_zeroinit  mc_w.l(handlers.o)
    0x08009e92   0x00000002   PAD
    0x08009e94   0x0000000c   Code   RO         1405    i.__set_errno       mc_w.l(errno.o)
    0x08009ea0   0x00000410   Code   RO         1254    i._printf_core      mc_w.l(printf8.o)
    0x0800a2b0   0x00000024   Code   RO         1255    i._printf_post_padding  mc_w.l(printf8.o)
    0x0800a2d4   0x0000002e   Code   RO         1256    i._printf_pre_padding  mc_w.l(printf8.o)
    0x0800a302   0x0000000a   Code   RO         1258    i._sputc            mc_w.l(printf8.o)
    0x0800a30c   0x00000270   Code   RO         1006    i.asin              m_ws.l(asin.o)
    0x0800a57c   0x00000220   Code   RO         1340    i.atan              m_ws.l(atan.o)
    0x0800a79c   0x00000180   Code   RO         1016    i.atan2             m_ws.l(atan2.o)
    0x0800a91c   0x00000012   Code   RO         1390    i.fputc             mc_w.l(fputc.o)
    0x0800a92e   0x0000004c   Code   RO         1369    i.sqrt              m_ws.l(sqrt.o)
    0x0800a97a   0x0000001b   Data   RO          411    .constdata          inv_mpu.o
    0x0800a995   0x00000001   PAD
    0x0800a996   0x0000000c   Data   RO          412    .constdata          inv_mpu.o
    0x0800a9a2   0x00000002   PAD
    0x0800a9a4   0x00000028   Data   RO          413    .constdata          inv_mpu.o
    0x0800a9cc   0x00000bf6   Data   RO          439    .constdata          inv_mpu_dmp_motion_driver.o
    0x0800b5c2   0x00000200   Data   RO          526    .constdata          debug.o
    0x0800b7c2   0x00000006   PAD
    0x0800b7c8   0x00000050   Data   RO         1007    .constdata          m_ws.l(asin.o)
    0x0800b818   0x00000098   Data   RO         1341    .constdata          m_ws.l(atan.o)
    0x0800b8b0   0x00000008   Data   RO         1367    .constdata          m_ws.l(qnan.o)
    0x0800b8b8   0x0000004d   Data   RO          414    .conststring        inv_mpu.o
    0x0800b905   0x00000003   PAD
    0x0800b908   0x00000020   Data   RO         1429    Region$$Table       anon$$obj.o


    Execution Region RW_IRAM1 (Base: 0x20000000, Size: 0x00005b00, Max: 0x00010000, ABSOLUTE, COMPRESSED[0x00000054])

    Base Addr    Size         Type   Attr      Idx    E Section Name        Object

    0x20000000   0x00000014   Data   RW          275    .data               system_stm32f10x.o
    0x20000014   0x00000008   Data   RW          306    .data               pbdata.o
    0x2000001c   0x0000001c   Data   RW          328    .data               my_task.o
    0x20000038   0x00000010   Data   RW          365    .data               time.o
    0x20000048   0x00000035   Data   RW          415    .data               inv_mpu.o
    0x2000007d   0x00000003   PAD
    0x20000080   0x00000094   Data   RW          468    .data               moto.o
    0x20000114   0x00000008   Data   RW          527    .data               debug.o
    0x2000011c   0x0000000c   Data   RW          546    .data               adc.o
    0x20000128   0x00000001   Data   RW          566    .data               voice.o
    0x20000129   0x0000000e   Data   RW          585    .data               bluetooth.o
    0x20000137   0x00000006   Data   RW          635    .data               ui.o
    0x2000013d   0x00000001   PAD
    0x2000013e   0x00000004   Data   RW          653    .data               delay.o
    0x20000142   0x00000014   Data   RW          735    .data               stm32f10x_rcc.o
    0x20000156   0x00000002   PAD
    0x20000158   0x00000044   Data   RW          910    .data               tasks.o
    0x2000019c   0x00000014   Data   RW          946    .data               timers.o
    0x200001b0   0x0000000c   Data   RW          961    .data               port.o
    0x200001bc   0x00000018   Data   RW          992    .data               heap_4.o
    0x200001d4   0x00000004   Data   RW         1392    .data               mc_w.l(stdout.o)
    0x200001d8   0x00000004   Data   RW         1406    .data               mc_w.l(errno.o)
    0x200001dc   0x00000010   Zero   RW          438    .bss                inv_mpu_dmp_motion_driver.o
    0x200001ec   0x00000050   Zero   RW          467    .bss                moto.o
    0x2000023c   0x0000006c   Zero   RW          507    .bss                pid.o
    0x200002a8   0x00000108   Zero   RW          525    .bss                debug.o
    0x200003b0   0x00000040   Zero   RW          887    .bss                queue.o
    0x200003f0   0x000002e4   Zero   RW          909    .bss                tasks.o
    0x200006d4   0x00000028   Zero   RW          945    .bss                timers.o
    0x200006fc   0x00005000   Zero   RW          991    .bss                heap_4.o
    0x200056fc   0x00000004   PAD
    0x20005700   0x00000400   Zero   RW          703    STACK               startup_stm32f10x_hd.o


==============================================================================

Image component sizes


      Code (inc. data)   RO Data    RW Data    ZI Data      Debug   Object Name

       500         60          0         12          0       2309   adc.o
       388         14          0         14          0       2829   bluetooth.o
      2348         82        512          8        264       9819   debug.o
       216         12          0          4          0       1609   delay.o
       356         18          0          0          0       1974   encoder.o
         0          0          0          0          0      11728   event_groups.o
        48          4          0          0          0        715   flash_data.o
       532         66          0         24      20480       3396   heap_4.o
      6660        182        156         53          0      24479   inv_mpu.o
      2636        118       3062          0         16      15129   inv_mpu_dmp_motion_driver.o
       208          4          0          0          0       1585   key.o
        64          4          0          0          0       1032   led.o
       136          0          0          0          0       1790   list.o
        18          0          0          0          0     281851   main.o
       176         14          0          0          0       1885   misc.o
       988         50          0        148         80       5468   moto.o
       704         16          0          0          0       4277   mpu6050.o
       508          8          0          0          0       2720   mpuiic.o
       364         92          0         28          0       2396   my_task.o
       536        108          0          8          0       2068   pbdata.o
       428         26          0          0        108       2806   pid.o
       654         94          0         12          0       7653   port.o
       420         18          0          0          0       1705   pwm.o
      2732         52          0          0         64      19516   queue.o
        36          8        304          0       1024        772   startup_stm32f10x_hd.o
       816         24          0          0          0      11337   stm32f10x_adc.o
       232          8          0          0          0       2391   stm32f10x_exti.o
      1152         22          0          0          0       9240   stm32f10x_flash.o
       612         36          0          0          0       6013   stm32f10x_gpio.o
        12          0          0          0          0        879   stm32f10x_it.o
        60          6          0          0          0       1301   stm32f10x_iwdg.o
       696         32          0         20          0       8984   stm32f10x_rcc.o
      2800         84          0          0          0      23950   stm32f10x_tim.o
       808         22          0          0          0       8876   stm32f10x_usart.o
         0          0          0          0          0         32   sys.o
       344         34          0         20          0       1759   system_stm32f10x.o
      5216        220          0         68        740      34171   tasks.o
       352         10          0         16          0       2742   time.o
      1304        128          0         20         40       9052   timers.o
       244         28          0          6          0       1227   ui.o
       888          8          0          1          0       3089   voice.o
        42          0          0          0          0       1061   watch_dog.o

    ----------------------------------------------------------------------
     37236       1712       4078        468      22820     537615   Object Totals
         0          0         32          0          0          0   (incl. Generated)
         2          0         12          6          4          0   (incl. Padding)

    ----------------------------------------------------------------------

      Code (inc. data)   RO Data    RW Data    ZI Data      Debug   Library Member Name

       624         52         80          0          0        168   asin.o
       544         70        152          0          0        124   atan.o
       384         38          0          0          0        144   atan2.o
        38          6          0          0          0        272   dunder.o
        40          0          0          0          0         68   fpclassify.o
       170          0          0          0          0         96   poly.o
         0          0          8          0          0          0   qnan.o
        76          0          0          0          0         84   sqrt.o
        86          0          0          0          0          0   __dczerorl2.o
         0          0          0          0          0          0   entry.o
         0          0          0          0          0          0   entry10a.o
         0          0          0          0          0          0   entry11a.o
         8          4          0          0          0          0   entry2.o
         4          0          0          0          0          0   entry5.o
         0          0          0          0          0          0   entry7b.o
         0          0          0          0          0          0   entry8b.o
         8          4          0          0          0          0   entry9a.o
        12          6          0          4          0         68   errno.o
        18          0          0          0          0         80   fputc.o
        30          0          0          0          0          0   handlers.o
        36          8          0          0          0         68   init.o
         0          0          0          0          0          0   iusefp.o
         0          0          0          0          0          0   iusesemip.o
        98          0          0          0          0         84   ldiv.o
        30          0          0          0          0         68   llshl.o
        36          0          0          0          0         68   llsshr.o
        32          0          0          0          0         68   llushr.o
        26          0          0          0          0         80   memcmp.o
        36          0          0          0          0         68   memcpya.o
        36          0          0          0          0        108   memseta.o
      1204         60          0          0          0        504   printf8.o
         0          0          0          0          0          0   semi.o
         0          0          0          4          0          0   stdout.o
        18          0          0          0          0         68   strcpy.o
        14          0          0          0          0         68   strlen.o
        98          0          0          0          0         92   uldiv.o
        20          0          0          0          0         68   cfcmple.o
        20          0          0          0          0         68   cfrcmple.o
        56          0          0          0          0         88   d2f.o
       334          0          0          0          0        148   dadd.o
       222          0          0          0          0        100   ddiv.o
       186          0          0          0          0        176   depilogue.o
        62          0          0          0          0         80   dfixi.o
        50          0          0          0          0         76   dfixui.o
        34          0          0          0          0         76   dflti.o
        26          0          0          0          0         76   dfltui.o
       228          0          0          0          0         96   dmul.o
        46          0          0          0          0         80   dscalb.o
       162          0          0          0          0        100   dsqrt.o
        38          0          0          0          0         68   f2d.o
       176          0          0          0          0        140   fadd.o
       124          0          0          0          0         88   fdiv.o
       110          0          0          0          0        168   fepilogue.o
        50          0          0          0          0         68   ffixi.o
        40          0          0          0          0         68   ffixui.o
        18          0          0          0          0         68   fflti.o
        10          0          0          0          0         68   ffltui.o
       100          0          0          0          0         76   fmul.o
        24          0          0          0          0         68   fscalb.o

    ----------------------------------------------------------------------
      5846        248        240          8          0       4560   Library Totals
         4          0          0          0          0          0   (incl. Padding)

    ----------------------------------------------------------------------

      Code (inc. data)   RO Data    RW Data    ZI Data      Debug   Library Name

      1876        166        240          0          0        956   m_ws.l
      1830         82          0          8          0       1492   mc_w.l
      2136          0          0          0          0       2112   mf_w.l

    ----------------------------------------------------------------------
      5846        248        240          8          0       4560   Library Totals

    ----------------------------------------------------------------------

==============================================================================


      Code (inc. data)   RO Data    RW Data    ZI Data      Debug   

     43082       1960       4318        476      22820     534763   Grand Totals
     43082       1960       4318         84      22820     534763   ELF Image Totals (compressed)
     43082       1960       4318         84          0          0   ROM Totals

==============================================================================

    Total RO  Size (Code + RO Data)                47400 (  46.29kB)
    Total RW  Size (RW Data + ZI Data)             23296 (  22.75kB)
    Total ROM Size (Code + RO Data + RW Data)      47484 (  46.37kB)

==============================================================================

